Archive member included to satisfy reference by file (symbol)

D:/STM32Cube/STM32CubeIDE_1.17.0/STM32CubeIDE/plugins/com.st.stm32cube.ide.mcu.externaltools.gnu-tools-for-stm32.12.3.rel1.win32_1.1.0.202410251130/tools/bin/../lib/gcc/arm-none-eabi/12.3.1/../../../../arm-none-eabi/lib/thumb/v7e-m+dp/hard\libc_nano.a(libc_a-exit.o)
                              D:/STM32Cube/STM32CubeIDE_1.17.0/STM32CubeIDE/plugins/com.st.stm32cube.ide.mcu.externaltools.gnu-tools-for-stm32.12.3.rel1.win32_1.1.0.202410251130/tools/bin/../lib/gcc/arm-none-eabi/12.3.1/../../../../arm-none-eabi/lib/thumb/v7e-m+dp/hard/crt0.o (exit)
D:/STM32Cube/STM32CubeIDE_1.17.0/STM32CubeIDE/plugins/com.st.stm32cube.ide.mcu.externaltools.gnu-tools-for-stm32.12.3.rel1.win32_1.1.0.202410251130/tools/bin/../lib/gcc/arm-none-eabi/12.3.1/../../../../arm-none-eabi/lib/thumb/v7e-m+dp/hard\libc_nano.a(libc_a-malloc.o)
                              ./Middlewares/ST/STM32_USB_Device_Library/Class/CDC/Src/usbd_cdc.o (malloc)
D:/STM32Cube/STM32CubeIDE_1.17.0/STM32CubeIDE/plugins/com.st.stm32cube.ide.mcu.externaltools.gnu-tools-for-stm32.12.3.rel1.win32_1.1.0.202410251130/tools/bin/../lib/gcc/arm-none-eabi/12.3.1/../../../../arm-none-eabi/lib/thumb/v7e-m+dp/hard\libc_nano.a(libc_a-mallocr.o)
                              D:/STM32Cube/STM32CubeIDE_1.17.0/STM32CubeIDE/plugins/com.st.stm32cube.ide.mcu.externaltools.gnu-tools-for-stm32.12.3.rel1.win32_1.1.0.202410251130/tools/bin/../lib/gcc/arm-none-eabi/12.3.1/../../../../arm-none-eabi/lib/thumb/v7e-m+dp/hard\libc_nano.a(libc_a-malloc.o) (_malloc_r)
D:/STM32Cube/STM32CubeIDE_1.17.0/STM32CubeIDE/plugins/com.st.stm32cube.ide.mcu.externaltools.gnu-tools-for-stm32.12.3.rel1.win32_1.1.0.202410251130/tools/bin/../lib/gcc/arm-none-eabi/12.3.1/../../../../arm-none-eabi/lib/thumb/v7e-m+dp/hard\libc_nano.a(libc_a-mlock.o)
                              D:/STM32Cube/STM32CubeIDE_1.17.0/STM32CubeIDE/plugins/com.st.stm32cube.ide.mcu.externaltools.gnu-tools-for-stm32.12.3.rel1.win32_1.1.0.202410251130/tools/bin/../lib/gcc/arm-none-eabi/12.3.1/../../../../arm-none-eabi/lib/thumb/v7e-m+dp/hard\libc_nano.a(libc_a-mallocr.o) (__malloc_lock)
D:/STM32Cube/STM32CubeIDE_1.17.0/STM32CubeIDE/plugins/com.st.stm32cube.ide.mcu.externaltools.gnu-tools-for-stm32.12.3.rel1.win32_1.1.0.202410251130/tools/bin/../lib/gcc/arm-none-eabi/12.3.1/../../../../arm-none-eabi/lib/thumb/v7e-m+dp/hard\libc_nano.a(libc_a-findfp.o)
                              D:/STM32Cube/STM32CubeIDE_1.17.0/STM32CubeIDE/plugins/com.st.stm32cube.ide.mcu.externaltools.gnu-tools-for-stm32.12.3.rel1.win32_1.1.0.202410251130/tools/bin/../lib/gcc/arm-none-eabi/12.3.1/../../../../arm-none-eabi/lib/thumb/v7e-m+dp/hard\libc_nano.a(libc_a-exit.o) (__stdio_exit_handler)
D:/STM32Cube/STM32CubeIDE_1.17.0/STM32CubeIDE/plugins/com.st.stm32cube.ide.mcu.externaltools.gnu-tools-for-stm32.12.3.rel1.win32_1.1.0.202410251130/tools/bin/../lib/gcc/arm-none-eabi/12.3.1/../../../../arm-none-eabi/lib/thumb/v7e-m+dp/hard\libc_nano.a(libc_a-fwalk.o)
                              D:/STM32Cube/STM32CubeIDE_1.17.0/STM32CubeIDE/plugins/com.st.stm32cube.ide.mcu.externaltools.gnu-tools-for-stm32.12.3.rel1.win32_1.1.0.202410251130/tools/bin/../lib/gcc/arm-none-eabi/12.3.1/../../../../arm-none-eabi/lib/thumb/v7e-m+dp/hard\libc_nano.a(libc_a-findfp.o) (_fwalk_sglue)
D:/STM32Cube/STM32CubeIDE_1.17.0/STM32CubeIDE/plugins/com.st.stm32cube.ide.mcu.externaltools.gnu-tools-for-stm32.12.3.rel1.win32_1.1.0.202410251130/tools/bin/../lib/gcc/arm-none-eabi/12.3.1/../../../../arm-none-eabi/lib/thumb/v7e-m+dp/hard\libc_nano.a(libc_a-stdio.o)
                              D:/STM32Cube/STM32CubeIDE_1.17.0/STM32CubeIDE/plugins/com.st.stm32cube.ide.mcu.externaltools.gnu-tools-for-stm32.12.3.rel1.win32_1.1.0.202410251130/tools/bin/../lib/gcc/arm-none-eabi/12.3.1/../../../../arm-none-eabi/lib/thumb/v7e-m+dp/hard\libc_nano.a(libc_a-findfp.o) (__sread)
D:/STM32Cube/STM32CubeIDE_1.17.0/STM32CubeIDE/plugins/com.st.stm32cube.ide.mcu.externaltools.gnu-tools-for-stm32.12.3.rel1.win32_1.1.0.202410251130/tools/bin/../lib/gcc/arm-none-eabi/12.3.1/../../../../arm-none-eabi/lib/thumb/v7e-m+dp/hard\libc_nano.a(libc_a-memset.o)
                              D:/STM32Cube/STM32CubeIDE_1.17.0/STM32CubeIDE/plugins/com.st.stm32cube.ide.mcu.externaltools.gnu-tools-for-stm32.12.3.rel1.win32_1.1.0.202410251130/tools/bin/../lib/gcc/arm-none-eabi/12.3.1/../../../../arm-none-eabi/lib/thumb/v7e-m+dp/hard/crt0.o (memset)
D:/STM32Cube/STM32CubeIDE_1.17.0/STM32CubeIDE/plugins/com.st.stm32cube.ide.mcu.externaltools.gnu-tools-for-stm32.12.3.rel1.win32_1.1.0.202410251130/tools/bin/../lib/gcc/arm-none-eabi/12.3.1/../../../../arm-none-eabi/lib/thumb/v7e-m+dp/hard\libc_nano.a(libc_a-closer.o)
[...]
Memory Configuration

Name             Origin             Length             Attributes
RAM              0x20000000         0x00080000         xrw
FLASH            0x08000000         0x00200000         xr
*default*        0x00000000         0xffffffff

Linker script and memory map

LOAD D:/STM32Cube/STM32CubeIDE_1.17.0/STM32CubeIDE/plugins/com.st.stm32cube.ide.mcu.externaltools.gnu-tools-for-stm32.12.3.rel1.win32_1.1.0.202410251130/tools/bin/../lib/gcc/arm-none-eabi/12.3.1/thumb/v7e-m+dp/hard/crti.o
LOAD D:/STM32Cube/STM32CubeIDE_1.17.0/STM32CubeIDE/plugins/com.st.stm32cube.ide.mcu.externaltools.gnu-tools-for-stm32.12.3.rel1.win32_1.1.0.202410251130/tools/bin/../lib/gcc/arm-none-eabi/12.3.1/thumb/v7e-m+dp/hard/crtbegin.o
LOAD D:/STM32Cube/STM32CubeIDE_1.17.0/STM32CubeIDE/plugins/com.st.stm32cube.ide.mcu.externaltools.gnu-tools-for-stm32.12.3.rel1.win32_1.1.0.202410251130/tools/bin/../lib/gcc/arm-none-eabi/12.3.1/../../../../arm-none-eabi/lib/thumb/v7e-m+dp/hard/crt0.o
LOAD ./Core/Src/main.o
LOAD ./Core/Src/stm32f7xx_hal_msp.o
LOAD ./Core/Src/stm32f7xx_it.o
LOAD ./Core/Src/syscalls.o
LOAD ./Core/Src/sysmem.o
LOAD ./Core/Src/system_stm32f7xx.o
LOAD ./Core/Startup/startup_stm32f767zitx.o
LOAD ./Drivers/STM32F7xx_HAL_Driver/Src/stm32f7xx_hal.o
LOAD ./Drivers/STM32F7xx_HAL_Driver/Src/stm32f7xx_hal_adc.o
LOAD ./Drivers/STM32F7xx_HAL_Driver/Src/stm32f7xx_hal_adc_ex.o
LOAD ./Drivers/STM32F7xx_HAL_Driver/Src/stm32f7xx_hal_cortex.o
LOAD ./Drivers/STM32F7xx_HAL_Driver/Src/stm32f7xx_hal_dma.o
LOAD ./Drivers/STM32F7xx_HAL_Driver/Src/stm32f7xx_hal_dma_ex.o
LOAD ./Drivers/STM32F7xx_HAL_Driver/Src/stm32f7xx_hal_eth.o
LOAD ./Drivers/STM32F7xx_HAL_Driver/Src/stm32f7xx_hal_exti.o
LOAD ./Drivers/STM32F7xx_HAL_Driver/Src/stm32f7xx_hal_flash.o
LOAD ./Drivers/STM32F7xx_HAL_Driver/Src/stm32f7xx_hal_flash_ex.o
LOAD ./Drivers/STM32F7xx_HAL_Driver/Src/stm32f7xx_hal_gpio.o
LOAD ./Drivers/STM32F7xx_HAL_Driver/Src/stm32f7xx_hal_i2c.o
LOAD ./Drivers/STM32F7xx_HAL_Driver/Src/stm32f7xx_hal_i2c_ex.o
LOAD ./Drivers/STM32F7xx_HAL_Driver/Src/stm32f7xx_hal_pcd.o
LOAD ./Drivers/STM32F7xx_HAL_Driver/Src/stm32f7xx_hal_pcd_ex.o
LOAD ./Drivers/STM32F7xx_HAL_Driver/Src/stm32f7xx_hal_pwr.o
LOAD ./Drivers/STM32F7xx_HAL_Driver/Src/stm32f7xx_hal_pwr_ex.o
LOAD ./Drivers/STM32F7xx_HAL_Driver/Src/stm32f7xx_hal_rcc.o
LOAD ./Drivers/STM32F7xx_HAL_Driver/Src/stm32f7xx_hal_rcc_ex.o
LOAD ./Drivers/STM32F7xx_HAL_Driver/Src/stm32f7xx_hal_tim.o
LOAD ./Drivers/STM32F7xx_HAL_Driver/Src/stm32f7xx_hal_tim_ex.o
LOAD ./Drivers/STM32F7xx_HAL_Driver/Src/stm32f7xx_hal_uart.o
LOAD ./Drivers/STM32F7xx_HAL_Driver/Src/stm32f7xx_hal_uart_ex.o
LOAD ./Drivers/STM32F7xx_HAL_Driver/Src/stm32f7xx_ll_usb.o
LOAD ./Middlewares/ST/STM32_USB_Device_Library/Class/CDC/Src/usbd_cdc.o
LOAD ./Middlewares/ST/STM32_USB_Device_Library/Core/Src/usbd_core.o
LOAD ./Middlewares/ST/STM32_USB_Device_Library/Core/Src/usbd_ctlreq.o
LOAD ./Middlewares/ST/STM32_USB_Device_Library/Core/Src/usbd_ioreq.o
LOAD ./USB_DEVICE/App/usb_device.o
LOAD ./USB_DEVICE/App/usbd_cdc_if.o
LOAD ./USB_DEVICE/App/usbd_desc.o
LOAD ./USB_DEVICE/Target/usbd_conf.o
START GROUP
LOAD D:/STM32Cube/STM32CubeIDE_1.17.0/STM32CubeIDE/plugins/com.st.stm32cube.ide.mcu.externaltools.gnu-tools-for-stm32.12.3.rel1.win32_1.1.0.202410251130/tools/bin/../lib/gcc/arm-none-eabi/12.3.1/../../../../arm-none-eabi/lib/thumb/v7e-m+dp/hard\libc_nano.a
LOAD D:/STM32Cube/STM32CubeIDE_1.17.0/STM32CubeIDE/plugins/com.st.stm32cube.ide.mcu.externaltools.gnu-tools-for-stm32.12.3.rel1.win32_1.1.0.202410251130/tools/bin/../lib/gcc/arm-none-eabi/12.3.1/../../../../arm-none-eabi/lib/thumb/v7e-m+dp/hard\libm.a
END GROUP
START GROUP
LOAD D:/STM32Cube/STM32CubeIDE_1.17.0/STM32CubeIDE/plugins/com.st.stm32cube.ide.mcu.externaltools.gnu-tools-for-stm32.12.3.rel1.win32_1.1.0.202410251130/tools/bin/../lib/gcc/arm-none-eabi/12.3.1/thumb/v7e-m+dp/hard\libgcc.a
LOAD D:/STM32Cube/STM32CubeIDE_1.17.0/STM32CubeIDE/plugins/com.st.stm32cube.ide.mcu.externaltools.gnu-tools-for-stm32.12.3.rel1.win32_1.1.0.202410251130/tools/bin/../lib/gcc/arm-none-eabi/12.3.1/../../../../arm-none-eabi/lib/thumb/v7e-m+dp/hard\libc_nano.a
END GROUP
START GROUP
LOAD D:/STM32Cube/STM32CubeIDE_1.17.0/STM32CubeIDE/plugins/com.st.stm32cube.ide.mcu.externaltools.gnu-tools-for-stm32.12.3.rel1.win32_1.1.0.202410251130/tools/bin/../lib/gcc/arm-none-eabi/12.3.1/thumb/v7e-m+dp/hard\libgcc.a
LOAD D:/STM32Cube/STM32CubeIDE_1.17.0/STM32CubeIDE/plugins/com.st.stm32cube.ide.mcu.externaltools.gnu-tools-for-stm32.12.3.rel1.win32_1.1.0.202410251130/tools/bin/../lib/gcc/arm-none-eabi/12.3.1/../../../../arm-none-eabi/lib/thumb/v7e-m+dp/hard\libc_nano.a
LOAD D:/STM32Cube/STM32CubeIDE_1.17.0/STM32CubeIDE/plugins/com.st.stm32cube.ide.mcu.externaltools.gnu-tools-for-stm32.12.3.rel1.win32_1.1.0.202410251130/tools/bin/../lib/gcc/arm-none-eabi/12.3.1/../../../../arm-none-eabi/lib/thumb/v7e-m+dp/hard\libnosys.a
END GROUP
START GROUP
LOAD D:/STM32Cube/STM32CubeIDE_1.17.0/STM32CubeIDE/plugins/com.st.stm32cube.ide.mcu.externaltools.gnu-tools-for-stm32.12.3.rel1.win32_1.1.0.202410251130/tools/bin/../lib/gcc/arm-none-eabi/12.3.1/thumb/v7e-m+dp/hard\libgcc.a
LOAD D:/STM32Cube/STM32CubeIDE_1.17.0/STM32CubeIDE/plugins/com.st.stm32cube.ide.mcu.externaltools.gnu-tools-for-stm32.12.3.rel1.win32_1.1.0.202410251130/tools/bin/../lib/gcc/arm-none-eabi/12.3.1/../../../../arm-none-eabi/lib/thumb/v7e-m+dp/hard\libc_nano.a
LOAD D:/STM32Cube/STM32CubeIDE_1.17.0/STM32CubeIDE/plugins/com.st.stm32cube.ide.mcu.externaltools.gnu-tools-for-stm32.12.3.rel1.win32_1.1.0.202410251130/tools/bin/../lib/gcc/arm-none-eabi/12.3.1/../../../../arm-none-eabi/lib/thumb/v7e-m+dp/hard\libnosys.a
END GROUP
LOAD D:/STM32Cube/STM32CubeIDE_1.17.0/STM32CubeIDE/plugins/com.st.stm32cube.ide.mcu.externaltools.gnu-tools-for-stm32.12.3.rel1.win32_1.1.0.202410251130/tools/bin/../lib/gcc/arm-none-eabi/12.3.1/thumb/v7e-m+dp/hard/crtend.o
LOAD D:/STM32Cube/STM32CubeIDE_1.17.0/STM32CubeIDE/plugins/com.st.stm32cube.ide.mcu.externaltools.gnu-tools-for-stm32.12.3.rel1.win32_1.1.0.202410251130/tools/bin/../lib/gcc/arm-none-eabi/12.3.1/thumb/v7e-m+dp/hard/crtn.o
                0x20080000                        _estack = (ORIGIN (RAM) + LENGTH (RAM))
                0x00000200                        _Min_Heap_Size = 0x200
                0x00000400                        _Min_Stack_Size = 0x400

.isr_vector     0x08000000      0x1f8
                0x08000000                        . = ALIGN (0x4)
 *(.isr_vector)
 .isr_vector    0x08000000      0x1f8 ./Core/Startup/startup_stm32f767zitx.o
                0x08000000                g_pfnVectors
                0x080001f8                        . = ALIGN (0x4)

.text           0x080001f8     0xaacc
                0x080001f8                        . = ALIGN (0x4)
 *(.text)
 .text          0x080001f8       0x40 D:/STM32Cube/STM32CubeIDE_1.17.0/STM32CubeIDE/plugins/com.st.stm32cube.ide.mcu.externaltools.gnu-tools-for-stm32.12.3.rel1.win32_1.1.0.202410251130/tools/bin/../lib/gcc/arm-none-eabi/12.3.1/thumb/v7e-m+dp/hard/crtbegin.o
 .text          0x08000238       0x30 D:/STM32Cube/STM32CubeIDE_1.17.0/STM32CubeIDE/plugins/com.st.stm32cube.ide.mcu.externaltools.gnu-tools-for-stm32.12.3.rel1.win32_1.1.0.202410251130/tools/bin/../lib/gcc/arm-none-eabi/12.3.1/thumb/v7e-m+dp/hard\libgcc.a(_aeabi_uldivmod.o)
                0x08000238                __aeabi_uldivmod
 .text          0x08000268      0x2bc D:/STM32Cube/STM32CubeIDE_1.17.0/STM32CubeIDE/plugins/com.st.stm32cube.ide.mcu.externaltools.gnu-tools-for-stm32.12.3.rel1.win32_1.1.0.202410251130/tools/bin/../lib/gcc/arm-none-eabi/12.3.1/thumb/v7e-m+dp/hard\libgcc.a(_udivmoddi4.o)
                0x08000268                __udivmoddi4
 .text          0x08000524        0x4 D:/STM32Cube/STM32CubeIDE_1.17.0/STM32CubeIDE/plugins/com.st.stm32cube.ide.mcu.externaltools.gnu-tools-for-stm32.12.3.rel1.win32_1.1.0.202410251130/tools/bin/../lib/gcc/arm-none-eabi/12.3.1/thumb/v7e-m+dp/hard\libgcc.a(_dvmd_tls.o)
                0x08000524                __aeabi_idiv0
                0x08000524                __aeabi_ldiv0
 *(.text*)
 .text.CDC_Receive_FS_App
                0x08000528       0xc0 ./Core/Src/main.o
                0x08000528                CDC_Receive_FS_App
 .text.main     0x080005e8      0x204 ./Core/Src/main.o
                0x080005e8                main
 .text.SystemClock_Config
                0x080007ec       0xe0 ./Core/Src/main.o
                0x080007ec                SystemClock_Config
 .text.MX_ADC1_Init
                0x080008cc      0x114 ./Core/Src/main.o
 .text.MX_ETH_Init
                0x080009e0       0x9c ./Core/Src/main.o
 .text.MX_TIM2_Init
                0x08000a7c       0x9c ./Core/Src/main.o
 .text.MX_TIM3_Init
                0x08000b18       0x9c ./Core/Src/main.o
 .text.MX_USART3_UART_Init
                0x08000bb4       0x60 ./Core/Src/main.o
 .text.MX_DMA_Init
                0x08000c14       0x3c ./Core/Src/main.o
 .text.MX_GPIO_Init
                0x08000c50      0x144 ./Core/Src/main.o
 .text.Error_Handler
                0x08000d94        0xc ./Core/Src/main.o
                0x08000d94                Error_Handler
 .text.HAL_MspInit
                0x08000da0       0x48 ./Core/Src/stm32f7xx_hal_msp.o
                0x08000da0                HAL_MspInit
 .text.HAL_ADC_MspInit
                0x08000de8       0xe8 ./Core/Src/stm32f7xx_hal_msp.o
                0x08000de8                HAL_ADC_MspInit
 .text.HAL_ETH_MspInit
                0x08000ed0      0x170 ./Core/Src/stm32f7xx_hal_msp.o
                0x08000ed0                HAL_ETH_MspInit
 .text.HAL_TIM_Base_MspInit
                0x08001040       0x80 ./Core/Src/stm32f7xx_hal_msp.o
                0x08001040                HAL_TIM_Base_MspInit
 .text.HAL_UART_MspInit
                0x080010c0       0xc0 ./Core/Src/stm32f7xx_hal_msp.o
                0x080010c0                HAL_UART_MspInit
 .text.NMI_Handler
                0x08001180        0x8 ./Core/Src/stm32f7xx_it.o
                0x08001180                NMI_Handler
 .text.HardFault_Handler
                0x08001188        0x8 ./Core/Src/stm32f7xx_it.o
                0x08001188                HardFault_Handler
 .text.MemManage_Handler
                0x08001190        0x8 ./Core/Src/stm32f7xx_it.o
                0x08001190                MemManage_Handler
 .text.BusFault_Handler
                0x08001198        0x8 ./Core/Src/stm32f7xx_it.o
                0x08001198                BusFault_Handler
 .text.UsageFault_Handler
                0x080011a0        0x8 ./Core/Src/stm32f7xx_it.o
                0x080011a0                UsageFault_Handler
 .text.SVC_Handler
                0x080011a8        0xe ./Core/Src/stm32f7xx_it.o
                0x080011a8                SVC_Handler
 .text.DebugMon_Handler
                0x080011b6        0xe ./Core/Src/stm32f7xx_it.o
                0x080011b6                DebugMon_Handler
 .text.PendSV_Handler
                0x080011c4        0xe ./Core/Src/stm32f7xx_it.o
                0x080011c4                PendSV_Handler
 .text.SysTick_Handler
                0x080011d2        0xc ./Core/Src/stm32f7xx_it.o
                0x080011d2                SysTick_Handler
 *fill*         0x080011de        0x2 
 .text.TIM2_IRQHandler
                0x080011e0       0x14 ./Core/Src/stm32f7xx_it.o
                0x080011e0                TIM2_IRQHandler
 .text.TIM3_IRQHandler
                0x080011f4       0x14 ./Core/Src/stm32f7xx_it.o
                0x080011f4                TIM3_IRQHandler
 .text.DMA2_Stream0_IRQHandler
                0x08001208       0x14 ./Core/Src/stm32f7xx_it.o
                0x08001208                DMA2_Stream0_IRQHandler
 .text.OTG_FS_IRQHandler
                0x0800121c       0x14 ./Core/Src/stm32f7xx_it.o
                0x0800121c                OTG_FS_IRQHandler
 .text.HAL_TIM_PeriodElapsedCallback
                0x08001230      0x1a8 ./Core/Src/stm32f7xx_it.o
                0x08001230                HAL_TIM_PeriodElapsedCallback
 .text._sbrk    0x080013d8       0x6c ./Core/Src/sysmem.o
                0x080013d8                _sbrk
 .text.SystemInit
                0x08001444       0x24 ./Core/Src/system_stm32f7xx.o
                0x08001444                SystemInit
 .text.Reset_Handler
                0x08001468       0x50 ./Core/Startup/startup_stm32f767zitx.o
                0x08001468                Reset_Handler
 .text.Default_Handler
                0x080014b8        0x2 ./Core/Startup/startup_stm32f767zitx.o
                0x080014b8                RTC_Alarm_IRQHandler
                0x080014b8                EXTI2_IRQHandler
                0x080014b8                TIM8_CC_IRQHandler
                0x080014b8                UART8_IRQHandler
                0x080014b8                SPI4_IRQHandler
                0x080014b8                TIM1_CC_IRQHandler
                0x080014b8                DMA2_Stream5_IRQHandler
                0x080014b8                JPEG_IRQHandler
                0x080014b8                DMA1_Stream5_IRQHandler
                0x080014b8                CAN3_RX1_IRQHandler
                0x080014b8                PVD_IRQHandler
                0x080014b8                TAMP_STAMP_IRQHandler
                0x080014b8                CAN2_RX1_IRQHandler
                0x080014b8                EXTI3_IRQHandler
                0x080014b8                TIM8_TRG_COM_TIM14_IRQHandler
                0x080014b8                DFSDM1_FLT1_IRQHandler
                0x080014b8                TIM1_UP_TIM10_IRQHandler
                0x080014b8                TIM8_UP_TIM13_IRQHandler
                0x080014b8                I2C3_ER_IRQHandler
                0x080014b8                DFSDM1_FLT2_IRQHandler
                0x080014b8                EXTI0_IRQHandler
                0x080014b8                I2C2_EV_IRQHandler
                0x080014b8                DMA1_Stream2_IRQHandler
                0x080014b8                CAN1_RX0_IRQHandler
                0x080014b8                FPU_IRQHandler
                0x080014b8                OTG_HS_WKUP_IRQHandler
                0x080014b8                CAN3_SCE_IRQHandler
                0x080014b8                LTDC_ER_IRQHandler
                0x080014b8                CAN2_SCE_IRQHandler
                0x080014b8                DMA2_Stream2_IRQHandler
                0x080014b8                SPI1_IRQHandler
                0x080014b8                TIM6_DAC_IRQHandler
                0x080014b8                TIM1_BRK_TIM9_IRQHandler
                0x080014b8                DCMI_IRQHandler
                0x080014b8                CAN2_RX0_IRQHandler
                0x080014b8                DMA2_Stream3_IRQHandler
                0x080014b8                SAI2_IRQHandler
                0x080014b8                DFSDM1_FLT3_IRQHandler
                0x080014b8                USART6_IRQHandler
                0x080014b8                CAN3_RX0_IRQHandler
                0x080014b8                USART3_IRQHandler
                0x080014b8                CAN1_RX1_IRQHandler
                0x080014b8                UART5_IRQHandler
                0x080014b8                TIM4_IRQHandler
                0x080014b8                QUADSPI_IRQHandler
                0x080014b8                I2C1_EV_IRQHandler
                0x080014b8                DMA1_Stream6_IRQHandler
                0x080014b8                DMA1_Stream1_IRQHandler
                0x080014b8                UART4_IRQHandler
                0x080014b8                RCC_IRQHandler
                0x080014b8                TIM8_BRK_TIM12_IRQHandler
                0x080014b8                Default_Handler
                0x080014b8                CEC_IRQHandler
                0x080014b8                EXTI15_10_IRQHandler
                0x080014b8                ADC_IRQHandler
                0x080014b8                DMA1_Stream7_IRQHandler
                0x080014b8                SPI5_IRQHandler
                0x080014b8                TIM7_IRQHandler
                0x080014b8                SDMMC1_IRQHandler
                0x080014b8                CAN2_TX_IRQHandler
                0x080014b8                TIM5_IRQHandler
                0x080014b8                DMA2_Stream7_IRQHandler
                0x080014b8                I2C3_EV_IRQHandler
                0x080014b8                EXTI9_5_IRQHandler
                0x080014b8                RTC_WKUP_IRQHandler
                0x080014b8                LTDC_IRQHandler
                0x080014b8                ETH_WKUP_IRQHandler
                0x080014b8                SPDIF_RX_IRQHandler
                0x080014b8                SPI2_IRQHandler
                0x080014b8                OTG_HS_EP1_IN_IRQHandler
                0x080014b8                DMA1_Stream0_IRQHandler
                0x080014b8                CAN1_TX_IRQHandler
                0x080014b8                EXTI4_IRQHandler
                0x080014b8                RNG_IRQHandler
                0x080014b8                ETH_IRQHandler
                0x080014b8                OTG_HS_EP1_OUT_IRQHandler
                0x080014b8                WWDG_IRQHandler
                0x080014b8                SPI6_IRQHandler
                0x080014b8                MDIOS_IRQHandler
                0x080014b8                I2C4_EV_IRQHandler
                0x080014b8                CAN3_TX_IRQHandler
                0x080014b8                OTG_FS_WKUP_IRQHandler
                0x080014b8                TIM1_TRG_COM_TIM11_IRQHandler
                0x080014b8                OTG_HS_IRQHandler
                0x080014b8                DMA2D_IRQHandler
                0x080014b8                EXTI1_IRQHandler
                0x080014b8                SDMMC2_IRQHandler
                0x080014b8                UART7_IRQHandler
                0x080014b8                USART2_IRQHandler
                0x080014b8                DFSDM1_FLT0_IRQHandler
                0x080014b8                I2C2_ER_IRQHandler
                0x080014b8                DMA2_Stream1_IRQHandler
                0x080014b8                CAN1_SCE_IRQHandler
                0x080014b8                FLASH_IRQHandler
                0x080014b8                DMA2_Stream4_IRQHandler
                0x080014b8                USART1_IRQHandler
                0x080014b8                SPI3_IRQHandler
                0x080014b8                DMA1_Stream4_IRQHandler
                0x080014b8                I2C1_ER_IRQHandler
                0x080014b8                FMC_IRQHandler
                0x080014b8                LPTIM1_IRQHandler
                0x080014b8                I2C4_ER_IRQHandler
                0x080014b8                DMA2_Stream6_IRQHandler
                0x080014b8                SAI1_IRQHandler
                0x080014b8                DMA1_Stream3_IRQHandler
 .text.HAL_Init
                0x080014ba       0x1a ./Drivers/STM32F7xx_HAL_Driver/Src/stm32f7xx_hal.o
                0x080014ba                HAL_Init
 .text.HAL_InitTick
                0x080014d4       0x60 ./Drivers/STM32F7xx_HAL_Driver/Src/stm32f7xx_hal.o
                0x080014d4                HAL_InitTick
 .text.HAL_IncTick
                0x08001534       0x28 ./Drivers/STM32F7xx_HAL_Driver/Src/stm32f7xx_hal.o
                0x08001534                HAL_IncTick
 .text.HAL_GetTick
                0x0800155c       0x18 ./Drivers/STM32F7xx_HAL_Driver/Src/stm32f7xx_hal.o
                0x0800155c                HAL_GetTick
 .text.HAL_Delay
                0x08001574       0x48 ./Drivers/STM32F7xx_HAL_Driver/Src/stm32f7xx_hal.o
                0x08001574                HAL_Delay
 .text.HAL_ADC_Init
                0x080015bc       0x88 ./Drivers/STM32F7xx_HAL_Driver/Src/stm32f7xx_hal_adc.o
                0x080015bc                HAL_ADC_Init
 .text.HAL_ADC_ConfigChannel
                0x08001644      0x2ac ./Drivers/STM32F7xx_HAL_Driver/Src/stm32f7xx_hal_adc.o
                0x08001644                HAL_ADC_ConfigChannel
 .text.ADC_Init
                0x080018f0      0x1f4 ./Drivers/STM32F7xx_HAL_Driver/Src/stm32f7xx_hal_adc.o
 .text.__NVIC_SetPriorityGrouping
                0x08001ae4       0x48 ./Drivers/STM32F7xx_HAL_Driver/Src/stm32f7xx_hal_cortex.o
 .text.__NVIC_GetPriorityGrouping
                0x08001b2c       0x1c ./Drivers/STM32F7xx_HAL_Driver/Src/stm32f7xx_hal_cortex.o
 .text.__NVIC_EnableIRQ
                0x08001b48       0x3c ./Drivers/STM32F7xx_HAL_Driver/Src/stm32f7xx_hal_cortex.o
 .text.__NVIC_SetPriority
                0x08001b84       0x54 ./Drivers/STM32F7xx_HAL_Driver/Src/stm32f7xx_hal_cortex.o
 .text.NVIC_EncodePriority
                0x08001bd8       0x66 ./Drivers/STM32F7xx_HAL_Driver/Src/stm32f7xx_hal_cortex.o
 *fill*         0x08001c3e        0x2 
 .text.SysTick_Config
                0x08001c40       0x44 ./Drivers/STM32F7xx_HAL_Driver/Src/stm32f7xx_hal_cortex.o
 .text.HAL_NVIC_SetPriorityGrouping
                0x08001c84       0x16 ./Drivers/STM32F7xx_HAL_Driver/Src/stm32f7xx_hal_cortex.o
                0x08001c84                HAL_NVIC_SetPriorityGrouping
 .text.HAL_NVIC_SetPriority
                0x08001c9a       0x38 ./Drivers/STM32F7xx_HAL_Driver/Src/stm32f7xx_hal_cortex.o
                0x08001c9a                HAL_NVIC_SetPriority
 .text.HAL_NVIC_EnableIRQ
                0x08001cd2       0x1c ./Drivers/STM32F7xx_HAL_Driver/Src/stm32f7xx_hal_cortex.o
                0x08001cd2                HAL_NVIC_EnableIRQ
 .text.HAL_SYSTICK_Config
                0x08001cee       0x18 ./Drivers/STM32F7xx_HAL_Driver/Src/stm32f7xx_hal_cortex.o
                0x08001cee                HAL_SYSTICK_Config
 *fill*         0x08001d06        0x2 
 .text.HAL_DMA_Init
                0x08001d08      0x15c ./Drivers/STM32F7xx_HAL_Driver/Src/stm32f7xx_hal_dma.o
                0x08001d08                HAL_DMA_Init
 .text.HAL_DMA_IRQHandler
                0x08001e64      0x314 ./Drivers/STM32F7xx_HAL_Driver/Src/stm32f7xx_hal_dma.o
                0x08001e64                HAL_DMA_IRQHandler
 .text.DMA_CalcBaseAndBitshift
                0x08002178       0x6c ./Drivers/STM32F7xx_HAL_Driver/Src/stm32f7xx_hal_dma.o
 .text.DMA_CheckFifoParam
                0x080021e4       0xf8 ./Drivers/STM32F7xx_HAL_Driver/Src/stm32f7xx_hal_dma.o
 .text.HAL_ETH_Init
                0x080022dc      0x134 ./Drivers/STM32F7xx_HAL_Driver/Src/stm32f7xx_hal_eth.o
                0x080022dc                HAL_ETH_Init
 .text.ETH_SetMACConfig
                0x08002410      0x168 ./Drivers/STM32F7xx_HAL_Driver/Src/stm32f7xx_hal_eth.o
 .text.ETH_SetDMAConfig
                0x08002578      0x114 ./Drivers/STM32F7xx_HAL_Driver/Src/stm32f7xx_hal_eth.o
 .text.ETH_MACDMAConfig
                0x0800268c       0xea ./Drivers/STM32F7xx_HAL_Driver/Src/stm32f7xx_hal_eth.o
 *fill*         0x08002776        0x2 
 .text.ETH_MACAddressConfig
                0x08002778       0x70 ./Drivers/STM32F7xx_HAL_Driver/Src/stm32f7xx_hal_eth.o
 .text.ETH_DMATxDescListInit
                0x080027e8       0xb2 ./Drivers/STM32F7xx_HAL_Driver/Src/stm32f7xx_hal_eth.o
 .text.ETH_DMARxDescListInit
                0x0800289a       0xde ./Drivers/STM32F7xx_HAL_Driver/Src/stm32f7xx_hal_eth.o
 .text.HAL_GPIO_Init
                0x08002978      0x358 ./Drivers/STM32F7xx_HAL_Driver/Src/stm32f7xx_hal_gpio.o
                0x08002978                HAL_GPIO_Init
 .text.HAL_GPIO_WritePin
                0x08002cd0       0x32 ./Drivers/STM32F7xx_HAL_Driver/Src/stm32f7xx_hal_gpio.o
                0x08002cd0                HAL_GPIO_WritePin
 .text.HAL_GPIO_TogglePin
                0x08002d02       0x34 ./Drivers/STM32F7xx_HAL_Driver/Src/stm32f7xx_hal_gpio.o
                0x08002d02                HAL_GPIO_TogglePin
 .text.HAL_PCD_Init
                0x08002d36      0x22c ./Drivers/STM32F7xx_HAL_Driver/Src/stm32f7xx_hal_pcd.o
                0x08002d36                HAL_PCD_Init
 .text.HAL_PCD_Start
                0x08002f62       0x44 ./Drivers/STM32F7xx_HAL_Driver/Src/stm32f7xx_hal_pcd.o
                0x08002f62                HAL_PCD_Start
 .text.HAL_PCD_IRQHandler
                0x08002fa6      0x99c ./Drivers/STM32F7xx_HAL_Driver/Src/stm32f7xx_hal_pcd.o
                0x08002fa6                HAL_PCD_IRQHandler
 .text.HAL_PCD_SetAddress
                0x08003942       0x48 ./Drivers/STM32F7xx_HAL_Driver/Src/stm32f7xx_hal_pcd.o
                0x08003942                HAL_PCD_SetAddress
 .text.HAL_PCD_EP_Open
                0x0800398a       0xd0 ./Drivers/STM32F7xx_HAL_Driver/Src/stm32f7xx_hal_pcd.o
                0x0800398a                HAL_PCD_EP_Open
 .text.HAL_PCD_EP_Close
                0x08003a5a       0x94 ./Drivers/STM32F7xx_HAL_Driver/Src/stm32f7xx_hal_pcd.o
                0x08003a5a                HAL_PCD_EP_Close
 .text.HAL_PCD_EP_Receive
                0x08003aee       0x76 ./Drivers/STM32F7xx_HAL_Driver/Src/stm32f7xx_hal_pcd.o
                0x08003aee                HAL_PCD_EP_Receive
 .text.HAL_PCD_EP_GetRxCount
                0x08003b64       0x30 ./Drivers/STM32F7xx_HAL_Driver/Src/stm32f7xx_hal_pcd.o
                0x08003b64                HAL_PCD_EP_GetRxCount
 .text.HAL_PCD_EP_Transmit
                0x08003b94       0x74 ./Drivers/STM32F7xx_HAL_Driver/Src/stm32f7xx_hal_pcd.o
                0x08003b94                HAL_PCD_EP_Transmit
 .text.HAL_PCD_EP_SetStall
                0x08003c08       0xc6 ./Drivers/STM32F7xx_HAL_Driver/Src/stm32f7xx_hal_pcd.o
                0x08003c08                HAL_PCD_EP_SetStall
 .text.HAL_PCD_EP_ClrStall
                0x08003cce       0xac ./Drivers/STM32F7xx_HAL_Driver/Src/stm32f7xx_hal_pcd.o
                0x08003cce                HAL_PCD_EP_ClrStall
 .text.HAL_PCD_EP_Abort
                0x08003d7a       0x62 ./Drivers/STM32F7xx_HAL_Driver/Src/stm32f7xx_hal_pcd.o
                0x08003d7a                HAL_PCD_EP_Abort
 .text.PCD_WriteEmptyTxFifo
                0x08003ddc      0x118 ./Drivers/STM32F7xx_HAL_Driver/Src/stm32f7xx_hal_pcd.o
 .text.PCD_EP_OutXfrComplete_int
                0x08003ef4      0x1d0 ./Drivers/STM32F7xx_HAL_Driver/Src/stm32f7xx_hal_pcd.o
 .text.PCD_EP_OutSetupPacket_int
                0x080040c4       0x8c ./Drivers/STM32F7xx_HAL_Driver/Src/stm32f7xx_hal_pcd.o
 .text.HAL_PCDEx_SetTxFiFo
                0x08004150       0x8e ./Drivers/STM32F7xx_HAL_Driver/Src/stm32f7xx_hal_pcd_ex.o
                0x08004150                HAL_PCDEx_SetTxFiFo
 .text.HAL_PCDEx_SetRxFiFo
                0x080041de       0x22 ./Drivers/STM32F7xx_HAL_Driver/Src/stm32f7xx_hal_pcd_ex.o
                0x080041de                HAL_PCDEx_SetRxFiFo
 .text.HAL_PCDEx_ActivateLPM
                0x08004200       0x48 ./Drivers/STM32F7xx_HAL_Driver/Src/stm32f7xx_hal_pcd_ex.o
                0x08004200                HAL_PCDEx_ActivateLPM
 .text.HAL_PWR_EnableBkUpAccess
                0x08004248       0x20 ./Drivers/STM32F7xx_HAL_Driver/Src/stm32f7xx_hal_pwr.o
                0x08004248                HAL_PWR_EnableBkUpAccess
 .text.HAL_PWREx_EnableOverDrive
                0x08004268       0xa0 ./Drivers/STM32F7xx_HAL_Driver/Src/stm32f7xx_hal_pwr_ex.o
                0x08004268                HAL_PWREx_EnableOverDrive
 .text.HAL_RCC_OscConfig
                0x08004308      0x55c ./Drivers/STM32F7xx_HAL_Driver/Src/stm32f7xx_hal_rcc.o
                0x08004308                HAL_RCC_OscConfig
 .text.HAL_RCC_ClockConfig
                0x08004864      0x1d8 ./Drivers/STM32F7xx_HAL_Driver/Src/stm32f7xx_hal_rcc.o
                0x08004864                HAL_RCC_ClockConfig
 .text.HAL_RCC_GetSysClockFreq
                0x08004a3c      0x20c ./Drivers/STM32F7xx_HAL_Driver/Src/stm32f7xx_hal_rcc.o
                0x08004a3c                HAL_RCC_GetSysClockFreq
 .text.HAL_RCC_GetHCLKFreq
                0x08004c48       0x18 ./Drivers/STM32F7xx_HAL_Driver/Src/stm32f7xx_hal_rcc.o
                0x08004c48                HAL_RCC_GetHCLKFreq
 .text.HAL_RCC_GetPCLK1Freq
                0x08004c60       0x28 ./Drivers/STM32F7xx_HAL_Driver/Src/stm32f7xx_hal_rcc.o
                0x08004c60                HAL_RCC_GetPCLK1Freq
 .text.HAL_RCC_GetPCLK2Freq
                0x08004c88       0x28 ./Drivers/STM32F7xx_HAL_Driver/Src/stm32f7xx_hal_rcc.o
                0x08004c88                HAL_RCC_GetPCLK2Freq
 .text.HAL_RCCEx_PeriphCLKConfig
                0x08004cb0      0x850 ./Drivers/STM32F7xx_HAL_Driver/Src/stm32f7xx_hal_rcc_ex.o
                0x08004cb0                HAL_RCCEx_PeriphCLKConfig
 .text.HAL_TIM_Base_Init
                0x08005500       0xae ./Drivers/STM32F7xx_HAL_Driver/Src/stm32f7xx_hal_tim.o
                0x08005500                HAL_TIM_Base_Init
 *fill*         0x080055ae        0x2 
 .text.HAL_TIM_Base_Start_IT
                0x080055b0       0xf0 ./Drivers/STM32F7xx_HAL_Driver/Src/stm32f7xx_hal_tim.o
                0x080055b0                HAL_TIM_Base_Start_IT
 .text.HAL_TIM_Base_Stop_IT
                0x080056a0       0x5e ./Drivers/STM32F7xx_HAL_Driver/Src/stm32f7xx_hal_tim.o
                0x080056a0                HAL_TIM_Base_Stop_IT
 .text.HAL_TIM_IRQHandler
                0x080056fe      0x20e ./Drivers/STM32F7xx_HAL_Driver/Src/stm32f7xx_hal_tim.o
                0x080056fe                HAL_TIM_IRQHandler
 .text.HAL_TIM_ConfigClockSource
                0x0800590c      0x194 ./Drivers/STM32F7xx_HAL_Driver/Src/stm32f7xx_hal_tim.o
                0x0800590c                HAL_TIM_ConfigClockSource
 .text.HAL_TIM_OC_DelayElapsedCallback
                0x08005aa0       0x14 ./Drivers/STM32F7xx_HAL_Driver/Src/stm32f7xx_hal_tim.o
                0x08005aa0                HAL_TIM_OC_DelayElapsedCallback
 .text.HAL_TIM_IC_CaptureCallback
                0x08005ab4       0x14 ./Drivers/STM32F7xx_HAL_Driver/Src/stm32f7xx_hal_tim.o
                0x08005ab4                HAL_TIM_IC_CaptureCallback
 .text.HAL_TIM_PWM_PulseFinishedCallback
                0x08005ac8       0x14 ./Drivers/STM32F7xx_HAL_Driver/Src/stm32f7xx_hal_tim.o
                0x08005ac8                HAL_TIM_PWM_PulseFinishedCallback
 .text.HAL_TIM_TriggerCallback
                0x08005adc       0x14 ./Drivers/STM32F7xx_HAL_Driver/Src/stm32f7xx_hal_tim.o
                0x08005adc                HAL_TIM_TriggerCallback
 .text.TIM_Base_SetConfig
                0x08005af0      0x158 ./Drivers/STM32F7xx_HAL_Driver/Src/stm32f7xx_hal_tim.o
                0x08005af0                TIM_Base_SetConfig
 .text.TIM_TI1_ConfigInputStage
                0x08005c48       0x5e ./Drivers/STM32F7xx_HAL_Driver/Src/stm32f7xx_hal_tim.o
 .text.TIM_TI2_ConfigInputStage
                0x08005ca6       0x60 ./Drivers/STM32F7xx_HAL_Driver/Src/stm32f7xx_hal_tim.o
 .text.TIM_ITRx_SetConfig
                0x08005d06       0x36 ./Drivers/STM32F7xx_HAL_Driver/Src/stm32f7xx_hal_tim.o
 .text.TIM_ETR_SetConfig
                0x08005d3c       0x40 ./Drivers/STM32F7xx_HAL_Driver/Src/stm32f7xx_hal_tim.o
                0x08005d3c                TIM_ETR_SetConfig
 .text.HAL_TIMEx_MasterConfigSynchronization
                0x08005d7c      0x11c ./Drivers/STM32F7xx_HAL_Driver/Src/stm32f7xx_hal_tim_ex.o
                0x08005d7c                HAL_TIMEx_MasterConfigSynchronization
 .text.HAL_TIMEx_CommutCallback
                0x08005e98       0x14 ./Drivers/STM32F7xx_HAL_Driver/Src/stm32f7xx_hal_tim_ex.o
                0x08005e98                HAL_TIMEx_CommutCallback
 .text.HAL_TIMEx_BreakCallback
                0x08005eac       0x14 ./Drivers/STM32F7xx_HAL_Driver/Src/stm32f7xx_hal_tim_ex.o
                0x08005eac                HAL_TIMEx_BreakCallback
 .text.HAL_TIMEx_Break2Callback
                0x08005ec0       0x14 ./Drivers/STM32F7xx_HAL_Driver/Src/stm32f7xx_hal_tim_ex.o
                0x08005ec0                HAL_TIMEx_Break2Callback
 .text.HAL_UART_Init
                0x08005ed4       0x9c ./Drivers/STM32F7xx_HAL_Driver/Src/stm32f7xx_hal_uart.o
                0x08005ed4                HAL_UART_Init
 .text.UART_SetConfig
                0x08005f70      0x4c8 ./Drivers/STM32F7xx_HAL_Driver/Src/stm32f7xx_hal_uart.o
                0x08005f70                UART_SetConfig
 .text.UART_AdvFeatureConfig
                0x08006438      0x144 ./Drivers/STM32F7xx_HAL_Driver/Src/stm32f7xx_hal_uart.o
                0x08006438                UART_AdvFeatureConfig
 .text.UART_CheckIdleState
                0x0800657c      0x150 ./Drivers/STM32F7xx_HAL_Driver/Src/stm32f7xx_hal_uart.o
                0x0800657c                UART_CheckIdleState
 .text.UART_WaitOnFlagUntilTimeout
                0x080066cc       0xda ./Drivers/STM32F7xx_HAL_Driver/Src/stm32f7xx_hal_uart.o
                0x080066cc                UART_WaitOnFlagUntilTimeout
 .text.UART_EndRxTransfer
                0x080067a6       0xc8 ./Drivers/STM32F7xx_HAL_Driver/Src/stm32f7xx_hal_uart.o
 *fill*         0x0800686e        0x2 
 .text.USB_CoreInit
                0x08006870       0xb4 ./Drivers/STM32F7xx_HAL_Driver/Src/stm32f7xx_ll_usb.o
                0x08006870                USB_CoreInit
 .text.USB_SetTurnaroundTime
                0x08006924      0x144 ./Drivers/STM32F7xx_HAL_Driver/Src/stm32f7xx_ll_usb.o
                0x08006924                USB_SetTurnaroundTime
 .text.USB_EnableGlobalInt
                0x08006a68       0x22 ./Drivers/STM32F7xx_HAL_Driver/Src/stm32f7xx_ll_usb.o
                0x08006a68                USB_EnableGlobalInt
 .text.USB_DisableGlobalInt
                0x08006a8a       0x22 ./Drivers/STM32F7xx_HAL_Driver/Src/stm32f7xx_ll_usb.o
                0x08006a8a                USB_DisableGlobalInt
 .text.USB_SetCurrentMode
                0x08006aac       0x98 ./Drivers/STM32F7xx_HAL_Driver/Src/stm32f7xx_ll_usb.o
                0x08006aac                USB_SetCurrentMode
 .text.USB_DevInit
                0x08006b44      0x2bc ./Drivers/STM32F7xx_HAL_Driver/Src/stm32f7xx_ll_usb.o
                0x08006b44                USB_DevInit
 .text.USB_FlushTxFifo
                0x08006e00       0x64 ./Drivers/STM32F7xx_HAL_Driver/Src/stm32f7xx_ll_usb.o
                0x08006e00                USB_FlushTxFifo
 .text.USB_FlushRxFifo
                0x08006e64       0x5c ./Drivers/STM32F7xx_HAL_Driver/Src/stm32f7xx_ll_usb.o
                0x08006e64                USB_FlushRxFifo
 .text.USB_SetDevSpeed
                0x08006ec0       0x32 ./Drivers/STM32F7xx_HAL_Driver/Src/stm32f7xx_ll_usb.o
                0x08006ec0                USB_SetDevSpeed
 .text.USB_GetDevSpeed
                0x08006ef2       0x4a ./Drivers/STM32F7xx_HAL_Driver/Src/stm32f7xx_ll_usb.o
                0x08006ef2                USB_GetDevSpeed
 .text.USB_ActivateEndpoint
                0x08006f3c      0x110 ./Drivers/STM32F7xx_HAL_Driver/Src/stm32f7xx_ll_usb.o
                0x08006f3c                USB_ActivateEndpoint
 .text.USB_DeactivateEndpoint
                0x0800704c      0x1b8 ./Drivers/STM32F7xx_HAL_Driver/Src/stm32f7xx_ll_usb.o
                0x0800704c                USB_DeactivateEndpoint
 .text.USB_EPStartXfer
                0x08007204      0x540 ./Drivers/STM32F7xx_HAL_Driver/Src/stm32f7xx_ll_usb.o
                0x08007204                USB_EPStartXfer
 .text.USB_EPStopXfer
                0x08007744      0x154 ./Drivers/STM32F7xx_HAL_Driver/Src/stm32f7xx_ll_usb.o
                0x08007744                USB_EPStopXfer
 .text.USB_WritePacket
                0x08007898       0x7c ./Drivers/STM32F7xx_HAL_Driver/Src/stm32f7xx_ll_usb.o
                0x08007898                USB_WritePacket
 .text.USB_ReadPacket
                0x08007914       0xb0 ./Drivers/STM32F7xx_HAL_Driver/Src/stm32f7xx_ll_usb.o
                0x08007914                USB_ReadPacket
 .text.USB_EPSetStall
                0x080079c4       0xdc ./Drivers/STM32F7xx_HAL_Driver/Src/stm32f7xx_ll_usb.o
                0x080079c4                USB_EPSetStall
 .text.USB_EPClearStall
                0x08007aa0       0xcc ./Drivers/STM32F7xx_HAL_Driver/Src/stm32f7xx_ll_usb.o
                0x08007aa0                USB_EPClearStall
 .text.USB_SetDevAddress
                0x08007b6c       0x4c ./Drivers/STM32F7xx_HAL_Driver/Src/stm32f7xx_ll_usb.o
                0x08007b6c                USB_SetDevAddress
 .text.USB_DevConnect
                0x08007bb8       0x42 ./Drivers/STM32F7xx_HAL_Driver/Src/stm32f7xx_ll_usb.o
                0x08007bb8                USB_DevConnect
 .text.USB_DevDisconnect
                0x08007bfa       0x42 ./Drivers/STM32F7xx_HAL_Driver/Src/stm32f7xx_ll_usb.o
                0x08007bfa                USB_DevDisconnect
 .text.USB_ReadInterrupts
                0x08007c3c       0x26 ./Drivers/STM32F7xx_HAL_Driver/Src/stm32f7xx_ll_usb.o
                0x08007c3c                USB_ReadInterrupts
 .text.USB_ReadDevAllOutEpInterrupt
                0x08007c62       0x34 ./Drivers/STM32F7xx_HAL_Driver/Src/stm32f7xx_ll_usb.o
                0x08007c62                USB_ReadDevAllOutEpInterrupt
 .text.USB_ReadDevAllInEpInterrupt
                0x08007c96       0x34 ./Drivers/STM32F7xx_HAL_Driver/Src/stm32f7xx_ll_usb.o
                0x08007c96                USB_ReadDevAllInEpInterrupt
 .text.USB_ReadDevOutEPInterrupt
                0x08007cca       0x3c ./Drivers/STM32F7xx_HAL_Driver/Src/stm32f7xx_ll_usb.o
                0x08007cca                USB_ReadDevOutEPInterrupt
 .text.USB_ReadDevInEPInterrupt
                0x08007d06       0x5c ./Drivers/STM32F7xx_HAL_Driver/Src/stm32f7xx_ll_usb.o
                0x08007d06                USB_ReadDevInEPInterrupt
 .text.USB_GetMode
                0x08007d62       0x1c ./Drivers/STM32F7xx_HAL_Driver/Src/stm32f7xx_ll_usb.o
                0x08007d62                USB_GetMode
 *fill*         0x08007d7e        0x2 
 .text.USB_ActivateSetup
                0x08007d80       0x48 ./Drivers/STM32F7xx_HAL_Driver/Src/stm32f7xx_ll_usb.o
                0x08007d80                USB_ActivateSetup
 .text.USB_EP0_OutStart
                0x08007dc8       0xbc ./Drivers/STM32F7xx_HAL_Driver/Src/stm32f7xx_ll_usb.o
                0x08007dc8                USB_EP0_OutStart
 .text.USB_CoreReset
                0x08007e84       0x62 ./Drivers/STM32F7xx_HAL_Driver/Src/stm32f7xx_ll_usb.o
 *fill*         0x08007ee6        0x2 
 .text.USBD_CDC_Init
                0x08007ee8      0x1f0 ./Middlewares/ST/STM32_USB_Device_Library/Class/CDC/Src/usbd_cdc.o
 .text.USBD_CDC_DeInit
                0x080080d8      0x104 ./Middlewares/ST/STM32_USB_Device_Library/Class/CDC/Src/usbd_cdc.o
 .text.USBD_CDC_Setup
                0x080081dc      0x1b8 ./Middlewares/ST/STM32_USB_Device_Library/Class/CDC/Src/usbd_cdc.o
 .text.USBD_CDC_DataIn
                0x08008394       0xfe ./Middlewares/ST/STM32_USB_Device_Library/Class/CDC/Src/usbd_cdc.o
 .text.USBD_CDC_DataOut
                0x08008492       0x70 ./Middlewares/ST/STM32_USB_Device_Library/Class/CDC/Src/usbd_cdc.o
 .text.USBD_CDC_EP0_RxReady
                0x08008502       0x74 ./Middlewares/ST/STM32_USB_Device_Library/Class/CDC/Src/usbd_cdc.o
 *fill*         0x08008576        0x2 
 .text.USBD_CDC_GetFSCfgDesc
                0x08008578       0x70 ./Middlewares/ST/STM32_USB_Device_Library/Class/CDC/Src/usbd_cdc.o
 .text.USBD_CDC_GetHSCfgDesc
                0x080085e8       0x70 ./Middlewares/ST/STM32_USB_Device_Library/Class/CDC/Src/usbd_cdc.o
 .text.USBD_CDC_GetOtherSpeedCfgDesc
                0x08008658       0x70 ./Middlewares/ST/STM32_USB_Device_Library/Class/CDC/Src/usbd_cdc.o
 .text.USBD_CDC_GetDeviceQualifierDescriptor
                0x080086c8       0x20 ./Middlewares/ST/STM32_USB_Device_Library/Class/CDC/Src/usbd_cdc.o
                0x080086c8                USBD_CDC_GetDeviceQualifierDescriptor
 .text.USBD_CDC_RegisterInterface
                0x080086e8       0x34 ./Middlewares/ST/STM32_USB_Device_Library/Class/CDC/Src/usbd_cdc.o
                0x080086e8                USBD_CDC_RegisterInterface
 .text.USBD_CDC_SetTxBuffer
                0x0800871c       0x44 ./Middlewares/ST/STM32_USB_Device_Library/Class/CDC/Src/usbd_cdc.o
                0x0800871c                USBD_CDC_SetTxBuffer
 .text.USBD_CDC_SetRxBuffer
                0x08008760       0x3a ./Middlewares/ST/STM32_USB_Device_Library/Class/CDC/Src/usbd_cdc.o
                0x08008760                USBD_CDC_SetRxBuffer
 *fill*         0x0800879a        0x2 
 .text.USBD_CDC_TransmitPacket
                0x0800879c       0x80 ./Middlewares/ST/STM32_USB_Device_Library/Class/CDC/Src/usbd_cdc.o
                0x0800879c                USBD_CDC_TransmitPacket
 .text.USBD_CDC_ReceivePacket
                0x0800881c       0x6c ./Middlewares/ST/STM32_USB_Device_Library/Class/CDC/Src/usbd_cdc.o
                0x0800881c                USBD_CDC_ReceivePacket
 .text.USBD_Init
                0x08008888       0x60 ./Middlewares/ST/STM32_USB_Device_Library/Core/Src/usbd_core.o
                0x08008888                USBD_Init
 .text.USBD_RegisterClass
                0x080088e8       0x6c ./Middlewares/ST/STM32_USB_Device_Library/Core/Src/usbd_core.o
                0x080088e8                USBD_RegisterClass
 .text.USBD_Start
                0x08008954       0x18 ./Middlewares/ST/STM32_USB_Device_Library/Core/Src/usbd_core.o
                0x08008954                USBD_Start
 .text.USBD_RunTestMode
                0x0800896c       0x16 ./Middlewares/ST/STM32_USB_Device_Library/Core/Src/usbd_core.o
                0x0800896c                USBD_RunTestMode
 .text.USBD_SetClassConfig
                0x08008982       0x38 ./Middlewares/ST/STM32_USB_Device_Library/Core/Src/usbd_core.o
                0x08008982                USBD_SetClassConfig
 .text.USBD_ClrClassConfig
                0x080089ba       0x34 ./Middlewares/ST/STM32_USB_Device_Library/Core/Src/usbd_core.o
                0x080089ba                USBD_ClrClassConfig
 .text.USBD_LL_SetupStage
                0x080089ee       0xaa ./Middlewares/ST/STM32_USB_Device_Library/Core/Src/usbd_core.o
                0x080089ee                USBD_LL_SetupStage
 .text.USBD_LL_DataOutStage
                0x08008a98      0x166 ./Middlewares/ST/STM32_USB_Device_Library/Core/Src/usbd_core.o
                0x08008a98                USBD_LL_DataOutStage
 .text.USBD_LL_DataInStage
                0x08008bfe      0x164 ./Middlewares/ST/STM32_USB_Device_Library/Core/Src/usbd_core.o
                0x08008bfe                USBD_LL_DataInStage
 .text.USBD_LL_Reset
                0x08008d62       0xa4 ./Middlewares/ST/STM32_USB_Device_Library/Core/Src/usbd_core.o
                0x08008d62                USBD_LL_Reset
 .text.USBD_LL_SetSpeed
                0x08008e06       0x20 ./Middlewares/ST/STM32_USB_Device_Library/Core/Src/usbd_core.o
                0x08008e06                USBD_LL_SetSpeed
 .text.USBD_LL_Suspend
                0x08008e26       0x38 ./Middlewares/ST/STM32_USB_Device_Library/Core/Src/usbd_core.o
                0x08008e26                USBD_LL_Suspend
 .text.USBD_LL_Resume
                0x08008e5e       0x30 ./Middlewares/ST/STM32_USB_Device_Library/Core/Src/usbd_core.o
                0x08008e5e                USBD_LL_Resume
 .text.USBD_LL_SOF
                0x08008e8e       0x40 ./Middlewares/ST/STM32_USB_Device_Library/Core/Src/usbd_core.o
                0x08008e8e                USBD_LL_SOF
 .text.USBD_LL_IsoINIncomplete
                0x08008ece       0x64 ./Middlewares/ST/STM32_USB_Device_Library/Core/Src/usbd_core.o
                0x08008ece                USBD_LL_IsoINIncomplete
 .text.USBD_LL_IsoOUTIncomplete
                0x08008f32       0x64 ./Middlewares/ST/STM32_USB_Device_Library/Core/Src/usbd_core.o
                0x08008f32                USBD_LL_IsoOUTIncomplete
 .text.USBD_LL_DevConnected
                0x08008f96       0x16 ./Middlewares/ST/STM32_USB_Device_Library/Core/Src/usbd_core.o
                0x08008f96                USBD_LL_DevConnected
 .text.USBD_LL_DevDisconnected
                0x08008fac       0x46 ./Middlewares/ST/STM32_USB_Device_Library/Core/Src/usbd_core.o
                0x08008fac                USBD_LL_DevDisconnected
 .text.USBD_CoreFindIF
                0x08008ff2       0x1a ./Middlewares/ST/STM32_USB_Device_Library/Core/Src/usbd_core.o
                0x08008ff2                USBD_CoreFindIF
 .text.USBD_CoreFindEP
                0x0800900c       0x1a ./Middlewares/ST/STM32_USB_Device_Library/Core/Src/usbd_core.o
                0x0800900c                USBD_CoreFindEP
 .text.USBD_GetEpDesc
                0x08009026       0x70 ./Middlewares/ST/STM32_USB_Device_Library/Core/Src/usbd_core.o
                0x08009026                USBD_GetEpDesc
 .text.USBD_GetNextDesc
                0x08009096       0x38 ./Middlewares/ST/STM32_USB_Device_Library/Core/Src/usbd_core.o
                0x08009096                USBD_GetNextDesc
 .text.SWAPBYTE
                0x080090ce       0x3c ./Middlewares/ST/STM32_USB_Device_Library/Core/Src/usbd_ctlreq.o
 *fill*         0x0800910a        0x2 
 .text.USBD_StdDevReq
                0x0800910c       0xe4 ./Middlewares/ST/STM32_USB_Device_Library/Core/Src/usbd_ctlreq.o
                0x0800910c                USBD_StdDevReq
 .text.USBD_StdItfReq
                0x080091f0       0xd8 ./Middlewares/ST/STM32_USB_Device_Library/Core/Src/usbd_ctlreq.o
                0x080091f0                USBD_StdItfReq
 .text.USBD_StdEPReq
                0x080092c8      0x33a ./Middlewares/ST/STM32_USB_Device_Library/Core/Src/usbd_ctlreq.o
                0x080092c8                USBD_StdEPReq
 *fill*         0x08009602        0x2 
 .text.USBD_GetDescriptor
                0x08009604      0x328 ./Middlewares/ST/STM32_USB_Device_Library/Core/Src/usbd_ctlreq.o
 .text.USBD_SetAddress
                0x0800992c       0x88 ./Middlewares/ST/STM32_USB_Device_Library/Core/Src/usbd_ctlreq.o
 .text.USBD_SetConfig
                0x080099b4      0x154 ./Middlewares/ST/STM32_USB_Device_Library/Core/Src/usbd_ctlreq.o
 .text.USBD_GetConfig
                0x08009b08       0x6c ./Middlewares/ST/STM32_USB_Device_Library/Core/Src/usbd_ctlreq.o
 .text.USBD_GetStatus
                0x08009b74       0x68 ./Middlewares/ST/STM32_USB_Device_Library/Core/Src/usbd_ctlreq.o
 .text.USBD_SetFeature
                0x08009bdc       0x52 ./Middlewares/ST/STM32_USB_Device_Library/Core/Src/usbd_ctlreq.o
 .text.USBD_ClrFeature
                0x08009c2e       0x44 ./Middlewares/ST/STM32_USB_Device_Library/Core/Src/usbd_ctlreq.o
 .text.USBD_ParseSetupRequest
                0x08009c72       0x74 ./Middlewares/ST/STM32_USB_Device_Library/Core/Src/usbd_ctlreq.o
                0x08009c72                USBD_ParseSetupRequest
 .text.USBD_CtlError
                0x08009ce6       0x22 ./Middlewares/ST/STM32_USB_Device_Library/Core/Src/usbd_ctlreq.o
                0x08009ce6                USBD_CtlError
 .text.USBD_GetString
                0x08009d08       0xa4 ./Middlewares/ST/STM32_USB_Device_Library/Core/Src/usbd_ctlreq.o
                0x08009d08                USBD_GetString
 .text.USBD_GetLen
                0x08009dac       0x34 ./Middlewares/ST/STM32_USB_Device_Library/Core/Src/usbd_ctlreq.o
 .text.USBD_CtlSendData
                0x08009de0       0x36 ./Middlewares/ST/STM32_USB_Device_Library/Core/Src/usbd_ioreq.o
                0x08009de0                USBD_CtlSendData
 .text.USBD_CtlContinueSendData
                0x08009e16       0x22 ./Middlewares/ST/STM32_USB_Device_Library/Core/Src/usbd_ioreq.o
                0x08009e16                USBD_CtlContinueSendData
 .text.USBD_CtlPrepareRx
                0x08009e38       0x3a ./Middlewares/ST/STM32_USB_Device_Library/Core/Src/usbd_ioreq.o
                0x08009e38                USBD_CtlPrepareRx
 .text.USBD_CtlContinueRx
                0x08009e72       0x22 ./Middlewares/ST/STM32_USB_Device_Library/Core/Src/usbd_ioreq.o
                0x08009e72                USBD_CtlContinueRx
 .text.USBD_CtlSendStatus
                0x08009e94       0x26 ./Middlewares/ST/STM32_USB_Device_Library/Core/Src/usbd_ioreq.o
                0x08009e94                USBD_CtlSendStatus
 .text.USBD_CtlReceiveStatus
                0x08009eba       0x26 ./Middlewares/ST/STM32_USB_Device_Library/Core/Src/usbd_ioreq.o
                0x08009eba                USBD_CtlReceiveStatus
 .text.MX_USB_DEVICE_Init
                0x08009ee0       0x60 ./USB_DEVICE/App/usb_device.o
                0x08009ee0                MX_USB_DEVICE_Init
 .text.CDC_Init_FS
                0x08009f40       0x28 ./USB_DEVICE/App/usbd_cdc_if.o
 .text.CDC_DeInit_FS
                0x08009f68       0x10 ./USB_DEVICE/App/usbd_cdc_if.o
 .text.CDC_Control_FS
                0x08009f78       0xbc ./USB_DEVICE/App/usbd_cdc_if.o
 .text.CDC_Receive_FS
                0x0800a034       0x30 ./USB_DEVICE/App/usbd_cdc_if.o
 .text.CDC_Transmit_FS
                0x0800a064       0x4c ./USB_DEVICE/App/usbd_cdc_if.o
                0x0800a064                CDC_Transmit_FS
 .text.CDC_TransmitCplt_FS
                0x0800a0b0       0x22 ./USB_DEVICE/App/usbd_cdc_if.o
 *fill*         0x0800a0d2        0x2 
 .text.USBD_FS_DeviceDescriptor
                0x0800a0d4       0x24 ./USB_DEVICE/App/usbd_desc.o
                0x0800a0d4                USBD_FS_DeviceDescriptor
 .text.USBD_FS_LangIDStrDescriptor
                0x0800a0f8       0x24 ./USB_DEVICE/App/usbd_desc.o
                0x0800a0f8                USBD_FS_LangIDStrDescriptor
 .text.USBD_FS_ProductStrDescriptor
                0x0800a11c       0x3c ./USB_DEVICE/App/usbd_desc.o
                0x0800a11c                USBD_FS_ProductStrDescriptor
 .text.USBD_FS_ManufacturerStrDescriptor
                0x0800a158       0x28 ./USB_DEVICE/App/usbd_desc.o
                0x0800a158                USBD_FS_ManufacturerStrDescriptor
 .text.USBD_FS_SerialStrDescriptor
                0x0800a180       0x24 ./USB_DEVICE/App/usbd_desc.o
                0x0800a180                USBD_FS_SerialStrDescriptor
 .text.USBD_FS_ConfigStrDescriptor
                0x0800a1a4       0x3c ./USB_DEVICE/App/usbd_desc.o
                0x0800a1a4                USBD_FS_ConfigStrDescriptor
 .text.USBD_FS_InterfaceStrDescriptor
                0x0800a1e0       0x3c ./USB_DEVICE/App/usbd_desc.o
                0x0800a1e0                USBD_FS_InterfaceStrDescriptor
 .text.USBD_FS_USR_BOSDescriptor
                0x0800a21c       0x24 ./USB_DEVICE/App/usbd_desc.o
                0x0800a21c                USBD_FS_USR_BOSDescriptor
 .text.Get_SerialNum
                0x0800a240       0x58 ./USB_DEVICE/App/usbd_desc.o
 .text.IntToUnicode
                0x0800a298       0x7e ./USB_DEVICE/App/usbd_desc.o
 *fill*         0x0800a316        0x2 
 .text.HAL_PCD_MspInit
                0x0800a318      0x104 ./USB_DEVICE/Target/usbd_conf.o
                0x0800a318                HAL_PCD_MspInit
 .text.HAL_PCD_SetupStageCallback
                0x0800a41c       0x24 ./USB_DEVICE/Target/usbd_conf.o
                0x0800a41c                HAL_PCD_SetupStageCallback
 .text.HAL_PCD_DataOutStageCallback
                0x0800a440       0x36 ./USB_DEVICE/Target/usbd_conf.o
                0x0800a440                HAL_PCD_DataOutStageCallback
 .text.HAL_PCD_DataInStageCallback
                0x0800a476       0x34 ./USB_DEVICE/Target/usbd_conf.o
                0x0800a476                HAL_PCD_DataInStageCallback
 .text.HAL_PCD_SOFCallback
                0x0800a4aa       0x1c ./USB_DEVICE/Target/usbd_conf.o
                0x0800a4aa                HAL_PCD_SOFCallback
 .text.HAL_PCD_ResetCallback
                0x0800a4c6       0x50 ./USB_DEVICE/Target/usbd_conf.o
                0x0800a4c6                HAL_PCD_ResetCallback
 *fill*         0x0800a516        0x2 
 .text.HAL_PCD_SuspendCallback
                0x0800a518       0x4c ./USB_DEVICE/Target/usbd_conf.o
                0x0800a518                HAL_PCD_SuspendCallback
 .text.HAL_PCD_ResumeCallback
                0x0800a564       0x1c ./USB_DEVICE/Target/usbd_conf.o
                0x0800a564                HAL_PCD_ResumeCallback
 .text.HAL_PCD_ISOOUTIncompleteCallback
                0x0800a580       0x24 ./USB_DEVICE/Target/usbd_conf.o
                0x0800a580                HAL_PCD_ISOOUTIncompleteCallback
 .text.HAL_PCD_ISOINIncompleteCallback
                0x0800a5a4       0x24 ./USB_DEVICE/Target/usbd_conf.o
                0x0800a5a4                HAL_PCD_ISOINIncompleteCallback
 .text.HAL_PCD_ConnectCallback
                0x0800a5c8       0x1c ./USB_DEVICE/Target/usbd_conf.o
                0x0800a5c8                HAL_PCD_ConnectCallback
 .text.HAL_PCD_DisconnectCallback
                0x0800a5e4       0x1c ./USB_DEVICE/Target/usbd_conf.o
                0x0800a5e4                HAL_PCD_DisconnectCallback
 .text.USBD_LL_Init
                0x0800a600       0x98 ./USB_DEVICE/Target/usbd_conf.o
                0x0800a600                USBD_LL_Init
 .text.USBD_LL_Start
                0x0800a698       0x36 ./USB_DEVICE/Target/usbd_conf.o
                0x0800a698                USBD_LL_Start
 .text.USBD_LL_OpenEP
                0x0800a6ce       0x4c ./USB_DEVICE/Target/usbd_conf.o
                0x0800a6ce                USBD_LL_OpenEP
 .text.USBD_LL_CloseEP
                0x0800a71a       0x3e ./USB_DEVICE/Target/usbd_conf.o
                0x0800a71a                USBD_LL_CloseEP
 .text.USBD_LL_StallEP
                0x0800a758       0x3e ./USB_DEVICE/Target/usbd_conf.o
                0x0800a758                USBD_LL_StallEP
 .text.USBD_LL_ClearStallEP
                0x0800a796       0x3e ./USB_DEVICE/Target/usbd_conf.o
                0x0800a796                USBD_LL_ClearStallEP
 .text.USBD_LL_IsStallEP
                0x0800a7d4       0x58 ./USB_DEVICE/Target/usbd_conf.o
                0x0800a7d4                USBD_LL_IsStallEP
 .text.USBD_LL_SetUSBAddress
                0x0800a82c       0x3e ./USB_DEVICE/Target/usbd_conf.o
                0x0800a82c                USBD_LL_SetUSBAddress
 .text.USBD_LL_Transmit
                0x0800a86a       0x42 ./USB_DEVICE/Target/usbd_conf.o
                0x0800a86a                USBD_LL_Transmit
 .text.USBD_LL_PrepareReceive
                0x0800a8ac       0x42 ./USB_DEVICE/Target/usbd_conf.o
                0x0800a8ac                USBD_LL_PrepareReceive
 .text.USBD_LL_GetRxDataSize
                0x0800a8ee       0x26 ./USB_DEVICE/Target/usbd_conf.o
                0x0800a8ee                USBD_LL_GetRxDataSize
 .text.HAL_PCDEx_LPM_Callback
                0x0800a914       0x9c ./USB_DEVICE/Target/usbd_conf.o
                0x0800a914                HAL_PCDEx_LPM_Callback
 .text.SystemClockConfig_Resume
                0x0800a9b0        0xc ./USB_DEVICE/Target/usbd_conf.o
 .text.USBD_Get_USB_Status
                0x0800a9bc       0x58 ./USB_DEVICE/Target/usbd_conf.o
                0x0800a9bc                USBD_Get_USB_Status
 .text.malloc   0x0800aa14       0x10 D:/STM32Cube/STM32CubeIDE_1.17.0/STM32CubeIDE/plugins/com.st.stm32cube.ide.mcu.externaltools.gnu-tools-for-stm32.12.3.rel1.win32_1.1.0.202410251130/tools/bin/../lib/gcc/arm-none-eabi/12.3.1/../../../../arm-none-eabi/lib/thumb/v7e-m+dp/hard\libc_nano.a(libc_a-malloc.o)
                0x0800aa14                malloc
 .text.free     0x0800aa24       0x10 D:/STM32Cube/STM32CubeIDE_1.17.0/STM32CubeIDE/plugins/com.st.stm32cube.ide.mcu.externaltools.gnu-tools-for-stm32.12.3.rel1.win32_1.1.0.202410251130/tools/bin/../lib/gcc/arm-none-eabi/12.3.1/../../../../arm-none-eabi/lib/thumb/v7e-m+dp/hard\libc_nano.a(libc_a-malloc.o)
                0x0800aa24                free
 .text.sbrk_aligned
                0x0800aa34       0x44 D:/STM32Cube/STM32CubeIDE_1.17.0/STM32CubeIDE/plugins/com.st.stm32cube.ide.mcu.externaltools.gnu-tools-for-stm32.12.3.rel1.win32_1.1.0.202410251130/tools/bin/../lib/gcc/arm-none-eabi/12.3.1/../../../../arm-none-eabi/lib/thumb/v7e-m+dp/hard\libc_nano.a(libc_a-mallocr.o)
 .text._malloc_r
                0x0800aa78      0x100 D:/STM32Cube/STM32CubeIDE_1.17.0/STM32CubeIDE/plugins/com.st.stm32cube.ide.mcu.externaltools.gnu-tools-for-stm32.12.3.rel1.win32_1.1.0.202410251130/tools/bin/../lib/gcc/arm-none-eabi/12.3.1/../../../../arm-none-eabi/lib/thumb/v7e-m+dp/hard\libc_nano.a(libc_a-mallocr.o)
                0x0800aa78                _malloc_r
 .text.__malloc_lock
                0x0800ab78        0xc D:/STM32Cube/STM32CubeIDE_1.17.0/STM32CubeIDE/plugins/com.st.stm32cube.ide.mcu.externaltools.gnu-tools-for-stm32.12.3.rel1.win32_1.1.0.202410251130/tools/bin/../lib/gcc/arm-none-eabi/12.3.1/../../../../arm-none-eabi/lib/thumb/v7e-m+dp/hard\libc_nano.a(libc_a-mlock.o)
                0x0800ab78                __malloc_lock
 .text.__malloc_unlock
                0x0800ab84        0xc D:/STM32Cube/STM32CubeIDE_1.17.0/STM32CubeIDE/plugins/com.st.stm32cube.ide.mcu.externaltools.gnu-tools-for-stm32.12.3.rel1.win32_1.1.0.202410251130/tools/bin/../lib/gcc/arm-none-eabi/12.3.1/../../../../arm-none-eabi/lib/thumb/v7e-m+dp/hard\libc_nano.a(libc_a-mlock.o)
                0x0800ab84                __malloc_unlock
 .text.memset   0x0800ab90       0x10 D:/STM32Cube/STM32CubeIDE_1.17.0/STM32CubeIDE/plugins/com.st.stm32cube.ide.mcu.externaltools.gnu-tools-for-stm32.12.3.rel1.win32_1.1.0.202410251130/tools/bin/../lib/gcc/arm-none-eabi/12.3.1/../../../../arm-none-eabi/lib/thumb/v7e-m+dp/hard\libc_nano.a(libc_a-memset.o)
                0x0800ab90                memset
 .text._sbrk_r  0x0800aba0       0x20 D:/STM32Cube/STM32CubeIDE_1.17.0/STM32CubeIDE/plugins/com.st.stm32cube.ide.mcu.externaltools.gnu-tools-for-stm32.12.3.rel1.win32_1.1.0.202410251130/tools/bin/../lib/gcc/arm-none-eabi/12.3.1/../../../../arm-none-eabi/lib/thumb/v7e-m+dp/hard\libc_nano.a(libc_a-sbrkr.o)
                0x0800aba0                _sbrk_r
 .text.__errno  0x0800abc0        0xc D:/STM32Cube/STM32CubeIDE_1.17.0/STM32CubeIDE/plugins/com.st.stm32cube.ide.mcu.externaltools.gnu-tools-for-stm32.12.3.rel1.win32_1.1.0.202410251130/tools/bin/../lib/gcc/arm-none-eabi/12.3.1/../../../../arm-none-eabi/lib/thumb/v7e-m+dp/hard\libc_nano.a(libc_a-errno.o)
                0x0800abc0                __errno
 .text.__libc_init_array
                0x0800abcc       0x48 D:/STM32Cube/STM32CubeIDE_1.17.0/STM32CubeIDE/plugins/com.st.stm32cube.ide.mcu.externaltools.gnu-tools-for-stm32.12.3.rel1.win32_1.1.0.202410251130/tools/bin/../lib/gcc/arm-none-eabi/12.3.1/../../../../arm-none-eabi/lib/thumb/v7e-m+dp/hard\libc_nano.a(libc_a-init.o)
                0x0800abcc                __libc_init_array
 .text.__retarget_lock_acquire_recursive
                0x0800ac14        0x2 D:/STM32Cube/STM32CubeIDE_1.17.0/STM32CubeIDE/plugins/com.st.stm32cube.ide.mcu.externaltools.gnu-tools-for-stm32.12.3.rel1.win32_1.1.0.202410251130/tools/bin/../lib/gcc/arm-none-eabi/12.3.1/../../../../arm-none-eabi/lib/thumb/v7e-m+dp/hard\libc_nano.a(libc_a-lock.o)
                0x0800ac14                __retarget_lock_acquire_recursive
 .text.__retarget_lock_release_recursive
                0x0800ac16        0x2 D:/STM32Cube/STM32CubeIDE_1.17.0/STM32CubeIDE/plugins/com.st.stm32cube.ide.mcu.externaltools.gnu-tools-for-stm32.12.3.rel1.win32_1.1.0.202410251130/tools/bin/../lib/gcc/arm-none-eabi/12.3.1/../../../../arm-none-eabi/lib/thumb/v7e-m+dp/hard\libc_nano.a(libc_a-lock.o)
                0x0800ac16                __retarget_lock_release_recursive
 .text._free_r  0x0800ac18       0x94 D:/STM32Cube/STM32CubeIDE_1.17.0/STM32CubeIDE/plugins/com.st.stm32cube.ide.mcu.externaltools.gnu-tools-for-stm32.12.3.rel1.win32_1.1.0.202410251130/tools/bin/../lib/gcc/arm-none-eabi/12.3.1/../../../../arm-none-eabi/lib/thumb/v7e-m+dp/hard\libc_nano.a(libc_a-freer.o)
                0x0800ac18                _free_r
 *(.glue_7)
 .glue_7        0x0800acac        0x0 linker stubs
 *(.glue_7t)
 .glue_7t       0x0800acac        0x0 linker stubs
 *(.eh_frame)
 .eh_frame      0x0800acac        0x0 D:/STM32Cube/STM32CubeIDE_1.17.0/STM32CubeIDE/plugins/com.st.stm32cube.ide.mcu.externaltools.gnu-tools-for-stm32.12.3.rel1.win32_1.1.0.202410251130/tools/bin/../lib/gcc/arm-none-eabi/12.3.1/thumb/v7e-m+dp/hard/crtbegin.o
 *(.init)
 .init          0x0800acac        0x4 D:/STM32Cube/STM32CubeIDE_1.17.0/STM32CubeIDE/plugins/com.st.stm32cube.ide.mcu.externaltools.gnu-tools-for-stm32.12.3.rel1.win32_1.1.0.202410251130/tools/bin/../lib/gcc/arm-none-eabi/12.3.1/thumb/v7e-m+dp/hard/crti.o
                0x0800acac                _init
 .init          0x0800acb0        0x8 D:/STM32Cube/STM32CubeIDE_1.17.0/STM32CubeIDE/plugins/com.st.stm32cube.ide.mcu.externaltools.gnu-tools-for-stm32.12.3.rel1.win32_1.1.0.202410251130/tools/bin/../lib/gcc/arm-none-eabi/12.3.1/thumb/v7e-m+dp/hard/crtn.o
 *(.fini)
 .fini          0x0800acb8        0x4 D:/STM32Cube/STM32CubeIDE_1.17.0/STM32CubeIDE/plugins/com.st.stm32cube.ide.mcu.externaltools.gnu-tools-for-stm32.12.3.rel1.win32_1.1.0.202410251130/tools/bin/../lib/gcc/arm-none-eabi/12.3.1/thumb/v7e-m+dp/hard/crti.o
                0x0800acb8                _fini
 .fini          0x0800acbc        0x8 D:/STM32Cube/STM32CubeIDE_1.17.0/STM32CubeIDE/plugins/com.st.stm32cube.ide.mcu.externaltools.gnu-tools-for-stm32.12.3.rel1.win32_1.1.0.202410251130/tools/bin/../lib/gcc/arm-none-eabi/12.3.1/thumb/v7e-m+dp/hard/crtn.o
                0x0800acc4                        . = ALIGN (0x4)
                0x0800acc4                        _etext = .

.vfp11_veneer   0x0800acc4        0x0
 .vfp11_veneer  0x0800acc4        0x0 linker stubs

.v4_bx          0x0800acc4        0x0
 .v4_bx         0x0800acc4        0x0 linker stubs

.iplt           0x0800acc4        0x0
 .iplt          0x0800acc4        0x0 D:/STM32Cube/STM32CubeIDE_1.17.0/STM32CubeIDE/plugins/com.st.stm32cube.ide.mcu.externaltools.gnu-tools-for-stm32.12.3.rel1.win32_1.1.0.202410251130/tools/bin/../lib/gcc/arm-none-eabi/12.3.1/thumb/v7e-m+dp/hard/crtbegin.o

.rodata         0x0800acc4       0x68
                0x0800acc4                        . = ALIGN (0x4)
 *(.rodata)
 .rodata        0x0800acc4       0x46 ./USB_DEVICE/App/usbd_desc.o
 *(.rodata*)
 *fill*         0x0800ad0a        0x2 
 .rodata.AHBPrescTable
                0x0800ad0c       0x10 ./Core/Src/system_stm32f7xx.o
                0x0800ad0c                AHBPrescTable
 .rodata.APBPrescTable
                0x0800ad1c        0x8 ./Core/Src/system_stm32f7xx.o
                0x0800ad1c                APBPrescTable
 .rodata.flagBitshiftOffset.0
                0x0800ad24        0x8 ./Drivers/STM32F7xx_HAL_Driver/Src/stm32f7xx_hal_dma.o
                0x0800ad2c                        . = ALIGN (0x4)

.ARM.extab      0x0800ad2c        0x0
                0x0800ad2c                        . = ALIGN (0x4)
 *(.ARM.extab* .gnu.linkonce.armextab.*)
                0x0800ad2c                        . = ALIGN (0x4)

.ARM            0x0800ad2c        0x8
                0x0800ad2c                        . = ALIGN (0x4)
                0x0800ad2c                        __exidx_start = .
 *(.ARM.exidx*)
 .ARM.exidx     0x0800ad2c        0x8 D:/STM32Cube/STM32CubeIDE_1.17.0/STM32CubeIDE/plugins/com.st.stm32cube.ide.mcu.externaltools.gnu-tools-for-stm32.12.3.rel1.win32_1.1.0.202410251130/tools/bin/../lib/gcc/arm-none-eabi/12.3.1/thumb/v7e-m+dp/hard\libgcc.a(_udivmoddi4.o)
                0x0800ad34                        __exidx_end = .
                0x0800ad34                        . = ALIGN (0x4)

.preinit_array  0x0800ad34        0x0
                0x0800ad34                        . = ALIGN (0x4)
                0x0800ad34                        PROVIDE (__preinit_array_start = .)
 *(.preinit_array*)
                0x0800ad34                        PROVIDE (__preinit_array_end = .)
                0x0800ad34                        . = ALIGN (0x4)

.init_array     0x0800ad34        0x4
                0x0800ad34                        . = ALIGN (0x4)
                0x0800ad34                        PROVIDE (__init_array_start = .)
 *(SORT_BY_NAME(.init_array.*))
 *(.init_array*)
 .init_array    0x0800ad34        0x4 D:/STM32Cube/STM32CubeIDE_1.17.0/STM32CubeIDE/plugins/com.st.stm32cube.ide.mcu.externaltools.gnu-tools-for-stm32.12.3.rel1.win32_1.1.0.202410251130/tools/bin/../lib/gcc/arm-none-eabi/12.3.1/thumb/v7e-m+dp/hard/crtbegin.o
                0x0800ad38                        PROVIDE (__init_array_end = .)
                0x0800ad38                        . = ALIGN (0x4)

.fini_array     0x0800ad38        0x4
                0x0800ad38                        . = ALIGN (0x4)
                [!provide]                        PROVIDE (__fini_array_start = .)
 *(SORT_BY_NAME(.fini_array.*))
 *(.fini_array*)
 .fini_array    0x0800ad38        0x4 D:/STM32Cube/STM32CubeIDE_1.17.0/STM32CubeIDE/plugins/com.st.stm32cube.ide.mcu.externaltools.gnu-tools-for-stm32.12.3.rel1.win32_1.1.0.202410251130/tools/bin/../lib/gcc/arm-none-eabi/12.3.1/thumb/v7e-m+dp/hard/crtbegin.o
                [!provide]                        PROVIDE (__fini_array_end = .)
                0x0800ad3c                        . = ALIGN (0x4)
                0x0800ad3c                        _sidata = LOADADDR (.data)

.rel.dyn        0x0800ad3c        0x0
 .rel.iplt      0x0800ad3c        0x0 D:/STM32Cube/STM32CubeIDE_1.17.0/STM32CubeIDE/plugins/com.st.stm32cube.ide.mcu.externaltools.gnu-tools-for-stm32.12.3.rel1.win32_1.1.0.202410251130/tools/bin/../lib/gcc/arm-none-eabi/12.3.1/thumb/v7e-m+dp/hard/crtbegin.o

.data           0x20000000      0x160 load address 0x0800ad3c
                0x20000000                        . = ALIGN (0x4)
                0x20000000                        _sdata = .
 *(.data)
 *(.data*)
 .data.buffer_ready_flag
                0x20000000        0x1 ./Core/Src/main.o
                0x20000000                buffer_ready_flag
 *fill*         0x20000001        0x3 
 .data.SystemCoreClock
                0x20000004        0x4 ./Core/Src/system_stm32f7xx.o
                0x20000004                SystemCoreClock
 .data.uwTickPrio
                0x20000008        0x4 ./Drivers/STM32F7xx_HAL_Driver/Src/stm32f7xx_hal.o
                0x20000008                uwTickPrio
 .data.uwTickFreq
                0x2000000c        0x1 ./Drivers/STM32F7xx_HAL_Driver/Src/stm32f7xx_hal.o
                0x2000000c                uwTickFreq
 *fill*         0x2000000d        0x3 
 .data.USBD_CDC_DeviceQualifierDesc
                0x20000010        0xa ./Middlewares/ST/STM32_USB_Device_Library/Class/CDC/Src/usbd_cdc.o
 *fill*         0x2000001a        0x2 
 .data.USBD_CDC
                0x2000001c       0x38 ./Middlewares/ST/STM32_USB_Device_Library/Class/CDC/Src/usbd_cdc.o
                0x2000001c                USBD_CDC
 .data.USBD_CDC_CfgDesc
                0x20000054       0x43 ./Middlewares/ST/STM32_USB_Device_Library/Class/CDC/Src/usbd_cdc.o
 .data.CDCInEpAdd
                0x20000097        0x1 ./Middlewares/ST/STM32_USB_Device_Library/Class/CDC/Src/usbd_cdc.o
 .data.CDCOutEpAdd
                0x20000098        0x1 ./Middlewares/ST/STM32_USB_Device_Library/Class/CDC/Src/usbd_cdc.o
 .data.CDCCmdEpAdd
                0x20000099        0x1 ./Middlewares/ST/STM32_USB_Device_Library/Class/CDC/Src/usbd_cdc.o
 *fill*         0x2000009a        0x2 
 .data.USBD_Interface_fops_FS
                0x2000009c       0x14 ./USB_DEVICE/App/usbd_cdc_if.o
                0x2000009c                USBD_Interface_fops_FS
 .data.FS_Desc  0x200000b0       0x20 ./USB_DEVICE/App/usbd_desc.o
                0x200000b0                FS_Desc
 .data.USBD_FS_DeviceDesc
                0x200000d0       0x12 ./USB_DEVICE/App/usbd_desc.o
                0x200000d0                USBD_FS_DeviceDesc
 *fill*         0x200000e2        0x2 
 .data.USBD_FS_BOSDesc
                0x200000e4        0xc ./USB_DEVICE/App/usbd_desc.o
                0x200000e4                USBD_FS_BOSDesc
 .data.USBD_LangIDDesc
                0x200000f0        0x4 ./USB_DEVICE/App/usbd_desc.o
                0x200000f0                USBD_LangIDDesc
 .data.USBD_StringSerial
                0x200000f4       0x1a ./USB_DEVICE/App/usbd_desc.o
                0x200000f4                USBD_StringSerial
 *fill*         0x2000010e        0x2 
 .data._impure_ptr
                0x20000110        0x4 D:/STM32Cube/STM32CubeIDE_1.17.0/STM32CubeIDE/plugins/com.st.stm32cube.ide.mcu.externaltools.gnu-tools-for-stm32.12.3.rel1.win32_1.1.0.202410251130/tools/bin/../lib/gcc/arm-none-eabi/12.3.1/../../../../arm-none-eabi/lib/thumb/v7e-m+dp/hard\libc_nano.a(libc_a-impure.o)
                0x20000110                _impure_ptr
 .data._impure_data
                0x20000114       0x4c D:/STM32Cube/STM32CubeIDE_1.17.0/STM32CubeIDE/plugins/com.st.stm32cube.ide.mcu.externaltools.gnu-tools-for-stm32.12.3.rel1.win32_1.1.0.202410251130/tools/bin/../lib/gcc/arm-none-eabi/12.3.1/../../../../arm-none-eabi/lib/thumb/v7e-m+dp/hard\libc_nano.a(libc_a-impure.o)
                0x20000114                _impure_data
 *(.RamFunc)
 *(.RamFunc*)
                0x20000160                        . = ALIGN (0x4)
                0x20000160                        _edata = .

.igot.plt       0x20000160        0x0 load address 0x0800ae9c
 .igot.plt      0x20000160        0x0 D:/STM32Cube/STM32CubeIDE_1.17.0/STM32CubeIDE/plugins/com.st.stm32cube.ide.mcu.externaltools.gnu-tools-for-stm32.12.3.rel1.win32_1.1.0.202410251130/tools/bin/../lib/gcc/arm-none-eabi/12.3.1/thumb/v7e-m+dp/hard/crtbegin.o

.RxDecripSection
                0x20000160       0xa0 load address 0x0800ae9c
 .RxDecripSection
                0x20000160       0xa0 ./Core/Src/main.o
                0x20000160                DMARxDscrTab

.TxDecripSection
                0x20000200       0xa0 load address 0x0800af3c
 .TxDecripSection
                0x20000200       0xa0 ./Core/Src/main.o
                0x20000200                DMATxDscrTab
                0x200002a0                        . = ALIGN (0x4)

.bss            0x200002a0    0x6f41c load address 0x0800afdc
                0x200002a0                        _sbss = .
                0x200002a0                        __bss_start__ = _sbss
 *(.bss)
 .bss           0x200002a0       0x1c D:/STM32Cube/STM32CubeIDE_1.17.0/STM32CubeIDE/plugins/com.st.stm32cube.ide.mcu.externaltools.gnu-tools-for-stm32.12.3.rel1.win32_1.1.0.202410251130/tools/bin/../lib/gcc/arm-none-eabi/12.3.1/thumb/v7e-m+dp/hard/crtbegin.o
 *(.bss*)
 .bss.TxConfig  0x200002bc       0x38 ./Core/Src/main.o
                0x200002bc                TxConfig
 .bss.hadc1     0x200002f4       0x48 ./Core/Src/main.o
                0x200002f4                hadc1
 .bss.hdma_adc1
                0x2000033c       0x60 ./Core/Src/main.o
                0x2000033c                hdma_adc1
 .bss.heth      0x2000039c       0xb0 ./Core/Src/main.o
                0x2000039c                heth
 .bss.htim2     0x2000044c       0x4c ./Core/Src/main.o
                0x2000044c                htim2
 .bss.htim3     0x20000498       0x4c ./Core/Src/main.o
                0x20000498                htim3
 .bss.huart3    0x200004e4       0x88 ./Core/Src/main.o
                0x200004e4                huart3
 .bss.time_start_ms
                0x2000056c        0x4 ./Core/Src/main.o
                0x2000056c                time_start_ms
 .bss.time_end_ms
                0x20000570        0x4 ./Core/Src/main.o
                0x20000570                time_end_ms
 .bss.time_elapsed_ms
                0x20000574        0x4 ./Core/Src/main.o
                0x20000574                time_elapsed_ms
 .bss.motor_pulse
                0x20000578        0x4 ./Core/Src/main.o
                0x20000578                motor_pulse
 .bss.adc_buffer
                0x2000057c       0x14 ./Core/Src/main.o
                0x2000057c                adc_buffer
 .bss.active_buffer
                0x20000590        0x1 ./Core/Src/main.o
                0x20000590                active_buffer
 *fill*         0x20000591        0x3 
 .bss.usb_buffer
                0x20000594    0x6d600 ./Core/Src/main.o
                0x20000594                usb_buffer
 .bss.packet_counter
                0x2006db94        0x4 ./Core/Src/main.o
                0x2006db94                packet_counter
 .bss.data_acquisition_running
                0x2006db98        0x1 ./Core/Src/main.o
                0x2006db98                data_acquisition_running
 *fill*         0x2006db99        0x3 
 .bss.MACAddr.0
                0x2006db9c        0x6 ./Core/Src/main.o
 *fill*         0x2006dba2        0x2 
 .bss.time_ms   0x2006dba4        0x4 ./Core/Src/stm32f7xx_it.o
                0x2006dba4                time_ms
 .bss.usb_buffer_cnt
                0x2006dba8        0x2 ./Core/Src/stm32f7xx_it.o
                0x2006dba8                usb_buffer_cnt
 *fill*         0x2006dbaa        0x2 
 .bss.__sbrk_heap_end
                0x2006dbac        0x4 ./Core/Src/sysmem.o
 .bss.uwTick    0x2006dbb0        0x4 ./Drivers/STM32F7xx_HAL_Driver/Src/stm32f7xx_hal.o
                0x2006dbb0                uwTick
 .bss.cfgidx.0  0x2006dbb4        0x1 ./Middlewares/ST/STM32_USB_Device_Library/Core/Src/usbd_ctlreq.o
 *fill*         0x2006dbb5        0x3 
 .bss.hUsbDeviceFS
                0x2006dbb8      0x2dc ./USB_DEVICE/App/usb_device.o
                0x2006dbb8                hUsbDeviceFS
 .bss.UserRxBufferFS
                0x2006de94      0x800 ./USB_DEVICE/App/usbd_cdc_if.o
                0x2006de94                UserRxBufferFS
 .bss.UserTxBufferFS
                0x2006e694      0x800 ./USB_DEVICE/App/usbd_cdc_if.o
                0x2006e694                UserTxBufferFS
 .bss.USBD_StrDesc
                0x2006ee94      0x200 ./USB_DEVICE/App/usbd_desc.o
                0x2006ee94                USBD_StrDesc
 .bss.hpcd_USB_OTG_FS
                0x2006f094      0x4e0 ./USB_DEVICE/Target/usbd_conf.o
                0x2006f094                hpcd_USB_OTG_FS
 .bss.__malloc_sbrk_start
                0x2006f574        0x4 D:/STM32Cube/STM32CubeIDE_1.17.0/STM32CubeIDE/plugins/com.st.stm32cube.ide.mcu.externaltools.gnu-tools-for-stm32.12.3.rel1.win32_1.1.0.202410251130/tools/bin/../lib/gcc/arm-none-eabi/12.3.1/../../../../arm-none-eabi/lib/thumb/v7e-m+dp/hard\libc_nano.a(libc_a-mallocr.o)
                0x2006f574                __malloc_sbrk_start
 .bss.__malloc_free_list
                0x2006f578        0x4 D:/STM32Cube/STM32CubeIDE_1.17.0/STM32CubeIDE/plugins/com.st.stm32cube.ide.mcu.externaltools.gnu-tools-for-stm32.12.3.rel1.win32_1.1.0.202410251130/tools/bin/../lib/gcc/arm-none-eabi/12.3.1/../../../../arm-none-eabi/lib/thumb/v7e-m+dp/hard\libc_nano.a(libc_a-mallocr.o)
                0x2006f578                __malloc_free_list
 .bss.__sf      0x2006f57c      0x138 D:/STM32Cube/STM32CubeIDE_1.17.0/STM32CubeIDE/plugins/com.st.stm32cube.ide.mcu.externaltools.gnu-tools-for-stm32.12.3.rel1.win32_1.1.0.202410251130/tools/bin/../lib/gcc/arm-none-eabi/12.3.1/../../../../arm-none-eabi/lib/thumb/v7e-m+dp/hard\libc_nano.a(libc_a-findfp.o)
                0x2006f57c                __sf
 .bss.errno     0x2006f6b4        0x4 D:/STM32Cube/STM32CubeIDE_1.17.0/STM32CubeIDE/plugins/com.st.stm32cube.ide.mcu.externaltools.gnu-tools-for-stm32.12.3.rel1.win32_1.1.0.202410251130/tools/bin/../lib/gcc/arm-none-eabi/12.3.1/../../../../arm-none-eabi/lib/thumb/v7e-m+dp/hard\libc_nano.a(libc_a-reent.o)
                0x2006f6b4                errno
 .bss.__lock___malloc_recursive_mutex
                0x2006f6b8        0x1 D:/STM32Cube/STM32CubeIDE_1.17.0/STM32CubeIDE/plugins/com.st.stm32cube.ide.mcu.externaltools.gnu-tools-for-stm32.12.3.rel1.win32_1.1.0.202410251130/tools/bin/../lib/gcc/arm-none-eabi/12.3.1/../../../../arm-none-eabi/lib/thumb/v7e-m+dp/hard\libc_nano.a(libc_a-lock.o)
                0x2006f6b8                __lock___malloc_recursive_mutex
 *(COMMON)
                0x2006f6bc                        . = ALIGN (0x4)
 *fill*         0x2006f6b9        0x3 
                0x2006f6bc                        _ebss = .
                0x2006f6bc                        __bss_end__ = _ebss

._user_heap_stack
                0x2006f6bc      0x604 load address 0x0800afdc
                0x2006f6c0                        . = ALIGN (0x8)
 *fill*         0x2006f6bc        0x4 
                [!provide]                        PROVIDE (end = .)
                0x2006f6c0                        PROVIDE (_end = .)
                0x2006f8c0                        . = (. + _Min_Heap_Size)
 *fill*         0x2006f6c0      0x200 
                0x2006fcc0                        . = (. + _Min_Stack_Size)
 *fill*         0x2006f8c0      0x400 
                0x2006fcc0                        . = ALIGN (0x8)

/DISCARD/
 libc.a(*)
 libm.a(*)
 libgcc.a(*)

.ARM.attributes
                0x00000000       0x2e
 *(.ARM.attributes)
 .ARM.attributes
                0x00000000       0x20 D:/STM32Cube/STM32CubeIDE_1.17.0/STM32CubeIDE/plugins/com.st.stm32cube.ide.mcu.externaltools.gnu-tools-for-stm32.12.3.rel1.win32_1.1.0.202410251130/tools/bin/../lib/gcc/arm-none-eabi/12.3.1/thumb/v7e-m+dp/hard/crti.o
 .ARM.attributes
                0x00000020       0x32 D:/STM32Cube/STM32CubeIDE_1.17.0/STM32CubeIDE/plugins/com.st.stm32cube.ide.mcu.externaltools.gnu-tools-for-stm32.12.3.rel1.win32_1.1.0.202410251130/tools/bin/../lib/gcc/arm-none-eabi/12.3.1/thumb/v7e-m+dp/hard/crtbegin.o
 .ARM.attributes
                0x00000052       0x32 ./Core/Src/main.o
 .ARM.attributes
                0x00000084       0x32 ./Core/Src/stm32f7xx_hal_msp.o
 .ARM.attributes
                0x000000b6       0x32 ./Core/Src/stm32f7xx_it.o
 .ARM.attributes
                0x000000e8       0x32 ./Core/Src/sysmem.o
 .ARM.attributes
                0x0000011a       0x32 ./Core/Src/system_stm32f7xx.o
 .ARM.attributes
                0x0000014c       0x21 ./Core/Startup/startup_stm32f767zitx.o
 .ARM.attributes
                0x0000016d       0x32 ./Drivers/STM32F7xx_HAL_Driver/Src/stm32f7xx_hal.o
 .ARM.attributes
                0x0000019f       0x32 ./Drivers/STM32F7xx_HAL_Driver/Src/stm32f7xx_hal_adc.o
 .ARM.attributes
                0x000001d1       0x32 ./Drivers/STM32F7xx_HAL_Driver/Src/stm32f7xx_hal_cortex.o
 .ARM.attributes
                0x00000203       0x32 ./Drivers/STM32F7xx_HAL_Driver/Src/stm32f7xx_hal_dma.o
 .ARM.attributes
                0x00000235       0x32 ./Drivers/STM32F7xx_HAL_Driver/Src/stm32f7xx_hal_eth.o
 .ARM.attributes
                0x00000267       0x32 ./Drivers/STM32F7xx_HAL_Driver/Src/stm32f7xx_hal_gpio.o
 .ARM.attributes
                0x00000299       0x32 ./Drivers/STM32F7xx_HAL_Driver/Src/stm32f7xx_hal_pcd.o
 .ARM.attributes
                0x000002cb       0x32 ./Drivers/STM32F7xx_HAL_Driver/Src/stm32f7xx_hal_pcd_ex.o
 .ARM.attributes
                0x000002fd       0x32 ./Drivers/STM32F7xx_HAL_Driver/Src/stm32f7xx_hal_pwr.o
 .ARM.attributes
                0x0000032f       0x32 ./Drivers/STM32F7xx_HAL_Driver/Src/stm32f7xx_hal_pwr_ex.o
 .ARM.attributes
                0x00000361       0x32 ./Drivers/STM32F7xx_HAL_Driver/Src/stm32f7xx_hal_rcc.o
 .ARM.attributes
                0x00000393       0x32 ./Drivers/STM32F7xx_HAL_Driver/Src/stm32f7xx_hal_rcc_ex.o
 .ARM.attributes
                0x000003c5       0x32 ./Drivers/STM32F7xx_HAL_Driver/Src/stm32f7xx_hal_tim.o
 .ARM.attributes
                0x000003f7       0x32 ./Drivers/STM32F7xx_HAL_Driver/Src/stm32f7xx_hal_tim_ex.o
 .ARM.attributes
                0x00000429       0x32 ./Drivers/STM32F7xx_HAL_Driver/Src/stm32f7xx_hal_uart.o
 .ARM.attributes
                0x0000045b       0x32 ./Drivers/STM32F7xx_HAL_Driver/Src/stm32f7xx_ll_usb.o
 .ARM.attributes
                0x0000048d       0x32 ./Middlewares/ST/STM32_USB_Device_Library/Class/CDC/Src/usbd_cdc.o
 .ARM.attributes
                0x000004bf       0x32 ./Middlewares/ST/STM32_USB_Device_Library/Core/Src/usbd_core.o
 .ARM.attributes
                0x000004f1       0x32 ./Middlewares/ST/STM32_USB_Device_Library/Core/Src/usbd_ctlreq.o
 .ARM.attributes
                0x00000523       0x32 ./Middlewares/ST/STM32_USB_Device_Library/Core/Src/usbd_ioreq.o
 .ARM.attributes
                0x00000555       0x32 ./USB_DEVICE/App/usb_device.o
 .ARM.attributes
                0x00000587       0x32 ./USB_DEVICE/App/usbd_cdc_if.o
 .ARM.attributes
                0x000005b9       0x32 ./USB_DEVICE/App/usbd_desc.o
 .ARM.attributes
                0x000005eb       0x32 ./USB_DEVICE/Target/usbd_conf.o
 .ARM.attributes
                0x0000061d       0x32 D:/STM32Cube/STM32CubeIDE_1.17.0/STM32CubeIDE/plugins/com.st.stm32cube.ide.mcu.externaltools.gnu-tools-for-stm32.12.3.rel1.win32_1.1.0.202410251130/tools/bin/../lib/gcc/arm-none-eabi/12.3.1/../../../../arm-none-eabi/lib/thumb/v7e-m+dp/hard\libc_nano.a(libc_a-malloc.o)
 .ARM.attributes
                0x0000064f       0x32 D:/STM32Cube/STM32CubeIDE_1.17.0/STM32CubeIDE/plugins/com.st.stm32cube.ide.mcu.externaltools.gnu-tools-for-stm32.12.3.rel1.win32_1.1.0.202410251130/tools/bin/../lib/gcc/arm-none-eabi/12.3.1/../../../../arm-none-eabi/lib/thumb/v7e-m+dp/hard\libc_nano.a(libc_a-mallocr.o)
 .ARM.attributes
                0x00000681       0x32 D:/STM32Cube/STM32CubeIDE_1.17.0/STM32CubeIDE/plugins/com.st.stm32cube.ide.mcu.externaltools.gnu-tools-for-stm32.12.3.rel1.win32_1.1.0.202410251130/tools/bin/../lib/gcc/arm-none-eabi/12.3.1/../../../../arm-none-eabi/lib/thumb/v7e-m+dp/hard\libc_nano.a(libc_a-mlock.o)
 .ARM.attributes
                0x000006b3       0x32 D:/STM32Cube/STM32CubeIDE_1.17.0/STM32CubeIDE/plugins/com.st.stm32cube.ide.mcu.externaltools.gnu-tools-for-stm32.12.3.rel1.win32_1.1.0.202410251130/tools/bin/../lib/gcc/arm-none-eabi/12.3.1/../../../../arm-none-eabi/lib/thumb/v7e-m+dp/hard\libc_nano.a(libc_a-findfp.o)
 .ARM.attributes
                0x000006e5       0x32 D:/STM32Cube/STM32CubeIDE_1.17.0/STM32CubeIDE/plugins/com.st.stm32cube.ide.mcu.externaltools.gnu-tools-for-stm32.12.3.rel1.win32_1.1.0.202410251130/tools/bin/../lib/gcc/arm-none-eabi/12.3.1/../../../../arm-none-eabi/lib/thumb/v7e-m+dp/hard\libc_nano.a(libc_a-memset.o)
 .ARM.attributes
                0x00000717       0x32 D:/STM32Cube/STM32CubeIDE_1.17.0/STM32CubeIDE/plugins/com.st.stm32cube.ide.mcu.externaltools.gnu-tools-for-stm32.12.3.rel1.win32_1.1.0.202410251130/tools/bin/../lib/gcc/arm-none-eabi/12.3.1/../../../../arm-none-eabi/lib/thumb/v7e-m+dp/hard\libc_nano.a(libc_a-reent.o)
 .ARM.attributes
                0x00000749       0x32 D:/STM32Cube/STM32CubeIDE_1.17.0/STM32CubeIDE/plugins/com.st.stm32cube.ide.mcu.externaltools.gnu-tools-for-stm32.12.3.rel1.win32_1.1.0.202410251130/tools/bin/../lib/gcc/arm-none-eabi/12.3.1/../../../../arm-none-eabi/lib/thumb/v7e-m+dp/hard\libc_nano.a(libc_a-impure.o)
 .ARM.attributes
                0x0000077b       0x32 D:/STM32Cube/STM32CubeIDE_1.17.0/STM32CubeIDE/plugins/com.st.stm32cube.ide.mcu.externaltools.gnu-tools-for-stm32.12.3.rel1.win32_1.1.0.202410251130/tools/bin/../lib/gcc/arm-none-eabi/12.3.1/../../../../arm-none-eabi/lib/thumb/v7e-m+dp/hard\libc_nano.a(libc_a-sbrkr.o)
 .ARM.attributes
                0x000007ad       0x32 D:/STM32Cube/STM32CubeIDE_1.17.0/STM32CubeIDE/plugins/com.st.stm32cube.ide.mcu.externaltools.gnu-tools-for-stm32.12.3.rel1.win32_1.1.0.202410251130/tools/bin/../lib/gcc/arm-none-eabi/12.3.1/../../../../arm-none-eabi/lib/thumb/v7e-m+dp/hard\libc_nano.a(libc_a-errno.o)
 .ARM.attributes
                0x000007df       0x32 D:/STM32Cube/STM32CubeIDE_1.17.0/STM32CubeIDE/plugins/com.st.stm32cube.ide.mcu.externaltools.gnu-tools-for-stm32.12.3.rel1.win32_1.1.0.202410251130/tools/bin/../lib/gcc/arm-none-eabi/12.3.1/../../../../arm-none-eabi/lib/thumb/v7e-m+dp/hard\libc_nano.a(libc_a-init.o)
 .ARM.attributes
                0x00000811       0x32 D:/STM32Cube/STM32CubeIDE_1.17.0/STM32CubeIDE/plugins/com.st.stm32cube.ide.mcu.externaltools.gnu-tools-for-stm32.12.3.rel1.win32_1.1.0.202410251130/tools/bin/../lib/gcc/arm-none-eabi/12.3.1/../../../../arm-none-eabi/lib/thumb/v7e-m+dp/hard\libc_nano.a(libc_a-lock.o)
 .ARM.attributes
                0x00000843       0x32 D:/STM32Cube/STM32CubeIDE_1.17.0/STM32CubeIDE/plugins/com.st.stm32cube.ide.mcu.externaltools.gnu-tools-for-stm32.12.3.rel1.win32_1.1.0.202410251130/tools/bin/../lib/gcc/arm-none-eabi/12.3.1/../../../../arm-none-eabi/lib/thumb/v7e-m+dp/hard\libc_nano.a(libc_a-freer.o)
 .ARM.attributes
                0x00000875       0x20 D:/STM32Cube/STM32CubeIDE_1.17.0/STM32CubeIDE/plugins/com.st.stm32cube.ide.mcu.externaltools.gnu-tools-for-stm32.12.3.rel1.win32_1.1.0.202410251130/tools/bin/../lib/gcc/arm-none-eabi/12.3.1/thumb/v7e-m+dp/hard\libgcc.a(_aeabi_uldivmod.o)
 .ARM.attributes
                0x00000895       0x32 D:/STM32Cube/STM32CubeIDE_1.17.0/STM32CubeIDE/plugins/com.st.stm32cube.ide.mcu.externaltools.gnu-tools-for-stm32.12.3.rel1.win32_1.1.0.202410251130/tools/bin/../lib/gcc/arm-none-eabi/12.3.1/thumb/v7e-m+dp/hard\libgcc.a(_udivmoddi4.o)
 .ARM.attributes
                0x000008c7       0x20 D:/STM32Cube/STM32CubeIDE_1.17.0/STM32CubeIDE/plugins/com.st.stm32cube.ide.mcu.externaltools.gnu-tools-for-stm32.12.3.rel1.win32_1.1.0.202410251130/tools/bin/../lib/gcc/arm-none-eabi/12.3.1/thumb/v7e-m+dp/hard\libgcc.a(_dvmd_tls.o)
 .ARM.attributes
                0x000008e7       0x20 D:/STM32Cube/STM32CubeIDE_1.17.0/STM32CubeIDE/plugins/com.st.stm32cube.ide.mcu.externaltools.gnu-tools-for-stm32.12.3.rel1.win32_1.1.0.202410251130/tools/bin/../lib/gcc/arm-none-eabi/12.3.1/thumb/v7e-m+dp/hard/crtn.o
OUTPUT(EDS_Logger.elf elf32-littlearm)
LOAD linker stubs
LOAD D:/STM32Cube/STM32CubeIDE_1.17.0/STM32CubeIDE/plugins/com.st.stm32cube.ide.mcu.externaltools.gnu-tools-for-stm32.12.3.rel1.win32_1.1.0.202410251130/tools/bin/../lib/gcc/arm-none-eabi/12.3.1/../../../../arm-none-eabi/lib/thumb/v7e-m+dp/hard\libc.a
LOAD D:/STM32Cube/STM32CubeIDE_1.17.0/STM32CubeIDE/plugins/com.st.stm32cube.ide.mcu.externaltools.gnu-tools-for-stm32.12.3.rel1.win32_1.1.0.202410251130/tools/bin/../lib/gcc/arm-none-eabi/12.3.1/../../../../arm-none-eabi/lib/thumb/v7e-m+dp/hard\libm.a
LOAD D:/STM32Cube/STM32CubeIDE_1.17.0/STM32CubeIDE/plugins/com.st.stm32cube.ide.mcu.externaltools.gnu-tools-for-stm32.12.3.rel1.win32_1.1.0.202410251130/tools/bin/../lib/gcc/arm-none-eabi/12.3.1/thumb/v7e-m+dp/hard\libgcc.a

.debug_info     0x00000000    0x1fc7a
 .debug_info    0x00000000     0x2b8b ./Core/Src/main.o
 .debug_info    0x00002b8b     0x2074 ./Core/Src/stm32f7xx_hal_msp.o
 .debug_info    0x00004bff     0x1021 ./Core/Src/stm32f7xx_it.o
 .debug_info    0x00005c20      0x168 ./Core/Src/sysmem.o
 .debug_info    0x00005d88      0x6ed ./Core/Src/system_stm32f7xx.o
 .debug_info    0x00006475       0x30 ./Core/Startup/startup_stm32f767zitx.o
 .debug_info    0x000064a5      0xa4c ./Drivers/STM32F7xx_HAL_Driver/Src/stm32f7xx_hal.o
 .debug_info    0x00006ef1      0xc83 ./Drivers/STM32F7xx_HAL_Driver/Src/stm32f7xx_hal_adc.o
 .debug_info    0x00007b74      0xfc0 ./Drivers/STM32F7xx_HAL_Driver/Src/stm32f7xx_hal_cortex.o
 .debug_info    0x00008b34      0x8e7 ./Drivers/STM32F7xx_HAL_Driver/Src/stm32f7xx_hal_dma.o
 .debug_info    0x0000941b     0x218c ./Drivers/STM32F7xx_HAL_Driver/Src/stm32f7xx_hal_eth.o
 .debug_info    0x0000b5a7      0x6f3 ./Drivers/STM32F7xx_HAL_Driver/Src/stm32f7xx_hal_gpio.o
 .debug_info    0x0000bc9a     0x1599 ./Drivers/STM32F7xx_HAL_Driver/Src/stm32f7xx_hal_pcd.o
 .debug_info    0x0000d233      0x7a3 ./Drivers/STM32F7xx_HAL_Driver/Src/stm32f7xx_hal_pcd_ex.o
 .debug_info    0x0000d9d6      0x90e ./Drivers/STM32F7xx_HAL_Driver/Src/stm32f7xx_hal_pwr.o
 .debug_info    0x0000e2e4      0x8cd ./Drivers/STM32F7xx_HAL_Driver/Src/stm32f7xx_hal_pwr_ex.o
 .debug_info    0x0000ebb1      0x937 ./Drivers/STM32F7xx_HAL_Driver/Src/stm32f7xx_hal_rcc.o
 .debug_info    0x0000f4e8      0x6e1 ./Drivers/STM32F7xx_HAL_Driver/Src/stm32f7xx_hal_rcc_ex.o
 .debug_info    0x0000fbc9     0x2ad5 ./Drivers/STM32F7xx_HAL_Driver/Src/stm32f7xx_hal_tim.o
 .debug_info    0x0001269e     0x16bb ./Drivers/STM32F7xx_HAL_Driver/Src/stm32f7xx_hal_tim_ex.o
 .debug_info    0x00013d59     0x3adc ./Drivers/STM32F7xx_HAL_Driver/Src/stm32f7xx_hal_uart.o
 .debug_info    0x00017835     0x19fc ./Drivers/STM32F7xx_HAL_Driver/Src/stm32f7xx_ll_usb.o
 .debug_info    0x00019231     0x1307 ./Middlewares/ST/STM32_USB_Device_Library/Class/CDC/Src/usbd_cdc.o
 .debug_info    0x0001a538      0xe12 ./Middlewares/ST/STM32_USB_Device_Library/Core/Src/usbd_core.o
 .debug_info    0x0001b34a      0xaeb ./Middlewares/ST/STM32_USB_Device_Library/Core/Src/usbd_ctlreq.o
 .debug_info    0x0001be35      0x762 ./Middlewares/ST/STM32_USB_Device_Library/Core/Src/usbd_ioreq.o
 .debug_info    0x0001c597      0x70e ./USB_DEVICE/App/usb_device.o
 .debug_info    0x0001cca5      0x925 ./USB_DEVICE/App/usbd_cdc_if.o
 .debug_info    0x0001d5ca      0x4ba ./USB_DEVICE/App/usbd_desc.o
 .debug_info    0x0001da84     0x21f6 ./USB_DEVICE/Target/usbd_conf.o

.debug_abbrev   0x00000000     0x439e
 .debug_abbrev  0x00000000      0x37a ./Core/Src/main.o
 .debug_abbrev  0x0000037a      0x28e ./Core/Src/stm32f7xx_hal_msp.o
 .debug_abbrev  0x00000608      0x262 ./Core/Src/stm32f7xx_it.o
 .debug_abbrev  0x0000086a       0xbc ./Core/Src/sysmem.o
 .debug_abbrev  0x00000926      0x13b ./Core/Src/system_stm32f7xx.o
 .debug_abbrev  0x00000a61       0x24 ./Core/Startup/startup_stm32f767zitx.o
 .debug_abbrev  0x00000a85      0x213 ./Drivers/STM32F7xx_HAL_Driver/Src/stm32f7xx_hal.o
 .debug_abbrev  0x00000c98      0x252 ./Drivers/STM32F7xx_HAL_Driver/Src/stm32f7xx_hal_adc.o
 .debug_abbrev  0x00000eea      0x31e ./Drivers/STM32F7xx_HAL_Driver/Src/stm32f7xx_hal_cortex.o
 .debug_abbrev  0x00001208      0x264 ./Drivers/STM32F7xx_HAL_Driver/Src/stm32f7xx_hal_dma.o
 .debug_abbrev  0x0000146c      0x35a ./Drivers/STM32F7xx_HAL_Driver/Src/stm32f7xx_hal_eth.o
 .debug_abbrev  0x000017c6      0x1d4 ./Drivers/STM32F7xx_HAL_Driver/Src/stm32f7xx_hal_gpio.o
 .debug_abbrev  0x0000199a      0x2ee ./Drivers/STM32F7xx_HAL_Driver/Src/stm32f7xx_hal_pcd.o
 .debug_abbrev  0x00001c88      0x1ca ./Drivers/STM32F7xx_HAL_Driver/Src/stm32f7xx_hal_pcd_ex.o
 .debug_abbrev  0x00001e52      0x1c5 ./Drivers/STM32F7xx_HAL_Driver/Src/stm32f7xx_hal_pwr.o
 .debug_abbrev  0x00002017      0x1d5 ./Drivers/STM32F7xx_HAL_Driver/Src/stm32f7xx_hal_pwr_ex.o
 .debug_abbrev  0x000021ec      0x2de ./Drivers/STM32F7xx_HAL_Driver/Src/stm32f7xx_hal_rcc.o
 .debug_abbrev  0x000024ca      0x1c9 ./Drivers/STM32F7xx_HAL_Driver/Src/stm32f7xx_hal_rcc_ex.o
 .debug_abbrev  0x00002693      0x278 ./Drivers/STM32F7xx_HAL_Driver/Src/stm32f7xx_hal_tim.o
 .debug_abbrev  0x0000290b      0x283 ./Drivers/STM32F7xx_HAL_Driver/Src/stm32f7xx_hal_tim_ex.o
 .debug_abbrev  0x00002b8e      0x2e6 ./Drivers/STM32F7xx_HAL_Driver/Src/stm32f7xx_hal_uart.o
 .debug_abbrev  0x00002e74      0x293 ./Drivers/STM32F7xx_HAL_Driver/Src/stm32f7xx_ll_usb.o
 .debug_abbrev  0x00003107      0x2d2 ./Middlewares/ST/STM32_USB_Device_Library/Class/CDC/Src/usbd_cdc.o
 .debug_abbrev  0x000033d9      0x27c ./Middlewares/ST/STM32_USB_Device_Library/Core/Src/usbd_core.o
 .debug_abbrev  0x00003655      0x26f ./Middlewares/ST/STM32_USB_Device_Library/Core/Src/usbd_ctlreq.o
 .debug_abbrev  0x000038c4      0x19a ./Middlewares/ST/STM32_USB_Device_Library/Core/Src/usbd_ioreq.o
 .debug_abbrev  0x00003a5e      0x195 ./USB_DEVICE/App/usb_device.o
 .debug_abbrev  0x00003bf3      0x29c ./USB_DEVICE/App/usbd_cdc_if.o
 .debug_abbrev  0x00003e8f      0x1e3 ./USB_DEVICE/App/usbd_desc.o
 .debug_abbrev  0x00004072      0x32c ./USB_DEVICE/Target/usbd_conf.o

.debug_aranges  0x00000000     0x18a0
 .debug_aranges
                0x00000000       0x78 ./Core/Src/main.o
 .debug_aranges
                0x00000078       0x60 ./Core/Src/stm32f7xx_hal_msp.o
 .debug_aranges
                0x000000d8       0x90 ./Core/Src/stm32f7xx_it.o
 .debug_aranges
                0x00000168       0x20 ./Core/Src/sysmem.o
 .debug_aranges
                0x00000188       0x28 ./Core/Src/system_stm32f7xx.o
 .debug_aranges
                0x000001b0       0x28 ./Core/Startup/startup_stm32f767zitx.o
 .debug_aranges
                0x000001d8      0x110 ./Drivers/STM32F7xx_HAL_Driver/Src/stm32f7xx_hal.o
 .debug_aranges
                0x000002e8       0xe8 ./Drivers/STM32F7xx_HAL_Driver/Src/stm32f7xx_hal_adc.o
 .debug_aranges
                0x000003d0      0x128 ./Drivers/STM32F7xx_HAL_Driver/Src/stm32f7xx_hal_cortex.o
 .debug_aranges
                0x000004f8       0x90 ./Drivers/STM32F7xx_HAL_Driver/Src/stm32f7xx_hal_dma.o
 .debug_aranges
                0x00000588      0x1e0 ./Drivers/STM32F7xx_HAL_Driver/Src/stm32f7xx_hal_eth.o
 .debug_aranges
                0x00000768       0x58 ./Drivers/STM32F7xx_HAL_Driver/Src/stm32f7xx_hal_gpio.o
 .debug_aranges
                0x000007c0      0x148 ./Drivers/STM32F7xx_HAL_Driver/Src/stm32f7xx_hal_pcd.o
 .debug_aranges
                0x00000908       0x48 ./Drivers/STM32F7xx_HAL_Driver/Src/stm32f7xx_hal_pcd_ex.o
 .debug_aranges
                0x00000950       0xa0 ./Drivers/STM32F7xx_HAL_Driver/Src/stm32f7xx_hal_pwr.o
 .debug_aranges
                0x000009f0       0x80 ./Drivers/STM32F7xx_HAL_Driver/Src/stm32f7xx_hal_pwr_ex.o
 .debug_aranges
                0x00000a70       0x88 ./Drivers/STM32F7xx_HAL_Driver/Src/stm32f7xx_hal_rcc.o
 .debug_aranges
                0x00000af8       0x50 ./Drivers/STM32F7xx_HAL_Driver/Src/stm32f7xx_hal_rcc_ex.o
 .debug_aranges
                0x00000b48      0x3e0 ./Drivers/STM32F7xx_HAL_Driver/Src/stm32f7xx_hal_tim.o
 .debug_aranges
                0x00000f28      0x180 ./Drivers/STM32F7xx_HAL_Driver/Src/stm32f7xx_hal_tim_ex.o
 .debug_aranges
                0x000010a8      0x230 ./Drivers/STM32F7xx_HAL_Driver/Src/stm32f7xx_hal_uart.o
 .debug_aranges
                0x000012d8      0x1a0 ./Drivers/STM32F7xx_HAL_Driver/Src/stm32f7xx_ll_usb.o
 .debug_aranges
                0x00001478       0x90 ./Middlewares/ST/STM32_USB_Device_Library/Class/CDC/Src/usbd_cdc.o
 .debug_aranges
                0x00001508       0xd8 ./Middlewares/ST/STM32_USB_Device_Library/Core/Src/usbd_core.o
 .debug_aranges
                0x000015e0       0x90 ./Middlewares/ST/STM32_USB_Device_Library/Core/Src/usbd_ctlreq.o
 .debug_aranges
                0x00001670       0x50 ./Middlewares/ST/STM32_USB_Device_Library/Core/Src/usbd_ioreq.o
 .debug_aranges
                0x000016c0       0x20 ./USB_DEVICE/App/usb_device.o
 .debug_aranges
                0x000016e0       0x48 ./USB_DEVICE/App/usbd_cdc_if.o
 .debug_aranges
                0x00001728       0x68 ./USB_DEVICE/App/usbd_desc.o
 .debug_aranges
                0x00001790      0x110 ./USB_DEVICE/Target/usbd_conf.o

.debug_rnglists
                0x00000000     0x1307
 .debug_rnglists
                0x00000000       0x5d ./Core/Src/main.o
 .debug_rnglists
                0x0000005d       0x47 ./Core/Src/stm32f7xx_hal_msp.o
 .debug_rnglists
                0x000000a4       0x68 ./Core/Src/stm32f7xx_it.o
 .debug_rnglists
                0x0000010c       0x13 ./Core/Src/sysmem.o