Archive member included to satisfy reference by file (symbol)

D:/STM32Cube/STM32CubeIDE_1.17.0/STM32CubeIDE/plugins/com.st.stm32cube.ide.mcu.externaltools.gnu-tools-for-stm32.12.3.rel1.win32_1.1.0.202410251130/tools/bin/../lib/gcc/arm-none-eabi/12.3.1/../../../../arm-none-eabi/lib/thumb/v7e-m+dp/hard\libc_nano.a(libc_a-exit.o)
                              D:/STM32Cube/STM32CubeIDE_1.17.0/STM32CubeIDE/plugins/com.st.stm32cube.ide.mcu.externaltools.gnu-tools-for-stm32.12.3.rel1.win32_1.1.0.202410251130/tools/bin/../lib/gcc/arm-none-eabi/12.3.1/../../../../arm-none-eabi/lib/thumb/v7e-m+dp/hard/crt0.o (exit)
D:/STM32Cube/STM32CubeIDE_1.17.0/STM32CubeIDE/plugins/com.st.stm32cube.ide.mcu.externaltools.gnu-tools-for-stm32.12.3.rel1.win32_1.1.0.202410251130/tools/bin/../lib/gcc/arm-none-eabi/12.3.1/../../../../arm-none-eabi/lib/thumb/v7e-m+dp/hard\libc_nano.a(libc_a-malloc.o)
                              ./Middlewares/ST/STM32_USB_Device_Library/Class/CDC/Src/usbd_cdc.o (malloc)
D:/STM32Cube/STM32CubeIDE_1.17.0/STM32CubeIDE/plugins/com.st.stm32cube.ide.mcu.externaltools.gnu-tools-for-stm32.12.3.rel1.win32_1.1.0.202410251130/tools/bin/../lib/gcc/arm-none-eabi/12.3.1/../../../../arm-none-eabi/lib/thumb/v7e-m+dp/hard\libc_nano.a(libc_a-mallocr.o)
                              D:/STM32Cube/STM32CubeIDE_1.17.0/STM32CubeIDE/plugins/com.st.stm32cube.ide.mcu.externaltools.gnu-tools-for-stm32.12.3.rel1.win32_1.1.0.202410251130/tools/bin/../lib/gcc/arm-none-eabi/12.3.1/../../../../arm-none-eabi/lib/thumb/v7e-m+dp/hard\libc_nano.a(libc_a-malloc.o) (_malloc_r)
D:/STM32Cube/STM32CubeIDE_1.17.0/STM32CubeIDE/plugins/com.st.stm32cube.ide.mcu.externaltools.gnu-tools-for-stm32.12.3.rel1.win32_1.1.0.202410251130/tools/bin/../lib/gcc/arm-none-eabi/12.3.1/../../../../arm-none-eabi/lib/thumb/v7e-m+dp/hard\libc_nano.a(libc_a-mlock.o)
                              D:/STM32Cube/STM32CubeIDE_1.17.0/STM32CubeIDE/plugins/com.st.stm32cube.ide.mcu.externaltools.gnu-tools-for-stm32.12.3.rel1.win32_1.1.0.202410251130/tools/bin/../lib/gcc/arm-none-eabi/12.3.1/../../../../arm-none-eabi/lib/thumb/v7e-m+dp/hard\libc_nano.a(libc_a-mallocr.o) (__malloc_lock)
D:/STM32Cube/STM32CubeIDE_1.17.0/STM32CubeIDE/plugins/com.st.stm32cube.ide.mcu.externaltools.gnu-tools-for-stm32.12.3.rel1.win32_1.1.0.202410251130/tools/bin/../lib/gcc/arm-none-eabi/12.3.1/../../../../arm-none-eabi/lib/thumb/v7e-m+dp/hard\libc_nano.a(libc_a-findfp.o)
                              D:/STM32Cube/STM32CubeIDE_1.17.0/STM32CubeIDE/plugins/com.st.stm32cube.ide.mcu.externaltools.gnu-tools-for-stm32.12.3.rel1.win32_1.1.0.202410251130/tools/bin/../lib/gcc/arm-none-eabi/12.3.1/../../../../arm-none-eabi/lib/thumb/v7e-m+dp/hard\libc_nano.a(libc_a-exit.o) (__stdio_exit_handler)
D:/STM32Cube/STM32CubeIDE_1.17.0/STM32CubeIDE/plugins/com.st.stm32cube.ide.mcu.externaltools.gnu-tools-for-stm32.12.3.rel1.win32_1.1.0.202410251130/tools/bin/../lib/gcc/arm-none-eabi/12.3.1/../../../../arm-none-eabi/lib/thumb/v7e-m+dp/hard\libc_nano.a(libc_a-fwalk.o)
                              D:/STM32Cube/STM32CubeIDE_1.17.0/STM32CubeIDE/plugins/com.st.stm32cube.ide.mcu.externaltools.gnu-tools-for-stm32.12.3.rel1.win32_1.1.0.202410251130/tools/bin/../lib/gcc/arm-none-eabi/12.3.1/../../../../arm-none-eabi/lib/thumb/v7e-m+dp/hard\libc_nano.a(libc_a-findfp.o) (_fwalk_sglue)
D:/STM32Cube/STM32CubeIDE_1.17.0/STM32CubeIDE/plugins/com.st.stm32cube.ide.mcu.externaltools.gnu-tools-for-stm32.12.3.rel1.win32_1.1.0.202410251130/tools/bin/../lib/gcc/arm-none-eabi/12.3.1/../../../../arm-none-eabi/lib/thumb/v7e-m+dp/hard\libc_nano.a(libc_a-stdio.o)
                              D:/STM32Cube/STM32CubeIDE_1.17.0/STM32CubeIDE/plugins/com.st.stm32cube.ide.mcu.externaltools.gnu-tools-for-stm32.12.3.rel1.win32_1.1.0.202410251130/tools/bin/../lib/gcc/arm-none-eabi/12.3.1/../../../../arm-none-eabi/lib/thumb/v7e-m+dp/hard\libc_nano.a(libc_a-findfp.o) (__sread)
D:/STM32Cube/STM32CubeIDE_1.17.0/STM32CubeIDE/plugins/com.st.stm32cube.ide.mcu.externaltools.gnu-tools-for-stm32.12.3.rel1.win32_1.1.0.202410251130/tools/bin/../lib/gcc/arm-none-eabi/12.3.1/../../../../arm-none-eabi/lib/thumb/v7e-m+dp/hard\libc_nano.a(libc_a-memset.o)
                              D:/STM32Cube/STM32CubeIDE_1.17.0/STM32CubeIDE/plugins/com.st.stm32cube.ide.mcu.externaltools.gnu-tools-for-stm32.12.3.rel1.win32_1.1.0.202410251130/tools/bin/../lib/gcc/arm-none-eabi/12.3.1/../../../../arm-none-eabi/lib/thumb/v7e-m+dp/hard/crt0.o (memset)
D:/STM32Cube/STM32CubeIDE_1.17.0/STM32CubeIDE/plugins/com.st.stm32cube.ide.mcu.externaltools.gnu-tools-for-stm32.12.3.rel1.win32_1.1.0.202410251130/tools/bin/../lib/gcc/arm-none-eabi/12.3.1/../../../../arm-none-eabi/lib/thumb/v7e-m+dp/hard\libc_nano.a(libc_a-closer.o)
[...]
Memory Configuration

Name             Origin             Length             Attributes
RAM              0x20000000         0x00080000         xrw
FLASH            0x08000000         0x00200000         xr
*default*        0x00000000         0xffffffff

Linker script and memory map

LOAD D:/STM32Cube/STM32CubeIDE_1.17.0/STM32CubeIDE/plugins/com.st.stm32cube.ide.mcu.externaltools.gnu-tools-for-stm32.12.3.rel1.win32_1.1.0.202410251130/tools/bin/../lib/gcc/arm-none-eabi/12.3.1/thumb/v7e-m+dp/hard/crti.o
LOAD D:/STM32Cube/STM32CubeIDE_1.17.0/STM32CubeIDE/plugins/com.st.stm32cube.ide.mcu.externaltools.gnu-tools-for-stm32.12.3.rel1.win32_1.1.0.202410251130/tools/bin/../lib/gcc/arm-none-eabi/12.3.1/thumb/v7e-m+dp/hard/crtbegin.o
LOAD D:/STM32Cube/STM32CubeIDE_1.17.0/STM32CubeIDE/plugins/com.st.stm32cube.ide.mcu.externaltools.gnu-tools-for-stm32.12.3.rel1.win32_1.1.0.202410251130/tools/bin/../lib/gcc/arm-none-eabi/12.3.1/../../../../arm-none-eabi/lib/thumb/v7e-m+dp/hard/crt0.o
LOAD ./Core/Src/bldc_interface.o
LOAD ./Core/Src/bldc_interface_uart.o
LOAD ./Core/Src/buffer.o
LOAD ./Core/Src/controller.o
LOAD ./Core/Src/crc.o
LOAD ./Core/Src/data_acquisition.o
LOAD ./Core/Src/main.o
LOAD ./Core/Src/motor_speed.o
LOAD ./Core/Src/packet.o
LOAD ./Core/Src/stm32f7xx_hal_msp.o
LOAD ./Core/Src/stm32f7xx_it.o
LOAD ./Core/Src/syscalls.o
LOAD ./Core/Src/sysmem.o
LOAD ./Core/Src/system_stm32f7xx.o
LOAD ./Core/Src/usb_comm.o
LOAD ./Core/Startup/startup_stm32f767zitx.o
LOAD ./Drivers/STM32F7xx_HAL_Driver/Src/stm32f7xx_hal.o
LOAD ./Drivers/STM32F7xx_HAL_Driver/Src/stm32f7xx_hal_adc.o
LOAD ./Drivers/STM32F7xx_HAL_Driver/Src/stm32f7xx_hal_adc_ex.o
LOAD ./Drivers/STM32F7xx_HAL_Driver/Src/stm32f7xx_hal_cortex.o
LOAD ./Drivers/STM32F7xx_HAL_Driver/Src/stm32f7xx_hal_dma.o
LOAD ./Drivers/STM32F7xx_HAL_Driver/Src/stm32f7xx_hal_dma_ex.o
LOAD ./Drivers/STM32F7xx_HAL_Driver/Src/stm32f7xx_hal_eth.o
LOAD ./Drivers/STM32F7xx_HAL_Driver/Src/stm32f7xx_hal_exti.o
LOAD ./Drivers/STM32F7xx_HAL_Driver/Src/stm32f7xx_hal_flash.o
LOAD ./Drivers/STM32F7xx_HAL_Driver/Src/stm32f7xx_hal_flash_ex.o
LOAD ./Drivers/STM32F7xx_HAL_Driver/Src/stm32f7xx_hal_gpio.o
LOAD ./Drivers/STM32F7xx_HAL_Driver/Src/stm32f7xx_hal_i2c.o
LOAD ./Drivers/STM32F7xx_HAL_Driver/Src/stm32f7xx_hal_i2c_ex.o
LOAD ./Drivers/STM32F7xx_HAL_Driver/Src/stm32f7xx_hal_pcd.o
LOAD ./Drivers/STM32F7xx_HAL_Driver/Src/stm32f7xx_hal_pcd_ex.o
LOAD ./Drivers/STM32F7xx_HAL_Driver/Src/stm32f7xx_hal_pwr.o
LOAD ./Drivers/STM32F7xx_HAL_Driver/Src/stm32f7xx_hal_pwr_ex.o
LOAD ./Drivers/STM32F7xx_HAL_Driver/Src/stm32f7xx_hal_rcc.o
LOAD ./Drivers/STM32F7xx_HAL_Driver/Src/stm32f7xx_hal_rcc_ex.o
LOAD ./Drivers/STM32F7xx_HAL_Driver/Src/stm32f7xx_hal_tim.o
LOAD ./Drivers/STM32F7xx_HAL_Driver/Src/stm32f7xx_hal_tim_ex.o
LOAD ./Drivers/STM32F7xx_HAL_Driver/Src/stm32f7xx_hal_uart.o
LOAD ./Drivers/STM32F7xx_HAL_Driver/Src/stm32f7xx_hal_uart_ex.o
LOAD ./Drivers/STM32F7xx_HAL_Driver/Src/stm32f7xx_ll_usb.o
LOAD ./Middlewares/ST/STM32_USB_Device_Library/Class/CDC/Src/usbd_cdc.o
LOAD ./Middlewares/ST/STM32_USB_Device_Library/Core/Src/usbd_core.o
LOAD ./Middlewares/ST/STM32_USB_Device_Library/Core/Src/usbd_ctlreq.o
LOAD ./Middlewares/ST/STM32_USB_Device_Library/Core/Src/usbd_ioreq.o
LOAD ./USB_DEVICE/App/usb_device.o
LOAD ./USB_DEVICE/App/usbd_cdc_if.o
LOAD ./USB_DEVICE/App/usbd_desc.o
LOAD ./USB_DEVICE/Target/usbd_conf.o
START GROUP
LOAD D:/STM32Cube/STM32CubeIDE_1.17.0/STM32CubeIDE/plugins/com.st.stm32cube.ide.mcu.externaltools.gnu-tools-for-stm32.12.3.rel1.win32_1.1.0.202410251130/tools/bin/../lib/gcc/arm-none-eabi/12.3.1/../../../../arm-none-eabi/lib/thumb/v7e-m+dp/hard\libc_nano.a
LOAD D:/STM32Cube/STM32CubeIDE_1.17.0/STM32CubeIDE/plugins/com.st.stm32cube.ide.mcu.externaltools.gnu-tools-for-stm32.12.3.rel1.win32_1.1.0.202410251130/tools/bin/../lib/gcc/arm-none-eabi/12.3.1/../../../../arm-none-eabi/lib/thumb/v7e-m+dp/hard\libm.a
END GROUP
START GROUP
LOAD D:/STM32Cube/STM32CubeIDE_1.17.0/STM32CubeIDE/plugins/com.st.stm32cube.ide.mcu.externaltools.gnu-tools-for-stm32.12.3.rel1.win32_1.1.0.202410251130/tools/bin/../lib/gcc/arm-none-eabi/12.3.1/thumb/v7e-m+dp/hard\libgcc.a
LOAD D:/STM32Cube/STM32CubeIDE_1.17.0/STM32CubeIDE/plugins/com.st.stm32cube.ide.mcu.externaltools.gnu-tools-for-stm32.12.3.rel1.win32_1.1.0.202410251130/tools/bin/../lib/gcc/arm-none-eabi/12.3.1/../../../../arm-none-eabi/lib/thumb/v7e-m+dp/hard\libc_nano.a
END GROUP
START GROUP
LOAD D:/STM32Cube/STM32CubeIDE_1.17.0/STM32CubeIDE/plugins/com.st.stm32cube.ide.mcu.externaltools.gnu-tools-for-stm32.12.3.rel1.win32_1.1.0.202410251130/tools/bin/../lib/gcc/arm-none-eabi/12.3.1/thumb/v7e-m+dp/hard\libgcc.a
LOAD D:/STM32Cube/STM32CubeIDE_1.17.0/STM32CubeIDE/plugins/com.st.stm32cube.ide.mcu.externaltools.gnu-tools-for-stm32.12.3.rel1.win32_1.1.0.202410251130/tools/bin/../lib/gcc/arm-none-eabi/12.3.1/../../../../arm-none-eabi/lib/thumb/v7e-m+dp/hard\libc_nano.a
LOAD D:/STM32Cube/STM32CubeIDE_1.17.0/STM32CubeIDE/plugins/com.st.stm32cube.ide.mcu.externaltools.gnu-tools-for-stm32.12.3.rel1.win32_1.1.0.202410251130/tools/bin/../lib/gcc/arm-none-eabi/12.3.1/../../../../arm-none-eabi/lib/thumb/v7e-m+dp/hard\libnosys.a
END GROUP
START GROUP
LOAD D:/STM32Cube/STM32CubeIDE_1.17.0/STM32CubeIDE/plugins/com.st.stm32cube.ide.mcu.externaltools.gnu-tools-for-stm32.12.3.rel1.win32_1.1.0.202410251130/tools/bin/../lib/gcc/arm-none-eabi/12.3.1/thumb/v7e-m+dp/hard\libgcc.a
LOAD D:/STM32Cube/STM32CubeIDE_1.17.0/STM32CubeIDE/plugins/com.st.stm32cube.ide.mcu.externaltools.gnu-tools-for-stm32.12.3.rel1.win32_1.1.0.202410251130/tools/bin/../lib/gcc/arm-none-eabi/12.3.1/../../../../arm-none-eabi/lib/thumb/v7e-m+dp/hard\libc_nano.a
LOAD D:/STM32Cube/STM32CubeIDE_1.17.0/STM32CubeIDE/plugins/com.st.stm32cube.ide.mcu.externaltools.gnu-tools-for-stm32.12.3.rel1.win32_1.1.0.202410251130/tools/bin/../lib/gcc/arm-none-eabi/12.3.1/../../../../arm-none-eabi/lib/thumb/v7e-m+dp/hard\libnosys.a
END GROUP
LOAD D:/STM32Cube/STM32CubeIDE_1.17.0/STM32CubeIDE/plugins/com.st.stm32cube.ide.mcu.externaltools.gnu-tools-for-stm32.12.3.rel1.win32_1.1.0.202410251130/tools/bin/../lib/gcc/arm-none-eabi/12.3.1/thumb/v7e-m+dp/hard/crtend.o
LOAD D:/STM32Cube/STM32CubeIDE_1.17.0/STM32CubeIDE/plugins/com.st.stm32cube.ide.mcu.externaltools.gnu-tools-for-stm32.12.3.rel1.win32_1.1.0.202410251130/tools/bin/../lib/gcc/arm-none-eabi/12.3.1/thumb/v7e-m+dp/hard/crtn.o
                0x20080000                        _estack = (ORIGIN (RAM) + LENGTH (RAM))
                0x00000200                        _Min_Heap_Size = 0x200
                0x00000400                        _Min_Stack_Size = 0x400

.isr_vector     0x08000000      0x1f8
                0x08000000                        . = ALIGN (0x4)
 *(.isr_vector)
 .isr_vector    0x08000000      0x1f8 ./Core/Startup/startup_stm32f767zitx.o
                0x08000000                g_pfnVectors
                0x080001f8                        . = ALIGN (0x4)

.text           0x080001f8     0xe9f4
                0x080001f8                        . = ALIGN (0x4)
 *(.text)
 .text          0x080001f8       0x40 D:/STM32Cube/STM32CubeIDE_1.17.0/STM32CubeIDE/plugins/com.st.stm32cube.ide.mcu.externaltools.gnu-tools-for-stm32.12.3.rel1.win32_1.1.0.202410251130/tools/bin/../lib/gcc/arm-none-eabi/12.3.1/thumb/v7e-m+dp/hard/crtbegin.o
 .text          0x08000238      0x378 D:/STM32Cube/STM32CubeIDE_1.17.0/STM32CubeIDE/plugins/com.st.stm32cube.ide.mcu.externaltools.gnu-tools-for-stm32.12.3.rel1.win32_1.1.0.202410251130/tools/bin/../lib/gcc/arm-none-eabi/12.3.1/thumb/v7e-m+dp/hard\libgcc.a(_arm_addsubdf3.o)
                0x08000238                __aeabi_drsub
                0x08000240                __aeabi_dsub
                0x08000240                __subdf3
                0x08000244                __aeabi_dadd
                0x08000244                __adddf3
                0x080004bc                __floatunsidf
                0x080004bc                __aeabi_ui2d
                0x080004dc                __floatsidf
                0x080004dc                __aeabi_i2d
                0x08000500                __aeabi_f2d
                0x08000500                __extendsfdf2
                0x08000544                __floatundidf
                0x08000544                __aeabi_ul2d
                0x08000554                __floatdidf
                0x08000554                __aeabi_l2d
 .text          0x080005b0       0x30 D:/STM32Cube/STM32CubeIDE_1.17.0/STM32CubeIDE/plugins/com.st.stm32cube.ide.mcu.externaltools.gnu-tools-for-stm32.12.3.rel1.win32_1.1.0.202410251130/tools/bin/../lib/gcc/arm-none-eabi/12.3.1/thumb/v7e-m+dp/hard\libgcc.a(_aeabi_uldivmod.o)
                0x080005b0                __aeabi_uldivmod
 .text          0x080005e0      0x2bc D:/STM32Cube/STM32CubeIDE_1.17.0/STM32CubeIDE/plugins/com.st.stm32cube.ide.mcu.externaltools.gnu-tools-for-stm32.12.3.rel1.win32_1.1.0.202410251130/tools/bin/../lib/gcc/arm-none-eabi/12.3.1/thumb/v7e-m+dp/hard\libgcc.a(_udivmoddi4.o)
                0x080005e0                __udivmoddi4
 .text          0x0800089c        0x4 D:/STM32Cube/STM32CubeIDE_1.17.0/STM32CubeIDE/plugins/com.st.stm32cube.ide.mcu.externaltools.gnu-tools-for-stm32.12.3.rel1.win32_1.1.0.202410251130/tools/bin/../lib/gcc/arm-none-eabi/12.3.1/thumb/v7e-m+dp/hard\libgcc.a(_dvmd_tls.o)
                0x0800089c                __aeabi_idiv0
                0x0800089c                __aeabi_ldiv0
 *(.text*)
 .text.bldc_interface_init
                0x080008a0       0x20 ./Core/Src/bldc_interface.o
                0x080008a0                bldc_interface_init
 .text.bldc_interface_send_packet
                0x080008c0       0x28 ./Core/Src/bldc_interface.o
                0x080008c0                bldc_interface_send_packet
 .text.bldc_interface_process_packet
                0x080008e8     0x14a0 ./Core/Src/bldc_interface.o
                0x080008e8                bldc_interface_process_packet
 .text.bldc_interface_set_rpm
                0x08001d88       0x60 ./Core/Src/bldc_interface.o
                0x08001d88                bldc_interface_set_rpm
 .text.send_packet_no_fwd
                0x08001de8       0x28 ./Core/Src/bldc_interface.o
                0x08001de8                send_packet_no_fwd
 .text.bldc_interface_uart_init
                0x08001e10       0x28 ./Core/Src/bldc_interface_uart.o
                0x08001e10                bldc_interface_uart_init
 .text.process_packet
                0x08001e38       0x1a ./Core/Src/bldc_interface_uart.o
 .text.send_packet_bldc_interface
                0x08001e52       0x1c ./Core/Src/bldc_interface_uart.o
 *fill*         0x08001e6e        0x2 
 .text.send_packet
                0x08001e70       0x40 ./Core/Src/bldc_interface_uart.o
                0x08001e70                send_packet
 .text.buffer_append_int32
                0x08001eb0       0x76 ./Core/Src/buffer.o
                0x08001eb0                buffer_append_int32
 .text.buffer_get_int16
                0x08001f26       0x46 ./Core/Src/buffer.o
                0x08001f26                buffer_get_int16
 .text.buffer_get_uint16
                0x08001f6c       0x46 ./Core/Src/buffer.o
                0x08001f6c                buffer_get_uint16
 .text.buffer_get_int32
                0x08001fb2       0x60 ./Core/Src/buffer.o
                0x08001fb2                buffer_get_int32
 .text.buffer_get_uint32
                0x08002012       0x60 ./Core/Src/buffer.o
                0x08002012                buffer_get_uint32
 .text.buffer_get_float16
                0x08002072       0x36 ./Core/Src/buffer.o
                0x08002072                buffer_get_float16
 .text.buffer_get_float32
                0x080020a8       0x34 ./Core/Src/buffer.o
                0x080020a8                buffer_get_float32
 *fill*         0x080020dc        0x4 
 .text.buffer_get_float32_auto
                0x080020e0       0xa8 ./Core/Src/buffer.o
                0x080020e0                buffer_get_float32_auto
 .text.Motor_Input
                0x08002188       0xfc ./Core/Src/controller.o
                0x08002188                Motor_Input
 .text.crc16    0x08002284       0x5c ./Core/Src/crc.o
                0x08002284                crc16
 .text.DataAcq_Init
                0x080022e0       0x38 ./Core/Src/data_acquisition.o
                0x080022e0                DataAcq_Init
 .text.DataAcq_ScaleFloatValue
                0x08002318       0x30 ./Core/Src/data_acquisition.o
 .text.DataAcq_SwitchBuffers
                0x08002348       0x48 ./Core/Src/data_acquisition.o
 .text.DataAcq_ProcessSamples
                0x08002390      0x14c ./Core/Src/data_acquisition.o
                0x08002390                DataAcq_ProcessSamples
 .text.Get_MilliSecond
                0x080024dc       0x18 ./Core/Src/data_acquisition.o
                0x080024dc                Get_MilliSecond
 .text.main     0x080024f4       0x48 ./Core/Src/main.o
                0x080024f4                main
 .text.SystemClock_Config
                0x0800253c       0xe0 ./Core/Src/main.o
                0x0800253c                SystemClock_Config
 .text.MX_ADC1_Init
                0x0800261c      0x114 ./Core/Src/main.o
 .text.MX_ETH_Init
                0x08002730       0x9c ./Core/Src/main.o
 .text.MX_TIM2_Init
                0x080027cc       0x9c ./Core/Src/main.o
 .text.MX_TIM3_Init
                0x08002868       0x9c ./Core/Src/main.o
 .text.MX_TIM4_Init
                0x08002904      0x110 ./Core/Src/main.o
 .text.MX_USART2_UART_Init
                0x08002a14       0x60 ./Core/Src/main.o
 .text.MX_USART3_UART_Init
                0x08002a74       0x60 ./Core/Src/main.o
 .text.MX_DMA_Init
                0x08002ad4       0x74 ./Core/Src/main.o
 .text.MX_GPIO_Init
                0x08002b48      0x144 ./Core/Src/main.o
 .text.ApplicationInit_Sequence
                0x08002c8c       0x88 ./Core/Src/main.o
 .text.Application
                0x08002d14        0xc ./Core/Src/main.o
 .text.Error_Handler
                0x08002d20        0xc ./Core/Src/main.o
                0x08002d20                Error_Handler
 .text.MotorSpeed_Init
                0x08002d2c       0x58 ./Core/Src/motor_speed.o
                0x08002d2c                MotorSpeed_Init
 .text.MotorSpeed_GetRPM
                0x08002d84       0x1c ./Core/Src/motor_speed.o
                0x08002d84                MotorSpeed_GetRPM
 .text.MotorSpeed_CalculatePeriod
                0x08002da0       0x3c ./Core/Src/motor_speed.o
 .text.MotorSpeed_TimerCallback
                0x08002ddc       0xbc ./Core/Src/motor_speed.o
                0x08002ddc                MotorSpeed_TimerCallback
 .text.packet_init
                0x08002e98       0x44 ./Core/Src/packet.o
                0x08002e98                packet_init
 .text.packet_send_packet
                0x08002edc      0x1b4 ./Core/Src/packet.o
                0x08002edc                packet_send_packet
 .text.HAL_MspInit
                0x08003090       0x48 ./Core/Src/stm32f7xx_hal_msp.o
                0x08003090                HAL_MspInit
 .text.HAL_ADC_MspInit
                0x080030d8       0xe8 ./Core/Src/stm32f7xx_hal_msp.o
                0x080030d8                HAL_ADC_MspInit
 .text.HAL_ETH_MspInit
                0x080031c0      0x170 ./Core/Src/stm32f7xx_hal_msp.o
                0x080031c0                HAL_ETH_MspInit
 .text.HAL_TIM_Base_MspInit
                0x08003330      0x104 ./Core/Src/stm32f7xx_hal_msp.o
                0x08003330                HAL_TIM_Base_MspInit
 .text.HAL_UART_MspInit
                0x08003434      0x224 ./Core/Src/stm32f7xx_hal_msp.o
                0x08003434                HAL_UART_MspInit
 .text.NMI_Handler
                0x08003658        0x8 ./Core/Src/stm32f7xx_it.o
                0x08003658                NMI_Handler
 .text.HardFault_Handler
                0x08003660        0x8 ./Core/Src/stm32f7xx_it.o
                0x08003660                HardFault_Handler
 .text.MemManage_Handler
                0x08003668        0x8 ./Core/Src/stm32f7xx_it.o
                0x08003668                MemManage_Handler
 .text.BusFault_Handler
                0x08003670        0x8 ./Core/Src/stm32f7xx_it.o
                0x08003670                BusFault_Handler
 .text.UsageFault_Handler
                0x08003678        0x8 ./Core/Src/stm32f7xx_it.o
                0x08003678                UsageFault_Handler
 .text.SVC_Handler
                0x08003680        0xe ./Core/Src/stm32f7xx_it.o
                0x08003680                SVC_Handler
 .text.DebugMon_Handler
                0x0800368e        0xe ./Core/Src/stm32f7xx_it.o
                0x0800368e                DebugMon_Handler
 .text.PendSV_Handler
                0x0800369c        0xe ./Core/Src/stm32f7xx_it.o
                0x0800369c                PendSV_Handler
 .text.SysTick_Handler
                0x080036aa        0xc ./Core/Src/stm32f7xx_it.o
                0x080036aa                SysTick_Handler
 *fill*         0x080036b6        0x2 
 .text.DMA1_Stream5_IRQHandler
                0x080036b8       0x14 ./Core/Src/stm32f7xx_it.o
                0x080036b8                DMA1_Stream5_IRQHandler
 .text.DMA1_Stream6_IRQHandler
                0x080036cc       0x14 ./Core/Src/stm32f7xx_it.o
                0x080036cc                DMA1_Stream6_IRQHandler
 .text.TIM2_IRQHandler
                0x080036e0       0x14 ./Core/Src/stm32f7xx_it.o
                0x080036e0                TIM2_IRQHandler
 .text.TIM3_IRQHandler
                0x080036f4       0x14 ./Core/Src/stm32f7xx_it.o
                0x080036f4                TIM3_IRQHandler
 .text.TIM4_IRQHandler
                0x08003708       0x14 ./Core/Src/stm32f7xx_it.o
                0x08003708                TIM4_IRQHandler
 .text.USART2_IRQHandler
                0x0800371c       0x14 ./Core/Src/stm32f7xx_it.o
                0x0800371c                USART2_IRQHandler
 .text.DMA2_Stream0_IRQHandler
                0x08003730       0x14 ./Core/Src/stm32f7xx_it.o
                0x08003730                DMA2_Stream0_IRQHandler
 .text.OTG_FS_IRQHandler
                0x08003744       0x14 ./Core/Src/stm32f7xx_it.o
                0x08003744                OTG_FS_IRQHandler
 .text.HAL_TIM_PeriodElapsedCallback
                0x08003758       0x24 ./Core/Src/stm32f7xx_it.o
                0x08003758                HAL_TIM_PeriodElapsedCallback
 .text.HAL_ADC_ConvCpltCallback
                0x0800377c       0x20 ./Core/Src/stm32f7xx_it.o
                0x0800377c                HAL_ADC_ConvCpltCallback
 .text.HAL_TIM_IC_CaptureCallback
                0x0800379c       0x16 ./Core/Src/stm32f7xx_it.o
                0x0800379c                HAL_TIM_IC_CaptureCallback
 *fill*         0x080037b2        0x2 
 .text._sbrk    0x080037b4       0x6c ./Core/Src/sysmem.o
                0x080037b4                _sbrk
 .text.SystemInit
                0x08003820       0x24 ./Core/Src/system_stm32f7xx.o
                0x08003820                SystemInit
 .text.transmit_usb_packet
                0x08003844       0x3c ./Core/Src/usb_comm.o
 .text.process_and_transmit_buffer
                0x08003880       0xd4 ./Core/Src/usb_comm.o
 .text.usb_transmit_task
                0x08003954       0x44 ./Core/Src/usb_comm.o
                0x08003954                usb_transmit_task
 .text.CDC_Receive_FS_App
                0x08003998       0xb8 ./Core/Src/usb_comm.o
                0x08003998                CDC_Receive_FS_App
 .text.Reset_Handler
                0x08003a50       0x50 ./Core/Startup/startup_stm32f767zitx.o
                0x08003a50                Reset_Handler
 .text.Default_Handler
                0x08003aa0        0x2 ./Core/Startup/startup_stm32f767zitx.o
                0x08003aa0                RTC_Alarm_IRQHandler
                0x08003aa0                EXTI2_IRQHandler
                0x08003aa0                TIM8_CC_IRQHandler
                0x08003aa0                UART8_IRQHandler
                0x08003aa0                SPI4_IRQHandler
                0x08003aa0                TIM1_CC_IRQHandler
                0x08003aa0                DMA2_Stream5_IRQHandler
                0x08003aa0                JPEG_IRQHandler
                0x08003aa0                CAN3_RX1_IRQHandler
                0x08003aa0                PVD_IRQHandler
                0x08003aa0                TAMP_STAMP_IRQHandler
                0x08003aa0                CAN2_RX1_IRQHandler
                0x08003aa0                EXTI3_IRQHandler
                0x08003aa0                TIM8_TRG_COM_TIM14_IRQHandler
                0x08003aa0                DFSDM1_FLT1_IRQHandler
                0x08003aa0                TIM1_UP_TIM10_IRQHandler
                0x08003aa0                TIM8_UP_TIM13_IRQHandler
                0x08003aa0                I2C3_ER_IRQHandler
                0x08003aa0                DFSDM1_FLT2_IRQHandler
                0x08003aa0                EXTI0_IRQHandler
                0x08003aa0                I2C2_EV_IRQHandler
                0x08003aa0                DMA1_Stream2_IRQHandler
                0x08003aa0                CAN1_RX0_IRQHandler
                0x08003aa0                FPU_IRQHandler
                0x08003aa0                OTG_HS_WKUP_IRQHandler
                0x08003aa0                CAN3_SCE_IRQHandler
                0x08003aa0                LTDC_ER_IRQHandler
                0x08003aa0                CAN2_SCE_IRQHandler
                0x08003aa0                DMA2_Stream2_IRQHandler
                0x08003aa0                SPI1_IRQHandler
                0x08003aa0                TIM6_DAC_IRQHandler
                0x08003aa0                TIM1_BRK_TIM9_IRQHandler
                0x08003aa0                DCMI_IRQHandler
                0x08003aa0                CAN2_RX0_IRQHandler
                0x08003aa0                DMA2_Stream3_IRQHandler
                0x08003aa0                SAI2_IRQHandler
                0x08003aa0                DFSDM1_FLT3_IRQHandler
                0x08003aa0                USART6_IRQHandler
                0x08003aa0                CAN3_RX0_IRQHandler
                0x08003aa0                USART3_IRQHandler
                0x08003aa0                CAN1_RX1_IRQHandler
                0x08003aa0                UART5_IRQHandler
                0x08003aa0                QUADSPI_IRQHandler
                0x08003aa0                I2C1_EV_IRQHandler
                0x08003aa0                DMA1_Stream1_IRQHandler
                0x08003aa0                UART4_IRQHandler
                0x08003aa0                RCC_IRQHandler
                0x08003aa0                TIM8_BRK_TIM12_IRQHandler
                0x08003aa0                Default_Handler
                0x08003aa0                CEC_IRQHandler
                0x08003aa0                EXTI15_10_IRQHandler
                0x08003aa0                ADC_IRQHandler
                0x08003aa0                DMA1_Stream7_IRQHandler
                0x08003aa0                SPI5_IRQHandler
                0x08003aa0                TIM7_IRQHandler
                0x08003aa0                SDMMC1_IRQHandler
                0x08003aa0                CAN2_TX_IRQHandler
                0x08003aa0                TIM5_IRQHandler
                0x08003aa0                DMA2_Stream7_IRQHandler
                0x08003aa0                I2C3_EV_IRQHandler
                0x08003aa0                EXTI9_5_IRQHandler
                0x08003aa0                RTC_WKUP_IRQHandler
                0x08003aa0                LTDC_IRQHandler
                0x08003aa0                ETH_WKUP_IRQHandler
                0x08003aa0                SPDIF_RX_IRQHandler
                0x08003aa0                SPI2_IRQHandler
                0x08003aa0                OTG_HS_EP1_IN_IRQHandler
                0x08003aa0                DMA1_Stream0_IRQHandler
                0x08003aa0                CAN1_TX_IRQHandler
                0x08003aa0                EXTI4_IRQHandler
                0x08003aa0                RNG_IRQHandler
                0x08003aa0                ETH_IRQHandler
                0x08003aa0                OTG_HS_EP1_OUT_IRQHandler
                0x08003aa0                WWDG_IRQHandler
                0x08003aa0                SPI6_IRQHandler
                0x08003aa0                MDIOS_IRQHandler
                0x08003aa0                I2C4_EV_IRQHandler
                0x08003aa0                CAN3_TX_IRQHandler
                0x08003aa0                OTG_FS_WKUP_IRQHandler
                0x08003aa0                TIM1_TRG_COM_TIM11_IRQHandler
                0x08003aa0                OTG_HS_IRQHandler
                0x08003aa0                DMA2D_IRQHandler
                0x08003aa0                EXTI1_IRQHandler
                0x08003aa0                SDMMC2_IRQHandler
                0x08003aa0                UART7_IRQHandler
                0x08003aa0                DFSDM1_FLT0_IRQHandler
                0x08003aa0                I2C2_ER_IRQHandler
                0x08003aa0                DMA2_Stream1_IRQHandler
                0x08003aa0                CAN1_SCE_IRQHandler
                0x08003aa0                FLASH_IRQHandler
                0x08003aa0                DMA2_Stream4_IRQHandler
                0x08003aa0                USART1_IRQHandler
                0x08003aa0                SPI3_IRQHandler
                0x08003aa0                DMA1_Stream4_IRQHandler
                0x08003aa0                I2C1_ER_IRQHandler
                0x08003aa0                FMC_IRQHandler
                0x08003aa0                LPTIM1_IRQHandler
                0x08003aa0                I2C4_ER_IRQHandler
                0x08003aa0                DMA2_Stream6_IRQHandler
                0x08003aa0                SAI1_IRQHandler
                0x08003aa0                DMA1_Stream3_IRQHandler
 .text.HAL_Init
                0x08003aa2       0x1a ./Drivers/STM32F7xx_HAL_Driver/Src/stm32f7xx_hal.o
                0x08003aa2                HAL_Init
 .text.HAL_InitTick
                0x08003abc       0x60 ./Drivers/STM32F7xx_HAL_Driver/Src/stm32f7xx_hal.o
                0x08003abc                HAL_InitTick
 .text.HAL_IncTick
                0x08003b1c       0x28 ./Drivers/STM32F7xx_HAL_Driver/Src/stm32f7xx_hal.o
                0x08003b1c                HAL_IncTick
 .text.HAL_GetTick
                0x08003b44       0x18 ./Drivers/STM32F7xx_HAL_Driver/Src/stm32f7xx_hal.o
                0x08003b44                HAL_GetTick
 .text.HAL_Delay
                0x08003b5c       0x48 ./Drivers/STM32F7xx_HAL_Driver/Src/stm32f7xx_hal.o
                0x08003b5c                HAL_Delay
 .text.HAL_ADC_Init
                0x08003ba4       0x88 ./Drivers/STM32F7xx_HAL_Driver/Src/stm32f7xx_hal_adc.o
                0x08003ba4                HAL_ADC_Init
 .text.HAL_ADC_Start_DMA
                0x08003c2c      0x1f4 ./Drivers/STM32F7xx_HAL_Driver/Src/stm32f7xx_hal_adc.o
                0x08003c2c                HAL_ADC_Start_DMA
 .text.HAL_ADC_ConvHalfCpltCallback
                0x08003e20       0x14 ./Drivers/STM32F7xx_HAL_Driver/Src/stm32f7xx_hal_adc.o
                0x08003e20                HAL_ADC_ConvHalfCpltCallback
 .text.HAL_ADC_ErrorCallback
                0x08003e34       0x14 ./Drivers/STM32F7xx_HAL_Driver/Src/stm32f7xx_hal_adc.o
                0x08003e34                HAL_ADC_ErrorCallback
 .text.HAL_ADC_ConfigChannel
                0x08003e48      0x2ac ./Drivers/STM32F7xx_HAL_Driver/Src/stm32f7xx_hal_adc.o
                0x08003e48                HAL_ADC_ConfigChannel
 .text.ADC_Init
                0x080040f4      0x1f4 ./Drivers/STM32F7xx_HAL_Driver/Src/stm32f7xx_hal_adc.o
 .text.ADC_DMAConvCplt
                0x080042e8       0xba ./Drivers/STM32F7xx_HAL_Driver/Src/stm32f7xx_hal_adc.o
 .text.ADC_DMAHalfConvCplt
                0x080043a2       0x1c ./Drivers/STM32F7xx_HAL_Driver/Src/stm32f7xx_hal_adc.o
 .text.ADC_DMAError
                0x080043be       0x2e ./Drivers/STM32F7xx_HAL_Driver/Src/stm32f7xx_hal_adc.o
 .text.__NVIC_SetPriorityGrouping
                0x080043ec       0x48 ./Drivers/STM32F7xx_HAL_Driver/Src/stm32f7xx_hal_cortex.o
 .text.__NVIC_GetPriorityGrouping
                0x08004434       0x1c ./Drivers/STM32F7xx_HAL_Driver/Src/stm32f7xx_hal_cortex.o
 .text.__NVIC_EnableIRQ
                0x08004450       0x3c ./Drivers/STM32F7xx_HAL_Driver/Src/stm32f7xx_hal_cortex.o
 .text.__NVIC_SetPriority
                0x0800448c       0x54 ./Drivers/STM32F7xx_HAL_Driver/Src/stm32f7xx_hal_cortex.o
 .text.NVIC_EncodePriority
                0x080044e0       0x66 ./Drivers/STM32F7xx_HAL_Driver/Src/stm32f7xx_hal_cortex.o
 *fill*         0x08004546        0x2 
 .text.SysTick_Config
                0x08004548       0x44 ./Drivers/STM32F7xx_HAL_Driver/Src/stm32f7xx_hal_cortex.o
 .text.HAL_NVIC_SetPriorityGrouping
                0x0800458c       0x16 ./Drivers/STM32F7xx_HAL_Driver/Src/stm32f7xx_hal_cortex.o
                0x0800458c                HAL_NVIC_SetPriorityGrouping
 .text.HAL_NVIC_SetPriority
                0x080045a2       0x38 ./Drivers/STM32F7xx_HAL_Driver/Src/stm32f7xx_hal_cortex.o
                0x080045a2                HAL_NVIC_SetPriority
 .text.HAL_NVIC_EnableIRQ
                0x080045da       0x1c ./Drivers/STM32F7xx_HAL_Driver/Src/stm32f7xx_hal_cortex.o
                0x080045da                HAL_NVIC_EnableIRQ
 .text.HAL_SYSTICK_Config
                0x080045f6       0x18 ./Drivers/STM32F7xx_HAL_Driver/Src/stm32f7xx_hal_cortex.o
                0x080045f6                HAL_SYSTICK_Config
 *fill*         0x0800460e        0x2 
 .text.HAL_DMA_Init
                0x08004610      0x15c ./Drivers/STM32F7xx_HAL_Driver/Src/stm32f7xx_hal_dma.o
                0x08004610                HAL_DMA_Init
 .text.HAL_DMA_Start_IT
                0x0800476c       0xc0 ./Drivers/STM32F7xx_HAL_Driver/Src/stm32f7xx_hal_dma.o
                0x0800476c                HAL_DMA_Start_IT
 .text.HAL_DMA_Abort
                0x0800482c       0xe0 ./Drivers/STM32F7xx_HAL_Driver/Src/stm32f7xx_hal_dma.o
                0x0800482c                HAL_DMA_Abort
 .text.HAL_DMA_Abort_IT
                0x0800490c       0x44 ./Drivers/STM32F7xx_HAL_Driver/Src/stm32f7xx_hal_dma.o
                0x0800490c                HAL_DMA_Abort_IT
 .text.HAL_DMA_IRQHandler
                0x08004950      0x314 ./Drivers/STM32F7xx_HAL_Driver/Src/stm32f7xx_hal_dma.o
                0x08004950                HAL_DMA_IRQHandler
 .text.DMA_SetConfig
                0x08004c64       0x5c ./Drivers/STM32F7xx_HAL_Driver/Src/stm32f7xx_hal_dma.o
 .text.DMA_CalcBaseAndBitshift
                0x08004cc0       0x6c ./Drivers/STM32F7xx_HAL_Driver/Src/stm32f7xx_hal_dma.o
 .text.DMA_CheckFifoParam
                0x08004d2c       0xf8 ./Drivers/STM32F7xx_HAL_Driver/Src/stm32f7xx_hal_dma.o
 .text.HAL_ETH_Init
                0x08004e24      0x134 ./Drivers/STM32F7xx_HAL_Driver/Src/stm32f7xx_hal_eth.o
                0x08004e24                HAL_ETH_Init
 .text.ETH_SetMACConfig
                0x08004f58      0x168 ./Drivers/STM32F7xx_HAL_Driver/Src/stm32f7xx_hal_eth.o
 .text.ETH_SetDMAConfig
                0x080050c0      0x114 ./Drivers/STM32F7xx_HAL_Driver/Src/stm32f7xx_hal_eth.o
 .text.ETH_MACDMAConfig
                0x080051d4       0xea ./Drivers/STM32F7xx_HAL_Driver/Src/stm32f7xx_hal_eth.o
 *fill*         0x080052be        0x2 
 .text.ETH_MACAddressConfig
                0x080052c0       0x70 ./Drivers/STM32F7xx_HAL_Driver/Src/stm32f7xx_hal_eth.o
 .text.ETH_DMATxDescListInit
                0x08005330       0xb2 ./Drivers/STM32F7xx_HAL_Driver/Src/stm32f7xx_hal_eth.o
 .text.ETH_DMARxDescListInit
                0x080053e2       0xde ./Drivers/STM32F7xx_HAL_Driver/Src/stm32f7xx_hal_eth.o
 .text.HAL_GPIO_Init
                0x080054c0      0x358 ./Drivers/STM32F7xx_HAL_Driver/Src/stm32f7xx_hal_gpio.o
                0x080054c0                HAL_GPIO_Init
 .text.HAL_GPIO_WritePin
                0x08005818       0x32 ./Drivers/STM32F7xx_HAL_Driver/Src/stm32f7xx_hal_gpio.o
                0x08005818                HAL_GPIO_WritePin
 .text.HAL_GPIO_TogglePin
                0x0800584a       0x34 ./Drivers/STM32F7xx_HAL_Driver/Src/stm32f7xx_hal_gpio.o
                0x0800584a                HAL_GPIO_TogglePin
 .text.HAL_PCD_Init
                0x0800587e      0x22c ./Drivers/STM32F7xx_HAL_Driver/Src/stm32f7xx_hal_pcd.o
                0x0800587e                HAL_PCD_Init
 .text.HAL_PCD_Start
                0x08005aaa       0x44 ./Drivers/STM32F7xx_HAL_Driver/Src/stm32f7xx_hal_pcd.o
                0x08005aaa                HAL_PCD_Start
 .text.HAL_PCD_IRQHandler
                0x08005aee      0x99c ./Drivers/STM32F7xx_HAL_Driver/Src/stm32f7xx_hal_pcd.o
                0x08005aee                HAL_PCD_IRQHandler
 .text.HAL_PCD_SetAddress
                0x0800648a       0x48 ./Drivers/STM32F7xx_HAL_Driver/Src/stm32f7xx_hal_pcd.o
                0x0800648a                HAL_PCD_SetAddress
 .text.HAL_PCD_EP_Open
                0x080064d2       0xd0 ./Drivers/STM32F7xx_HAL_Driver/Src/stm32f7xx_hal_pcd.o
                0x080064d2                HAL_PCD_EP_Open
 .text.HAL_PCD_EP_Close
                0x080065a2       0x94 ./Drivers/STM32F7xx_HAL_Driver/Src/stm32f7xx_hal_pcd.o
                0x080065a2                HAL_PCD_EP_Close
 .text.HAL_PCD_EP_Receive
                0x08006636       0x76 ./Drivers/STM32F7xx_HAL_Driver/Src/stm32f7xx_hal_pcd.o
                0x08006636                HAL_PCD_EP_Receive
 .text.HAL_PCD_EP_GetRxCount
                0x080066ac       0x30 ./Drivers/STM32F7xx_HAL_Driver/Src/stm32f7xx_hal_pcd.o
                0x080066ac                HAL_PCD_EP_GetRxCount
 .text.HAL_PCD_EP_Transmit
                0x080066dc       0x74 ./Drivers/STM32F7xx_HAL_Driver/Src/stm32f7xx_hal_pcd.o
                0x080066dc                HAL_PCD_EP_Transmit
 .text.HAL_PCD_EP_SetStall
                0x08006750       0xc6 ./Drivers/STM32F7xx_HAL_Driver/Src/stm32f7xx_hal_pcd.o
                0x08006750                HAL_PCD_EP_SetStall
 .text.HAL_PCD_EP_ClrStall
                0x08006816       0xac ./Drivers/STM32F7xx_HAL_Driver/Src/stm32f7xx_hal_pcd.o
                0x08006816                HAL_PCD_EP_ClrStall
 .text.HAL_PCD_EP_Abort
                0x080068c2       0x62 ./Drivers/STM32F7xx_HAL_Driver/Src/stm32f7xx_hal_pcd.o
                0x080068c2                HAL_PCD_EP_Abort
 .text.PCD_WriteEmptyTxFifo
                0x08006924      0x118 ./Drivers/STM32F7xx_HAL_Driver/Src/stm32f7xx_hal_pcd.o
 .text.PCD_EP_OutXfrComplete_int
                0x08006a3c      0x1d0 ./Drivers/STM32F7xx_HAL_Driver/Src/stm32f7xx_hal_pcd.o
 .text.PCD_EP_OutSetupPacket_int
                0x08006c0c       0x8c ./Drivers/STM32F7xx_HAL_Driver/Src/stm32f7xx_hal_pcd.o
 .text.HAL_PCDEx_SetTxFiFo
                0x08006c98       0x8e ./Drivers/STM32F7xx_HAL_Driver/Src/stm32f7xx_hal_pcd_ex.o
                0x08006c98                HAL_PCDEx_SetTxFiFo
 .text.HAL_PCDEx_SetRxFiFo
                0x08006d26       0x22 ./Drivers/STM32F7xx_HAL_Driver/Src/stm32f7xx_hal_pcd_ex.o
                0x08006d26                HAL_PCDEx_SetRxFiFo
 .text.HAL_PCDEx_ActivateLPM
                0x08006d48       0x48 ./Drivers/STM32F7xx_HAL_Driver/Src/stm32f7xx_hal_pcd_ex.o
                0x08006d48                HAL_PCDEx_ActivateLPM
 .text.HAL_PWR_EnableBkUpAccess
                0x08006d90       0x20 ./Drivers/STM32F7xx_HAL_Driver/Src/stm32f7xx_hal_pwr.o
                0x08006d90                HAL_PWR_EnableBkUpAccess
 .text.HAL_PWREx_EnableOverDrive
                0x08006db0       0xa0 ./Drivers/STM32F7xx_HAL_Driver/Src/stm32f7xx_hal_pwr_ex.o
                0x08006db0                HAL_PWREx_EnableOverDrive
 .text.HAL_RCC_OscConfig
                0x08006e50      0x55c ./Drivers/STM32F7xx_HAL_Driver/Src/stm32f7xx_hal_rcc.o
                0x08006e50                HAL_RCC_OscConfig
 .text.HAL_RCC_ClockConfig
                0x080073ac      0x1d8 ./Drivers/STM32F7xx_HAL_Driver/Src/stm32f7xx_hal_rcc.o
                0x080073ac                HAL_RCC_ClockConfig
 .text.HAL_RCC_GetSysClockFreq
                0x08007584      0x20c ./Drivers/STM32F7xx_HAL_Driver/Src/stm32f7xx_hal_rcc.o
                0x08007584                HAL_RCC_GetSysClockFreq
 .text.HAL_RCC_GetHCLKFreq
                0x08007790       0x18 ./Drivers/STM32F7xx_HAL_Driver/Src/stm32f7xx_hal_rcc.o
                0x08007790                HAL_RCC_GetHCLKFreq
 .text.HAL_RCC_GetPCLK1Freq
                0x080077a8       0x28 ./Drivers/STM32F7xx_HAL_Driver/Src/stm32f7xx_hal_rcc.o
                0x080077a8                HAL_RCC_GetPCLK1Freq
 .text.HAL_RCC_GetPCLK2Freq
                0x080077d0       0x28 ./Drivers/STM32F7xx_HAL_Driver/Src/stm32f7xx_hal_rcc.o
                0x080077d0                HAL_RCC_GetPCLK2Freq
 .text.HAL_RCCEx_PeriphCLKConfig
                0x080077f8      0x850 ./Drivers/STM32F7xx_HAL_Driver/Src/stm32f7xx_hal_rcc_ex.o
                0x080077f8                HAL_RCCEx_PeriphCLKConfig
 .text.HAL_TIM_Base_Init
                0x08008048       0xae ./Drivers/STM32F7xx_HAL_Driver/Src/stm32f7xx_hal_tim.o
                0x08008048                HAL_TIM_Base_Init
 *fill*         0x080080f6        0x2 
 .text.HAL_TIM_Base_Start_IT
                0x080080f8       0xf0 ./Drivers/STM32F7xx_HAL_Driver/Src/stm32f7xx_hal_tim.o
                0x080080f8                HAL_TIM_Base_Start_IT
 .text.HAL_TIM_Base_Stop_IT
                0x080081e8       0x5e ./Drivers/STM32F7xx_HAL_Driver/Src/stm32f7xx_hal_tim.o
                0x080081e8                HAL_TIM_Base_Stop_IT
 .text.HAL_TIM_IC_Init
                0x08008246       0xae ./Drivers/STM32F7xx_HAL_Driver/Src/stm32f7xx_hal_tim.o
                0x08008246                HAL_TIM_IC_Init
 .text.HAL_TIM_IC_MspInit
                0x080082f4       0x14 ./Drivers/STM32F7xx_HAL_Driver/Src/stm32f7xx_hal_tim.o
                0x080082f4                HAL_TIM_IC_MspInit
 .text.HAL_TIM_IC_Start_IT
                0x08008308      0x2a0 ./Drivers/STM32F7xx_HAL_Driver/Src/stm32f7xx_hal_tim.o
                0x08008308                HAL_TIM_IC_Start_IT
 .text.HAL_TIM_IRQHandler
                0x080085a8      0x20e ./Drivers/STM32F7xx_HAL_Driver/Src/stm32f7xx_hal_tim.o
                0x080085a8                HAL_TIM_IRQHandler
 .text.HAL_TIM_IC_ConfigChannel
                0x080087b6      0x138 ./Drivers/STM32F7xx_HAL_Driver/Src/stm32f7xx_hal_tim.o
                0x080087b6                HAL_TIM_IC_ConfigChannel
 *fill*         0x080088ee        0x2 
 .text.HAL_TIM_ConfigClockSource
                0x080088f0      0x194 ./Drivers/STM32F7xx_HAL_Driver/Src/stm32f7xx_hal_tim.o
                0x080088f0                HAL_TIM_ConfigClockSource
 .text.HAL_TIM_ReadCapturedValue
                0x08008a84       0x88 ./Drivers/STM32F7xx_HAL_Driver/Src/stm32f7xx_hal_tim.o
                0x08008a84                HAL_TIM_ReadCapturedValue
 .text.HAL_TIM_OC_DelayElapsedCallback
                0x08008b0c       0x14 ./Drivers/STM32F7xx_HAL_Driver/Src/stm32f7xx_hal_tim.o
                0x08008b0c                HAL_TIM_OC_DelayElapsedCallback
 .text.HAL_TIM_PWM_PulseFinishedCallback
                0x08008b20       0x14 ./Drivers/STM32F7xx_HAL_Driver/Src/stm32f7xx_hal_tim.o
                0x08008b20                HAL_TIM_PWM_PulseFinishedCallback
 .text.HAL_TIM_TriggerCallback
                0x08008b34       0x14 ./Drivers/STM32F7xx_HAL_Driver/Src/stm32f7xx_hal_tim.o
                0x08008b34                HAL_TIM_TriggerCallback
 .text.TIM_Base_SetConfig
                0x08008b48      0x158 ./Drivers/STM32F7xx_HAL_Driver/Src/stm32f7xx_hal_tim.o
                0x08008b48                TIM_Base_SetConfig
 .text.TIM_TI1_SetConfig
                0x08008ca0       0xe8 ./Drivers/STM32F7xx_HAL_Driver/Src/stm32f7xx_hal_tim.o
                0x08008ca0                TIM_TI1_SetConfig
 .text.TIM_TI1_ConfigInputStage
                0x08008d88       0x5e ./Drivers/STM32F7xx_HAL_Driver/Src/stm32f7xx_hal_tim.o
 .text.TIM_TI2_SetConfig
                0x08008de6       0x7a ./Drivers/STM32F7xx_HAL_Driver/Src/stm32f7xx_hal_tim.o
 .text.TIM_TI2_ConfigInputStage
                0x08008e60       0x60 ./Drivers/STM32F7xx_HAL_Driver/Src/stm32f7xx_hal_tim.o
 .text.TIM_TI3_SetConfig
                0x08008ec0       0x78 ./Drivers/STM32F7xx_HAL_Driver/Src/stm32f7xx_hal_tim.o
 .text.TIM_TI4_SetConfig
                0x08008f38       0x7a ./Drivers/STM32F7xx_HAL_Driver/Src/stm32f7xx_hal_tim.o
 .text.TIM_ITRx_SetConfig
                0x08008fb2       0x36 ./Drivers/STM32F7xx_HAL_Driver/Src/stm32f7xx_hal_tim.o
 .text.TIM_ETR_SetConfig
                0x08008fe8       0x40 ./Drivers/STM32F7xx_HAL_Driver/Src/stm32f7xx_hal_tim.o
                0x08008fe8                TIM_ETR_SetConfig
 .text.TIM_CCxChannelCmd
                0x08009028       0x4a ./Drivers/STM32F7xx_HAL_Driver/Src/stm32f7xx_hal_tim.o
                0x08009028                TIM_CCxChannelCmd
 *fill*         0x08009072        0x2 
 .text.HAL_TIMEx_MasterConfigSynchronization
                0x08009074      0x11c ./Drivers/STM32F7xx_HAL_Driver/Src/stm32f7xx_hal_tim_ex.o
                0x08009074                HAL_TIMEx_MasterConfigSynchronization
 .text.HAL_TIMEx_CommutCallback
                0x08009190       0x14 ./Drivers/STM32F7xx_HAL_Driver/Src/stm32f7xx_hal_tim_ex.o
                0x08009190                HAL_TIMEx_CommutCallback
 .text.HAL_TIMEx_BreakCallback
                0x080091a4       0x14 ./Drivers/STM32F7xx_HAL_Driver/Src/stm32f7xx_hal_tim_ex.o
                0x080091a4                HAL_TIMEx_BreakCallback
 .text.HAL_TIMEx_Break2Callback
                0x080091b8       0x14 ./Drivers/STM32F7xx_HAL_Driver/Src/stm32f7xx_hal_tim_ex.o
                0x080091b8                HAL_TIMEx_Break2Callback
 .text.HAL_UART_Init
                0x080091cc       0x9c ./Drivers/STM32F7xx_HAL_Driver/Src/stm32f7xx_hal_uart.o
                0x080091cc                HAL_UART_Init
 .text.HAL_UART_Transmit_DMA
                0x08009268       0xf8 ./Drivers/STM32F7xx_HAL_Driver/Src/stm32f7xx_hal_uart.o
                0x08009268                HAL_UART_Transmit_DMA
 .text.HAL_UART_IRQHandler
                0x08009360      0x5d0 ./Drivers/STM32F7xx_HAL_Driver/Src/stm32f7xx_hal_uart.o
                0x08009360                HAL_UART_IRQHandler
 .text.HAL_UART_TxCpltCallback
                0x08009930       0x14 ./Drivers/STM32F7xx_HAL_Driver/Src/stm32f7xx_hal_uart.o
                0x08009930                HAL_UART_TxCpltCallback
 .text.HAL_UART_TxHalfCpltCallback
                0x08009944       0x14 ./Drivers/STM32F7xx_HAL_Driver/Src/stm32f7xx_hal_uart.o
                0x08009944                HAL_UART_TxHalfCpltCallback
 .text.HAL_UART_ErrorCallback
                0x08009958       0x14 ./Drivers/STM32F7xx_HAL_Driver/Src/stm32f7xx_hal_uart.o
                0x08009958                HAL_UART_ErrorCallback
 .text.HAL_UARTEx_RxEventCallback
                0x0800996c       0x18 ./Drivers/STM32F7xx_HAL_Driver/Src/stm32f7xx_hal_uart.o
                0x0800996c                HAL_UARTEx_RxEventCallback
 .text.HAL_UARTEx_WakeupCallback
                0x08009984       0x14 ./Drivers/STM32F7xx_HAL_Driver/Src/stm32f7xx_hal_uart.o
                0x08009984                HAL_UARTEx_WakeupCallback
 .text.UART_SetConfig
                0x08009998      0x4c8 ./Drivers/STM32F7xx_HAL_Driver/Src/stm32f7xx_hal_uart.o
                0x08009998                UART_SetConfig
 .text.UART_AdvFeatureConfig
                0x08009e60      0x144 ./Drivers/STM32F7xx_HAL_Driver/Src/stm32f7xx_hal_uart.o
                0x08009e60                UART_AdvFeatureConfig
 .text.UART_CheckIdleState
                0x08009fa4      0x150 ./Drivers/STM32F7xx_HAL_Driver/Src/stm32f7xx_hal_uart.o
                0x08009fa4                UART_CheckIdleState
 .text.UART_WaitOnFlagUntilTimeout
                0x0800a0f4       0xda ./Drivers/STM32F7xx_HAL_Driver/Src/stm32f7xx_hal_uart.o
                0x0800a0f4                UART_WaitOnFlagUntilTimeout
 .text.UART_EndTxTransfer
                0x0800a1ce       0x4c ./Drivers/STM32F7xx_HAL_Driver/Src/stm32f7xx_hal_uart.o
 .text.UART_EndRxTransfer
                0x0800a21a       0xc8 ./Drivers/STM32F7xx_HAL_Driver/Src/stm32f7xx_hal_uart.o
 .text.UART_DMATransmitCplt
                0x0800a2e2       0x96 ./Drivers/STM32F7xx_HAL_Driver/Src/stm32f7xx_hal_uart.o
 .text.UART_DMATxHalfCplt
                0x0800a378       0x1c ./Drivers/STM32F7xx_HAL_Driver/Src/stm32f7xx_hal_uart.o
 .text.UART_DMAError
                0x0800a394       0x7e ./Drivers/STM32F7xx_HAL_Driver/Src/stm32f7xx_hal_uart.o
 .text.UART_DMAAbortOnError
                0x0800a412       0x2c ./Drivers/STM32F7xx_HAL_Driver/Src/stm32f7xx_hal_uart.o
 .text.UART_EndTransmit_IT
                0x0800a43e       0x54 ./Drivers/STM32F7xx_HAL_Driver/Src/stm32f7xx_hal_uart.o
 *fill*         0x0800a492        0x2 
 .text.USB_CoreInit
                0x0800a494       0xb4 ./Drivers/STM32F7xx_HAL_Driver/Src/stm32f7xx_ll_usb.o
                0x0800a494                USB_CoreInit
 .text.USB_SetTurnaroundTime
                0x0800a548      0x144 ./Drivers/STM32F7xx_HAL_Driver/Src/stm32f7xx_ll_usb.o
                0x0800a548                USB_SetTurnaroundTime
 .text.USB_EnableGlobalInt
                0x0800a68c       0x22 ./Drivers/STM32F7xx_HAL_Driver/Src/stm32f7xx_ll_usb.o
                0x0800a68c                USB_EnableGlobalInt
 .text.USB_DisableGlobalInt
                0x0800a6ae       0x22 ./Drivers/STM32F7xx_HAL_Driver/Src/stm32f7xx_ll_usb.o
                0x0800a6ae                USB_DisableGlobalInt
 .text.USB_SetCurrentMode
                0x0800a6d0       0x98 ./Drivers/STM32F7xx_HAL_Driver/Src/stm32f7xx_ll_usb.o
                0x0800a6d0                USB_SetCurrentMode
 .text.USB_DevInit
                0x0800a768      0x2bc ./Drivers/STM32F7xx_HAL_Driver/Src/stm32f7xx_ll_usb.o
                0x0800a768                USB_DevInit
 .text.USB_FlushTxFifo
                0x0800aa24       0x64 ./Drivers/STM32F7xx_HAL_Driver/Src/stm32f7xx_ll_usb.o
                0x0800aa24                USB_FlushTxFifo
 .text.USB_FlushRxFifo
                0x0800aa88       0x5c ./Drivers/STM32F7xx_HAL_Driver/Src/stm32f7xx_ll_usb.o
                0x0800aa88                USB_FlushRxFifo
 .text.USB_SetDevSpeed
                0x0800aae4       0x32 ./Drivers/STM32F7xx_HAL_Driver/Src/stm32f7xx_ll_usb.o
                0x0800aae4                USB_SetDevSpeed
 .text.USB_GetDevSpeed
                0x0800ab16       0x4a ./Drivers/STM32F7xx_HAL_Driver/Src/stm32f7xx_ll_usb.o
                0x0800ab16                USB_GetDevSpeed
 .text.USB_ActivateEndpoint
                0x0800ab60      0x110 ./Drivers/STM32F7xx_HAL_Driver/Src/stm32f7xx_ll_usb.o
                0x0800ab60                USB_ActivateEndpoint
 .text.USB_DeactivateEndpoint
                0x0800ac70      0x1b8 ./Drivers/STM32F7xx_HAL_Driver/Src/stm32f7xx_ll_usb.o
                0x0800ac70                USB_DeactivateEndpoint
 .text.USB_EPStartXfer
                0x0800ae28      0x540 ./Drivers/STM32F7xx_HAL_Driver/Src/stm32f7xx_ll_usb.o
                0x0800ae28                USB_EPStartXfer
 .text.USB_EPStopXfer
                0x0800b368      0x154 ./Drivers/STM32F7xx_HAL_Driver/Src/stm32f7xx_ll_usb.o
                0x0800b368                USB_EPStopXfer
 .text.USB_WritePacket
                0x0800b4bc       0x7c ./Drivers/STM32F7xx_HAL_Driver/Src/stm32f7xx_ll_usb.o
                0x0800b4bc                USB_WritePacket
 .text.USB_ReadPacket
                0x0800b538       0xb0 ./Drivers/STM32F7xx_HAL_Driver/Src/stm32f7xx_ll_usb.o
                0x0800b538                USB_ReadPacket
 .text.USB_EPSetStall
                0x0800b5e8       0xdc ./Drivers/STM32F7xx_HAL_Driver/Src/stm32f7xx_ll_usb.o
                0x0800b5e8                USB_EPSetStall
 .text.USB_EPClearStall
                0x0800b6c4       0xcc ./Drivers/STM32F7xx_HAL_Driver/Src/stm32f7xx_ll_usb.o
                0x0800b6c4                USB_EPClearStall
 .text.USB_SetDevAddress
                0x0800b790       0x4c ./Drivers/STM32F7xx_HAL_Driver/Src/stm32f7xx_ll_usb.o
                0x0800b790                USB_SetDevAddress
 .text.USB_DevConnect
                0x0800b7dc       0x42 ./Drivers/STM32F7xx_HAL_Driver/Src/stm32f7xx_ll_usb.o
                0x0800b7dc                USB_DevConnect
 .text.USB_DevDisconnect
                0x0800b81e       0x42 ./Drivers/STM32F7xx_HAL_Driver/Src/stm32f7xx_ll_usb.o
                0x0800b81e                USB_DevDisconnect
 .text.USB_ReadInterrupts
                0x0800b860       0x26 ./Drivers/STM32F7xx_HAL_Driver/Src/stm32f7xx_ll_usb.o
                0x0800b860                USB_ReadInterrupts
 .text.USB_ReadDevAllOutEpInterrupt
                0x0800b886       0x34 ./Drivers/STM32F7xx_HAL_Driver/Src/stm32f7xx_ll_usb.o
                0x0800b886                USB_ReadDevAllOutEpInterrupt
 .text.USB_ReadDevAllInEpInterrupt
                0x0800b8ba       0x34 ./Drivers/STM32F7xx_HAL_Driver/Src/stm32f7xx_ll_usb.o
                0x0800b8ba                USB_ReadDevAllInEpInterrupt
 .text.USB_ReadDevOutEPInterrupt
                0x0800b8ee       0x3c ./Drivers/STM32F7xx_HAL_Driver/Src/stm32f7xx_ll_usb.o
                0x0800b8ee                USB_ReadDevOutEPInterrupt
 .text.USB_ReadDevInEPInterrupt
                0x0800b92a       0x5c ./Drivers/STM32F7xx_HAL_Driver/Src/stm32f7xx_ll_usb.o
                0x0800b92a                USB_ReadDevInEPInterrupt
 .text.USB_GetMode
                0x0800b986       0x1c ./Drivers/STM32F7xx_HAL_Driver/Src/stm32f7xx_ll_usb.o
                0x0800b986                USB_GetMode
 *fill*         0x0800b9a2        0x2 
 .text.USB_ActivateSetup
                0x0800b9a4       0x48 ./Drivers/STM32F7xx_HAL_Driver/Src/stm32f7xx_ll_usb.o
                0x0800b9a4                USB_ActivateSetup
 .text.USB_EP0_OutStart
                0x0800b9ec       0xbc ./Drivers/STM32F7xx_HAL_Driver/Src/stm32f7xx_ll_usb.o
                0x0800b9ec                USB_EP0_OutStart
 .text.USB_CoreReset
                0x0800baa8       0x62 ./Drivers/STM32F7xx_HAL_Driver/Src/stm32f7xx_ll_usb.o
 *fill*         0x0800bb0a        0x2 
 .text.USBD_CDC_Init
                0x0800bb0c      0x1f0 ./Middlewares/ST/STM32_USB_Device_Library/Class/CDC/Src/usbd_cdc.o
 .text.USBD_CDC_DeInit
                0x0800bcfc      0x104 ./Middlewares/ST/STM32_USB_Device_Library/Class/CDC/Src/usbd_cdc.o
 .text.USBD_CDC_Setup
                0x0800be00      0x1b8 ./Middlewares/ST/STM32_USB_Device_Library/Class/CDC/Src/usbd_cdc.o
 .text.USBD_CDC_DataIn
                0x0800bfb8       0xfe ./Middlewares/ST/STM32_USB_Device_Library/Class/CDC/Src/usbd_cdc.o
 .text.USBD_CDC_DataOut
                0x0800c0b6       0x70 ./Middlewares/ST/STM32_USB_Device_Library/Class/CDC/Src/usbd_cdc.o
 .text.USBD_CDC_EP0_RxReady
                0x0800c126       0x74 ./Middlewares/ST/STM32_USB_Device_Library/Class/CDC/Src/usbd_cdc.o
 *fill*         0x0800c19a        0x2 
 .text.USBD_CDC_GetFSCfgDesc
                0x0800c19c       0x70 ./Middlewares/ST/STM32_USB_Device_Library/Class/CDC/Src/usbd_cdc.o
 .text.USBD_CDC_GetHSCfgDesc
                0x0800c20c       0x70 ./Middlewares/ST/STM32_USB_Device_Library/Class/CDC/Src/usbd_cdc.o
 .text.USBD_CDC_GetOtherSpeedCfgDesc
                0x0800c27c       0x70 ./Middlewares/ST/STM32_USB_Device_Library/Class/CDC/Src/usbd_cdc.o
 .text.USBD_CDC_GetDeviceQualifierDescriptor
                0x0800c2ec       0x20 ./Middlewares/ST/STM32_USB_Device_Library/Class/CDC/Src/usbd_cdc.o
                0x0800c2ec                USBD_CDC_GetDeviceQualifierDescriptor
 .text.USBD_CDC_RegisterInterface
                0x0800c30c       0x34 ./Middlewares/ST/STM32_USB_Device_Library/Class/CDC/Src/usbd_cdc.o
                0x0800c30c                USBD_CDC_RegisterInterface
 .text.USBD_CDC_SetTxBuffer
                0x0800c340       0x44 ./Middlewares/ST/STM32_USB_Device_Library/Class/CDC/Src/usbd_cdc.o
                0x0800c340                USBD_CDC_SetTxBuffer
 .text.USBD_CDC_SetRxBuffer
                0x0800c384       0x3a ./Middlewares/ST/STM32_USB_Device_Library/Class/CDC/Src/usbd_cdc.o
                0x0800c384                USBD_CDC_SetRxBuffer
 *fill*         0x0800c3be        0x2 
 .text.USBD_CDC_TransmitPacket
                0x0800c3c0       0x80 ./Middlewares/ST/STM32_USB_Device_Library/Class/CDC/Src/usbd_cdc.o
                0x0800c3c0                USBD_CDC_TransmitPacket
 .text.USBD_CDC_ReceivePacket
                0x0800c440       0x6c ./Middlewares/ST/STM32_USB_Device_Library/Class/CDC/Src/usbd_cdc.o
                0x0800c440                USBD_CDC_ReceivePacket
 .text.USBD_Init
                0x0800c4ac       0x60 ./Middlewares/ST/STM32_USB_Device_Library/Core/Src/usbd_core.o
                0x0800c4ac                USBD_Init
 .text.USBD_RegisterClass
                0x0800c50c       0x6c ./Middlewares/ST/STM32_USB_Device_Library/Core/Src/usbd_core.o
                0x0800c50c                USBD_RegisterClass
 .text.USBD_Start
                0x0800c578       0x18 ./Middlewares/ST/STM32_USB_Device_Library/Core/Src/usbd_core.o
                0x0800c578                USBD_Start
 .text.USBD_RunTestMode
                0x0800c590       0x16 ./Middlewares/ST/STM32_USB_Device_Library/Core/Src/usbd_core.o
                0x0800c590                USBD_RunTestMode
 .text.USBD_SetClassConfig
                0x0800c5a6       0x38 ./Middlewares/ST/STM32_USB_Device_Library/Core/Src/usbd_core.o
                0x0800c5a6                USBD_SetClassConfig
 .text.USBD_ClrClassConfig
                0x0800c5de       0x34 ./Middlewares/ST/STM32_USB_Device_Library/Core/Src/usbd_core.o
                0x0800c5de                USBD_ClrClassConfig
 .text.USBD_LL_SetupStage
                0x0800c612       0xaa ./Middlewares/ST/STM32_USB_Device_Library/Core/Src/usbd_core.o
                0x0800c612                USBD_LL_SetupStage
 .text.USBD_LL_DataOutStage
                0x0800c6bc      0x166 ./Middlewares/ST/STM32_USB_Device_Library/Core/Src/usbd_core.o
                0x0800c6bc                USBD_LL_DataOutStage
 .text.USBD_LL_DataInStage
                0x0800c822      0x164 ./Middlewares/ST/STM32_USB_Device_Library/Core/Src/usbd_core.o
                0x0800c822                USBD_LL_DataInStage
 .text.USBD_LL_Reset
                0x0800c986       0xa4 ./Middlewares/ST/STM32_USB_Device_Library/Core/Src/usbd_core.o
                0x0800c986                USBD_LL_Reset
 .text.USBD_LL_SetSpeed
                0x0800ca2a       0x20 ./Middlewares/ST/STM32_USB_Device_Library/Core/Src/usbd_core.o
                0x0800ca2a                USBD_LL_SetSpeed
 .text.USBD_LL_Suspend
                0x0800ca4a       0x38 ./Middlewares/ST/STM32_USB_Device_Library/Core/Src/usbd_core.o
                0x0800ca4a                USBD_LL_Suspend
 .text.USBD_LL_Resume
                0x0800ca82       0x30 ./Middlewares/ST/STM32_USB_Device_Library/Core/Src/usbd_core.o
                0x0800ca82                USBD_LL_Resume
 .text.USBD_LL_SOF
                0x0800cab2       0x40 ./Middlewares/ST/STM32_USB_Device_Library/Core/Src/usbd_core.o
                0x0800cab2                USBD_LL_SOF
 .text.USBD_LL_IsoINIncomplete
                0x0800caf2       0x64 ./Middlewares/ST/STM32_USB_Device_Library/Core/Src/usbd_core.o
                0x0800caf2                USBD_LL_IsoINIncomplete
 .text.USBD_LL_IsoOUTIncomplete
                0x0800cb56       0x64 ./Middlewares/ST/STM32_USB_Device_Library/Core/Src/usbd_core.o
                0x0800cb56                USBD_LL_IsoOUTIncomplete
 .text.USBD_LL_DevConnected
                0x0800cbba       0x16 ./Middlewares/ST/STM32_USB_Device_Library/Core/Src/usbd_core.o
                0x0800cbba                USBD_LL_DevConnected
 .text.USBD_LL_DevDisconnected
                0x0800cbd0       0x46 ./Middlewares/ST/STM32_USB_Device_Library/Core/Src/usbd_core.o
                0x0800cbd0                USBD_LL_DevDisconnected
 .text.USBD_CoreFindIF
                0x0800cc16       0x1a ./Middlewares/ST/STM32_USB_Device_Library/Core/Src/usbd_core.o
                0x0800cc16                USBD_CoreFindIF
 .text.USBD_CoreFindEP
                0x0800cc30       0x1a ./Middlewares/ST/STM32_USB_Device_Library/Core/Src/usbd_core.o
                0x0800cc30                USBD_CoreFindEP
 .text.USBD_GetEpDesc
                0x0800cc4a       0x70 ./Middlewares/ST/STM32_USB_Device_Library/Core/Src/usbd_core.o
                0x0800cc4a                USBD_GetEpDesc
 .text.USBD_GetNextDesc
                0x0800ccba       0x38 ./Middlewares/ST/STM32_USB_Device_Library/Core/Src/usbd_core.o
                0x0800ccba                USBD_GetNextDesc
 .text.SWAPBYTE
                0x0800ccf2       0x3c ./Middlewares/ST/STM32_USB_Device_Library/Core/Src/usbd_ctlreq.o
 *fill*         0x0800cd2e        0x2 
 .text.USBD_StdDevReq
                0x0800cd30       0xe4 ./Middlewares/ST/STM32_USB_Device_Library/Core/Src/usbd_ctlreq.o
                0x0800cd30                USBD_StdDevReq
 .text.USBD_StdItfReq
                0x0800ce14       0xd8 ./Middlewares/ST/STM32_USB_Device_Library/Core/Src/usbd_ctlreq.o
                0x0800ce14                USBD_StdItfReq
 .text.USBD_StdEPReq
                0x0800ceec      0x33a ./Middlewares/ST/STM32_USB_Device_Library/Core/Src/usbd_ctlreq.o
                0x0800ceec                USBD_StdEPReq
 *fill*         0x0800d226        0x2 
 .text.USBD_GetDescriptor
                0x0800d228      0x328 ./Middlewares/ST/STM32_USB_Device_Library/Core/Src/usbd_ctlreq.o
 .text.USBD_SetAddress
                0x0800d550       0x88 ./Middlewares/ST/STM32_USB_Device_Library/Core/Src/usbd_ctlreq.o
 .text.USBD_SetConfig
                0x0800d5d8      0x154 ./Middlewares/ST/STM32_USB_Device_Library/Core/Src/usbd_ctlreq.o
 .text.USBD_GetConfig
                0x0800d72c       0x6c ./Middlewares/ST/STM32_USB_Device_Library/Core/Src/usbd_ctlreq.o
 .text.USBD_GetStatus
                0x0800d798       0x68 ./Middlewares/ST/STM32_USB_Device_Library/Core/Src/usbd_ctlreq.o
 .text.USBD_SetFeature
                0x0800d800       0x52 ./Middlewares/ST/STM32_USB_Device_Library/Core/Src/usbd_ctlreq.o
 .text.USBD_ClrFeature
                0x0800d852       0x44 ./Middlewares/ST/STM32_USB_Device_Library/Core/Src/usbd_ctlreq.o
 .text.USBD_ParseSetupRequest
                0x0800d896       0x74 ./Middlewares/ST/STM32_USB_Device_Library/Core/Src/usbd_ctlreq.o
                0x0800d896                USBD_ParseSetupRequest
 .text.USBD_CtlError
                0x0800d90a       0x22 ./Middlewares/ST/STM32_USB_Device_Library/Core/Src/usbd_ctlreq.o
                0x0800d90a                USBD_CtlError
 .text.USBD_GetString
                0x0800d92c       0xa4 ./Middlewares/ST/STM32_USB_Device_Library/Core/Src/usbd_ctlreq.o
                0x0800d92c                USBD_GetString
 .text.USBD_GetLen
                0x0800d9d0       0x34 ./Middlewares/ST/STM32_USB_Device_Library/Core/Src/usbd_ctlreq.o
 .text.USBD_CtlSendData
                0x0800da04       0x36 ./Middlewares/ST/STM32_USB_Device_Library/Core/Src/usbd_ioreq.o
                0x0800da04                USBD_CtlSendData
 .text.USBD_CtlContinueSendData
                0x0800da3a       0x22 ./Middlewares/ST/STM32_USB_Device_Library/Core/Src/usbd_ioreq.o
                0x0800da3a                USBD_CtlContinueSendData
 .text.USBD_CtlPrepareRx
                0x0800da5c       0x3a ./Middlewares/ST/STM32_USB_Device_Library/Core/Src/usbd_ioreq.o
                0x0800da5c                USBD_CtlPrepareRx
 .text.USBD_CtlContinueRx
                0x0800da96       0x22 ./Middlewares/ST/STM32_USB_Device_Library/Core/Src/usbd_ioreq.o
                0x0800da96                USBD_CtlContinueRx
 .text.USBD_CtlSendStatus
                0x0800dab8       0x26 ./Middlewares/ST/STM32_USB_Device_Library/Core/Src/usbd_ioreq.o
                0x0800dab8                USBD_CtlSendStatus
 .text.USBD_CtlReceiveStatus
                0x0800dade       0x26 ./Middlewares/ST/STM32_USB_Device_Library/Core/Src/usbd_ioreq.o
                0x0800dade                USBD_CtlReceiveStatus
 .text.MX_USB_DEVICE_Init
                0x0800db04       0x60 ./USB_DEVICE/App/usb_device.o
                0x0800db04                MX_USB_DEVICE_Init
 .text.CDC_Init_FS
                0x0800db64       0x28 ./USB_DEVICE/App/usbd_cdc_if.o
 .text.CDC_DeInit_FS
                0x0800db8c       0x10 ./USB_DEVICE/App/usbd_cdc_if.o
 .text.CDC_Control_FS
                0x0800db9c       0xbc ./USB_DEVICE/App/usbd_cdc_if.o
 .text.CDC_Receive_FS
                0x0800dc58       0x30 ./USB_DEVICE/App/usbd_cdc_if.o
 .text.CDC_Transmit_FS
                0x0800dc88       0x4c ./USB_DEVICE/App/usbd_cdc_if.o
                0x0800dc88                CDC_Transmit_FS
 .text.CDC_TransmitCplt_FS
                0x0800dcd4       0x22 ./USB_DEVICE/App/usbd_cdc_if.o
 *fill*         0x0800dcf6        0x2 
 .text.USBD_FS_DeviceDescriptor
                0x0800dcf8       0x24 ./USB_DEVICE/App/usbd_desc.o
                0x0800dcf8                USBD_FS_DeviceDescriptor
 .text.USBD_FS_LangIDStrDescriptor
                0x0800dd1c       0x24 ./USB_DEVICE/App/usbd_desc.o
                0x0800dd1c                USBD_FS_LangIDStrDescriptor
 .text.USBD_FS_ProductStrDescriptor
                0x0800dd40       0x3c ./USB_DEVICE/App/usbd_desc.o
                0x0800dd40                USBD_FS_ProductStrDescriptor
 .text.USBD_FS_ManufacturerStrDescriptor
                0x0800dd7c       0x28 ./USB_DEVICE/App/usbd_desc.o
                0x0800dd7c                USBD_FS_ManufacturerStrDescriptor
 .text.USBD_FS_SerialStrDescriptor
                0x0800dda4       0x24 ./USB_DEVICE/App/usbd_desc.o
                0x0800dda4                USBD_FS_SerialStrDescriptor
 .text.USBD_FS_ConfigStrDescriptor
                0x0800ddc8       0x3c ./USB_DEVICE/App/usbd_desc.o
                0x0800ddc8                USBD_FS_ConfigStrDescriptor
 .text.USBD_FS_InterfaceStrDescriptor
                0x0800de04       0x3c ./USB_DEVICE/App/usbd_desc.o
                0x0800de04                USBD_FS_InterfaceStrDescriptor
 .text.USBD_FS_USR_BOSDescriptor
                0x0800de40       0x24 ./USB_DEVICE/App/usbd_desc.o
                0x0800de40                USBD_FS_USR_BOSDescriptor
 .text.Get_SerialNum
                0x0800de64       0x58 ./USB_DEVICE/App/usbd_desc.o
 .text.IntToUnicode
                0x0800debc       0x7e ./USB_DEVICE/App/usbd_desc.o
 *fill*         0x0800df3a        0x2 
 .text.HAL_PCD_MspInit
                0x0800df3c      0x104 ./USB_DEVICE/Target/usbd_conf.o
                0x0800df3c                HAL_PCD_MspInit
 .text.HAL_PCD_SetupStageCallback
                0x0800e040       0x24 ./USB_DEVICE/Target/usbd_conf.o
                0x0800e040                HAL_PCD_SetupStageCallback
 .text.HAL_PCD_DataOutStageCallback
                0x0800e064       0x36 ./USB_DEVICE/Target/usbd_conf.o
                0x0800e064                HAL_PCD_DataOutStageCallback
 .text.HAL_PCD_DataInStageCallback
                0x0800e09a       0x34 ./USB_DEVICE/Target/usbd_conf.o
                0x0800e09a                HAL_PCD_DataInStageCallback
 .text.HAL_PCD_SOFCallback
                0x0800e0ce       0x1c ./USB_DEVICE/Target/usbd_conf.o
                0x0800e0ce                HAL_PCD_SOFCallback
 .text.HAL_PCD_ResetCallback
                0x0800e0ea       0x50 ./USB_DEVICE/Target/usbd_conf.o
                0x0800e0ea                HAL_PCD_ResetCallback
 *fill*         0x0800e13a        0x2 
 .text.HAL_PCD_SuspendCallback
                0x0800e13c       0x4c ./USB_DEVICE/Target/usbd_conf.o
                0x0800e13c                HAL_PCD_SuspendCallback
 .text.HAL_PCD_ResumeCallback
                0x0800e188       0x1c ./USB_DEVICE/Target/usbd_conf.o
                0x0800e188                HAL_PCD_ResumeCallback
 .text.HAL_PCD_ISOOUTIncompleteCallback
                0x0800e1a4       0x24 ./USB_DEVICE/Target/usbd_conf.o
                0x0800e1a4                HAL_PCD_ISOOUTIncompleteCallback
 .text.HAL_PCD_ISOINIncompleteCallback
                0x0800e1c8       0x24 ./USB_DEVICE/Target/usbd_conf.o
                0x0800e1c8                HAL_PCD_ISOINIncompleteCallback
 .text.HAL_PCD_ConnectCallback
                0x0800e1ec       0x1c ./USB_DEVICE/Target/usbd_conf.o
                0x0800e1ec                HAL_PCD_ConnectCallback
 .text.HAL_PCD_DisconnectCallback
                0x0800e208       0x1c ./USB_DEVICE/Target/usbd_conf.o
                0x0800e208                HAL_PCD_DisconnectCallback
 .text.USBD_LL_Init
                0x0800e224       0x98 ./USB_DEVICE/Target/usbd_conf.o
                0x0800e224                USBD_LL_Init
 .text.USBD_LL_Start
                0x0800e2bc       0x36 ./USB_DEVICE/Target/usbd_conf.o
                0x0800e2bc                USBD_LL_Start
 .text.USBD_LL_OpenEP
                0x0800e2f2       0x4c ./USB_DEVICE/Target/usbd_conf.o
                0x0800e2f2                USBD_LL_OpenEP
 .text.USBD_LL_CloseEP
                0x0800e33e       0x3e ./USB_DEVICE/Target/usbd_conf.o
                0x0800e33e                USBD_LL_CloseEP
 .text.USBD_LL_StallEP
                0x0800e37c       0x3e ./USB_DEVICE/Target/usbd_conf.o
                0x0800e37c                USBD_LL_StallEP
 .text.USBD_LL_ClearStallEP
                0x0800e3ba       0x3e ./USB_DEVICE/Target/usbd_conf.o
                0x0800e3ba                USBD_LL_ClearStallEP
 .text.USBD_LL_IsStallEP
                0x0800e3f8       0x58 ./USB_DEVICE/Target/usbd_conf.o
                0x0800e3f8                USBD_LL_IsStallEP
 .text.USBD_LL_SetUSBAddress
                0x0800e450       0x3e ./USB_DEVICE/Target/usbd_conf.o
                0x0800e450                USBD_LL_SetUSBAddress
 .text.USBD_LL_Transmit
                0x0800e48e       0x42 ./USB_DEVICE/Target/usbd_conf.o
                0x0800e48e                USBD_LL_Transmit
 .text.USBD_LL_PrepareReceive
                0x0800e4d0       0x42 ./USB_DEVICE/Target/usbd_conf.o
                0x0800e4d0                USBD_LL_PrepareReceive
 .text.USBD_LL_GetRxDataSize
                0x0800e512       0x26 ./USB_DEVICE/Target/usbd_conf.o
                0x0800e512                USBD_LL_GetRxDataSize
 .text.HAL_PCDEx_LPM_Callback
                0x0800e538       0x9c ./USB_DEVICE/Target/usbd_conf.o
                0x0800e538                HAL_PCDEx_LPM_Callback
 .text.SystemClockConfig_Resume
                0x0800e5d4        0xc ./USB_DEVICE/Target/usbd_conf.o
 .text.USBD_Get_USB_Status
                0x0800e5e0       0x58 ./USB_DEVICE/Target/usbd_conf.o
                0x0800e5e0                USBD_Get_USB_Status
 .text.malloc   0x0800e638       0x10 D:/STM32Cube/STM32CubeIDE_1.17.0/STM32CubeIDE/plugins/com.st.stm32cube.ide.mcu.externaltools.gnu-tools-for-stm32.12.3.rel1.win32_1.1.0.202410251130/tools/bin/../lib/gcc/arm-none-eabi/12.3.1/../../../../arm-none-eabi/lib/thumb/v7e-m+dp/hard\libc_nano.a(libc_a-malloc.o)
                0x0800e638                malloc
 .text.free     0x0800e648       0x10 D:/STM32Cube/STM32CubeIDE_1.17.0/STM32CubeIDE/plugins/com.st.stm32cube.ide.mcu.externaltools.gnu-tools-for-stm32.12.3.rel1.win32_1.1.0.202410251130/tools/bin/../lib/gcc/arm-none-eabi/12.3.1/../../../../arm-none-eabi/lib/thumb/v7e-m+dp/hard\libc_nano.a(libc_a-malloc.o)
                0x0800e648                free
 .text.sbrk_aligned
                0x0800e658       0x44 D:/STM32Cube/STM32CubeIDE_1.17.0/STM32CubeIDE/plugins/com.st.stm32cube.ide.mcu.externaltools.gnu-tools-for-stm32.12.3.rel1.win32_1.1.0.202410251130/tools/bin/../lib/gcc/arm-none-eabi/12.3.1/../../../../arm-none-eabi/lib/thumb/v7e-m+dp/hard\libc_nano.a(libc_a-mallocr.o)
 .text._malloc_r
                0x0800e69c      0x100 D:/STM32Cube/STM32CubeIDE_1.17.0/STM32CubeIDE/plugins/com.st.stm32cube.ide.mcu.externaltools.gnu-tools-for-stm32.12.3.rel1.win32_1.1.0.202410251130/tools/bin/../lib/gcc/arm-none-eabi/12.3.1/../../../../arm-none-eabi/lib/thumb/v7e-m+dp/hard\libc_nano.a(libc_a-mallocr.o)
                0x0800e69c                _malloc_r
 .text.__malloc_lock
                0x0800e79c        0xc D:/STM32Cube/STM32CubeIDE_1.17.0/STM32CubeIDE/plugins/com.st.stm32cube.ide.mcu.externaltools.gnu-tools-for-stm32.12.3.rel1.win32_1.1.0.202410251130/tools/bin/../lib/gcc/arm-none-eabi/12.3.1/../../../../arm-none-eabi/lib/thumb/v7e-m+dp/hard\libc_nano.a(libc_a-mlock.o)
                0x0800e79c                __malloc_lock
 .text.__malloc_unlock
                0x0800e7a8        0xc D:/STM32Cube/STM32CubeIDE_1.17.0/STM32CubeIDE/plugins/com.st.stm32cube.ide.mcu.externaltools.gnu-tools-for-stm32.12.3.rel1.win32_1.1.0.202410251130/tools/bin/../lib/gcc/arm-none-eabi/12.3.1/../../../../arm-none-eabi/lib/thumb/v7e-m+dp/hard\libc_nano.a(libc_a-mlock.o)
                0x0800e7a8                __malloc_unlock
 .text.memset   0x0800e7b4       0x10 D:/STM32Cube/STM32CubeIDE_1.17.0/STM32CubeIDE/plugins/com.st.stm32cube.ide.mcu.externaltools.gnu-tools-for-stm32.12.3.rel1.win32_1.1.0.202410251130/tools/bin/../lib/gcc/arm-none-eabi/12.3.1/../../../../arm-none-eabi/lib/thumb/v7e-m+dp/hard\libc_nano.a(libc_a-memset.o)
                0x0800e7b4                memset
 .text._sbrk_r  0x0800e7c4       0x20 D:/STM32Cube/STM32CubeIDE_1.17.0/STM32CubeIDE/plugins/com.st.stm32cube.ide.mcu.externaltools.gnu-tools-for-stm32.12.3.rel1.win32_1.1.0.202410251130/tools/bin/../lib/gcc/arm-none-eabi/12.3.1/../../../../arm-none-eabi/lib/thumb/v7e-m+dp/hard\libc_nano.a(libc_a-sbrkr.o)
                0x0800e7c4                _sbrk_r
 .text.__errno  0x0800e7e4        0xc D:/STM32Cube/STM32CubeIDE_1.17.0/STM32CubeIDE/plugins/com.st.stm32cube.ide.mcu.externaltools.gnu-tools-for-stm32.12.3.rel1.win32_1.1.0.202410251130/tools/bin/../lib/gcc/arm-none-eabi/12.3.1/../../../../arm-none-eabi/lib/thumb/v7e-m+dp/hard\libc_nano.a(libc_a-errno.o)
                0x0800e7e4                __errno
 .text.__libc_init_array
                0x0800e7f0       0x48 D:/STM32Cube/STM32CubeIDE_1.17.0/STM32CubeIDE/plugins/com.st.stm32cube.ide.mcu.externaltools.gnu-tools-for-stm32.12.3.rel1.win32_1.1.0.202410251130/tools/bin/../lib/gcc/arm-none-eabi/12.3.1/../../../../arm-none-eabi/lib/thumb/v7e-m+dp/hard\libc_nano.a(libc_a-init.o)
                0x0800e7f0                __libc_init_array
 .text.__retarget_lock_acquire_recursive
                0x0800e838        0x2 D:/STM32Cube/STM32CubeIDE_1.17.0/STM32CubeIDE/plugins/com.st.stm32cube.ide.mcu.externaltools.gnu-tools-for-stm32.12.3.rel1.win32_1.1.0.202410251130/tools/bin/../lib/gcc/arm-none-eabi/12.3.1/../../../../arm-none-eabi/lib/thumb/v7e-m+dp/hard\libc_nano.a(libc_a-lock.o)
                0x0800e838                __retarget_lock_acquire_recursive
 .text.__retarget_lock_release_recursive
                0x0800e83a        0x2 D:/STM32Cube/STM32CubeIDE_1.17.0/STM32CubeIDE/plugins/com.st.stm32cube.ide.mcu.externaltools.gnu-tools-for-stm32.12.3.rel1.win32_1.1.0.202410251130/tools/bin/../lib/gcc/arm-none-eabi/12.3.1/../../../../arm-none-eabi/lib/thumb/v7e-m+dp/hard\libc_nano.a(libc_a-lock.o)
                0x0800e83a                __retarget_lock_release_recursive
 .text.memcpy   0x0800e83c       0x1c D:/STM32Cube/STM32CubeIDE_1.17.0/STM32CubeIDE/plugins/com.st.stm32cube.ide.mcu.externaltools.gnu-tools-for-stm32.12.3.rel1.win32_1.1.0.202410251130/tools/bin/../lib/gcc/arm-none-eabi/12.3.1/../../../../arm-none-eabi/lib/thumb/v7e-m+dp/hard\libc_nano.a(libc_a-memcpy-stub.o)
                0x0800e83c                memcpy
 .text.ldexpf   0x0800e858       0x4c D:/STM32Cube/STM32CubeIDE_1.17.0/STM32CubeIDE/plugins/com.st.stm32cube.ide.mcu.externaltools.gnu-tools-for-stm32.12.3.rel1.win32_1.1.0.202410251130/tools/bin/../lib/gcc/arm-none-eabi/12.3.1/../../../../arm-none-eabi/lib/thumb/v7e-m+dp/hard\libc_nano.a(libm_a-sf_ldexp.o)
                0x0800e858                ldexpf
 .text.scalbnf  0x0800e8a4       0xc8 D:/STM32Cube/STM32CubeIDE_1.17.0/STM32CubeIDE/plugins/com.st.stm32cube.ide.mcu.externaltools.gnu-tools-for-stm32.12.3.rel1.win32_1.1.0.202410251130/tools/bin/../lib/gcc/arm-none-eabi/12.3.1/../../../../arm-none-eabi/lib/thumb/v7e-m+dp/hard\libc_nano.a(libm_a-sf_scalbn.o)
                0x0800e8a4                scalbnf
 .text.finitef  0x0800e96c       0x14 D:/STM32Cube/STM32CubeIDE_1.17.0/STM32CubeIDE/plugins/com.st.stm32cube.ide.mcu.externaltools.gnu-tools-for-stm32.12.3.rel1.win32_1.1.0.202410251130/tools/bin/../lib/gcc/arm-none-eabi/12.3.1/../../../../arm-none-eabi/lib/thumb/v7e-m+dp/hard\libc_nano.a(libm_a-sf_finite.o)
                0x0800e96c                finitef
 .text._free_r  0x0800e980       0x94 D:/STM32Cube/STM32CubeIDE_1.17.0/STM32CubeIDE/plugins/com.st.stm32cube.ide.mcu.externaltools.gnu-tools-for-stm32.12.3.rel1.win32_1.1.0.202410251130/tools/bin/../lib/gcc/arm-none-eabi/12.3.1/../../../../arm-none-eabi/lib/thumb/v7e-m+dp/hard\libc_nano.a(libc_a-freer.o)
                0x0800e980                _free_r
 .text.sinf_poly
                0x0800ea14       0x54 D:/STM32Cube/STM32CubeIDE_1.17.0/STM32CubeIDE/plugins/com.st.stm32cube.ide.mcu.externaltools.gnu-tools-for-stm32.12.3.rel1.win32_1.1.0.202410251130/tools/bin/../lib/gcc/arm-none-eabi/12.3.1/../../../../arm-none-eabi/lib/thumb/v7e-m+dp/hard\libm.a(libm_a-sinf.o)
 .text.sinf     0x0800ea68      0x130 D:/STM32Cube/STM32CubeIDE_1.17.0/STM32CubeIDE/plugins/com.st.stm32cube.ide.mcu.externaltools.gnu-tools-for-stm32.12.3.rel1.win32_1.1.0.202410251130/tools/bin/../lib/gcc/arm-none-eabi/12.3.1/../../../../arm-none-eabi/lib/thumb/v7e-m+dp/hard\libm.a(libm_a-sinf.o)
                0x0800ea68                sinf
 .text.with_errnof
                0x0800eb98       0x1c D:/STM32Cube/STM32CubeIDE_1.17.0/STM32CubeIDE/plugins/com.st.stm32cube.ide.mcu.externaltools.gnu-tools-for-stm32.12.3.rel1.win32_1.1.0.202410251130/tools/bin/../lib/gcc/arm-none-eabi/12.3.1/../../../../arm-none-eabi/lib/thumb/v7e-m+dp/hard\libm.a(libm_a-math_errf.o)
 .text.__math_invalidf
                0x0800ebb4       0x1e D:/STM32Cube/STM32CubeIDE_1.17.0/STM32CubeIDE/plugins/com.st.stm32cube.ide.mcu.externaltools.gnu-tools-for-stm32.12.3.rel1.win32_1.1.0.202410251130/tools/bin/../lib/gcc/arm-none-eabi/12.3.1/../../../../arm-none-eabi/lib/thumb/v7e-m+dp/hard\libm.a(libm_a-math_errf.o)
                0x0800ebb4                __math_invalidf
 *(.glue_7)
 .glue_7        0x0800ebd2        0x0 linker stubs
 *(.glue_7t)
 .glue_7t       0x0800ebd2        0x0 linker stubs
 *(.eh_frame)
 *fill*         0x0800ebd2        0x2 
 .eh_frame      0x0800ebd4        0x0 D:/STM32Cube/STM32CubeIDE_1.17.0/STM32CubeIDE/plugins/com.st.stm32cube.ide.mcu.externaltools.gnu-tools-for-stm32.12.3.rel1.win32_1.1.0.202410251130/tools/bin/../lib/gcc/arm-none-eabi/12.3.1/thumb/v7e-m+dp/hard/crtbegin.o
 *(.init)
 .init          0x0800ebd4        0x4 D:/STM32Cube/STM32CubeIDE_1.17.0/STM32CubeIDE/plugins/com.st.stm32cube.ide.mcu.externaltools.gnu-tools-for-stm32.12.3.rel1.win32_1.1.0.202410251130/tools/bin/../lib/gcc/arm-none-eabi/12.3.1/thumb/v7e-m+dp/hard/crti.o
                0x0800ebd4                _init
 .init          0x0800ebd8        0x8 D:/STM32Cube/STM32CubeIDE_1.17.0/STM32CubeIDE/plugins/com.st.stm32cube.ide.mcu.externaltools.gnu-tools-for-stm32.12.3.rel1.win32_1.1.0.202410251130/tools/bin/../lib/gcc/arm-none-eabi/12.3.1/thumb/v7e-m+dp/hard/crtn.o
 *(.fini)
 .fini          0x0800ebe0        0x4 D:/STM32Cube/STM32CubeIDE_1.17.0/STM32CubeIDE/plugins/com.st.stm32cube.ide.mcu.externaltools.gnu-tools-for-stm32.12.3.rel1.win32_1.1.0.202410251130/tools/bin/../lib/gcc/arm-none-eabi/12.3.1/thumb/v7e-m+dp/hard/crti.o
                0x0800ebe0                _fini
 .fini          0x0800ebe4        0x8 D:/STM32Cube/STM32CubeIDE_1.17.0/STM32CubeIDE/plugins/com.st.stm32cube.ide.mcu.externaltools.gnu-tools-for-stm32.12.3.rel1.win32_1.1.0.202410251130/tools/bin/../lib/gcc/arm-none-eabi/12.3.1/thumb/v7e-m+dp/hard/crtn.o
                0x0800ebec                        . = ALIGN (0x4)
                0x0800ebec                        _etext = .

.vfp11_veneer   0x0800ebec        0x0
 .vfp11_veneer  0x0800ebec        0x0 linker stubs

.v4_bx          0x0800ebec        0x0
 .v4_bx         0x0800ebec        0x0 linker stubs

.iplt           0x0800ebec        0x0
 .iplt          0x0800ebec        0x0 D:/STM32Cube/STM32CubeIDE_1.17.0/STM32CubeIDE/plugins/com.st.stm32cube.ide.mcu.externaltools.gnu-tools-for-stm32.12.3.rel1.win32_1.1.0.202410251130/tools/bin/../lib/gcc/arm-none-eabi/12.3.1/thumb/v7e-m+dp/hard/crtbegin.o

.rodata         0x0800ebf0      0x3a8
                0x0800ebf0                        . = ALIGN (0x4)
 *(.rodata)
 .rodata        0x0800ebf0       0x46 ./USB_DEVICE/App/usbd_desc.o
 *(.rodata*)
 *fill*         0x0800ec36        0x2 
 .rodata.crc16_tab
                0x0800ec38      0x200 ./Core/Src/crc.o
                0x0800ec38                crc16_tab
 .rodata.AHBPrescTable
                0x0800ee38       0x10 ./Core/Src/system_stm32f7xx.o
                0x0800ee38                AHBPrescTable
 .rodata.APBPrescTable
                0x0800ee48        0x8 ./Core/Src/system_stm32f7xx.o
                0x0800ee48                APBPrescTable
 .rodata.flagBitshiftOffset.0
                0x0800ee50        0x8 ./Drivers/STM32F7xx_HAL_Driver/Src/stm32f7xx_hal_dma.o
 .rodata.__inv_pio4
                0x0800ee58       0x60 D:/STM32Cube/STM32CubeIDE_1.17.0/STM32CubeIDE/plugins/com.st.stm32cube.ide.mcu.externaltools.gnu-tools-for-stm32.12.3.rel1.win32_1.1.0.202410251130/tools/bin/../lib/gcc/arm-none-eabi/12.3.1/../../../../arm-none-eabi/lib/thumb/v7e-m+dp/hard\libm.a(libm_a-sincosf_data.o)
                0x0800ee58                __inv_pio4
 .rodata.__sincosf_table
                0x0800eeb8       0xe0 D:/STM32Cube/STM32CubeIDE_1.17.0/STM32CubeIDE/plugins/com.st.stm32cube.ide.mcu.externaltools.gnu-tools-for-stm32.12.3.rel1.win32_1.1.0.202410251130/tools/bin/../lib/gcc/arm-none-eabi/12.3.1/../../../../arm-none-eabi/lib/thumb/v7e-m+dp/hard\libm.a(libm_a-sincosf_data.o)
                0x0800eeb8                __sincosf_table
                0x0800ef98                        . = ALIGN (0x4)

.ARM.extab      0x0800ef98        0x0
                0x0800ef98                        . = ALIGN (0x4)
 *(.ARM.extab* .gnu.linkonce.armextab.*)
                0x0800ef98                        . = ALIGN (0x4)

.ARM            0x0800ef98        0x8
                0x0800ef98                        . = ALIGN (0x4)
                0x0800ef98                        __exidx_start = .
 *(.ARM.exidx*)
 .ARM.exidx     0x0800ef98        0x8 D:/STM32Cube/STM32CubeIDE_1.17.0/STM32CubeIDE/plugins/com.st.stm32cube.ide.mcu.externaltools.gnu-tools-for-stm32.12.3.rel1.win32_1.1.0.202410251130/tools/bin/../lib/gcc/arm-none-eabi/12.3.1/thumb/v7e-m+dp/hard\libgcc.a(_udivmoddi4.o)
                0x0800efa0                        __exidx_end = .
                0x0800efa0                        . = ALIGN (0x4)

.preinit_array  0x0800efa0        0x0
                0x0800efa0                        . = ALIGN (0x4)
                0x0800efa0                        PROVIDE (__preinit_array_start = .)
 *(.preinit_array*)
                0x0800efa0                        PROVIDE (__preinit_array_end = .)
                0x0800efa0                        . = ALIGN (0x4)

.init_array     0x0800efa0        0x4
                0x0800efa0                        . = ALIGN (0x4)
                0x0800efa0                        PROVIDE (__init_array_start = .)
 *(SORT_BY_NAME(.init_array.*))
 *(.init_array*)
 .init_array    0x0800efa0        0x4 D:/STM32Cube/STM32CubeIDE_1.17.0/STM32CubeIDE/plugins/com.st.stm32cube.ide.mcu.externaltools.gnu-tools-for-stm32.12.3.rel1.win32_1.1.0.202410251130/tools/bin/../lib/gcc/arm-none-eabi/12.3.1/thumb/v7e-m+dp/hard/crtbegin.o
                0x0800efa4                        PROVIDE (__init_array_end = .)
                0x0800efa4                        . = ALIGN (0x4)

.fini_array     0x0800efa4        0x4
                0x0800efa4                        . = ALIGN (0x4)
                [!provide]                        PROVIDE (__fini_array_start = .)
 *(SORT_BY_NAME(.fini_array.*))
 *(.fini_array*)
 .fini_array    0x0800efa4        0x4 D:/STM32Cube/STM32CubeIDE_1.17.0/STM32CubeIDE/plugins/com.st.stm32cube.ide.mcu.externaltools.gnu-tools-for-stm32.12.3.rel1.win32_1.1.0.202410251130/tools/bin/../lib/gcc/arm-none-eabi/12.3.1/thumb/v7e-m+dp/hard/crtbegin.o
                [!provide]                        PROVIDE (__fini_array_end = .)
                0x0800efa8                        . = ALIGN (0x4)
                0x0800efa8                        _sidata = LOADADDR (.data)

.rel.dyn        0x0800efa8        0x0
 .rel.iplt      0x0800efa8        0x0 D:/STM32Cube/STM32CubeIDE_1.17.0/STM32CubeIDE/plugins/com.st.stm32cube.ide.mcu.externaltools.gnu-tools-for-stm32.12.3.rel1.win32_1.1.0.202410251130/tools/bin/../lib/gcc/arm-none-eabi/12.3.1/thumb/v7e-m+dp/hard/crtbegin.o

.data           0x20000000      0x168 load address 0x0800efa8
                0x20000000                        . = ALIGN (0x4)
                0x20000000                        _sdata = .
 *(.data)
 *(.data*)
 .data.f_sine   0x20000000        0x4 ./Core/Src/controller.o
                0x20000000                f_sine
 .data.sine_bias
                0x20000004        0x4 ./Core/Src/controller.o
                0x20000004                sine_bias
 .data.sine_amplitude
                0x20000008        0x4 ./Core/Src/controller.o
                0x20000008                sine_amplitude
 .data.SystemCoreClock
                0x2000000c        0x4 ./Core/Src/system_stm32f7xx.o
                0x2000000c                SystemCoreClock
 .data.uwTickPrio
                0x20000010        0x4 ./Drivers/STM32F7xx_HAL_Driver/Src/stm32f7xx_hal.o
                0x20000010                uwTickPrio
 .data.uwTickFreq
                0x20000014        0x1 ./Drivers/STM32F7xx_HAL_Driver/Src/stm32f7xx_hal.o
                0x20000014                uwTickFreq
 *fill*         0x20000015        0x3 
 .data.USBD_CDC_DeviceQualifierDesc
                0x20000018        0xa ./Middlewares/ST/STM32_USB_Device_Library/Class/CDC/Src/usbd_cdc.o
 *fill*         0x20000022        0x2 
 .data.USBD_CDC
                0x20000024       0x38 ./Middlewares/ST/STM32_USB_Device_Library/Class/CDC/Src/usbd_cdc.o
                0x20000024                USBD_CDC
 .data.USBD_CDC_CfgDesc
                0x2000005c       0x43 ./Middlewares/ST/STM32_USB_Device_Library/Class/CDC/Src/usbd_cdc.o
 .data.CDCInEpAdd
                0x2000009f        0x1 ./Middlewares/ST/STM32_USB_Device_Library/Class/CDC/Src/usbd_cdc.o
 .data.CDCOutEpAdd
                0x200000a0        0x1 ./Middlewares/ST/STM32_USB_Device_Library/Class/CDC/Src/usbd_cdc.o
 .data.CDCCmdEpAdd
                0x200000a1        0x1 ./Middlewares/ST/STM32_USB_Device_Library/Class/CDC/Src/usbd_cdc.o
 *fill*         0x200000a2        0x2 
 .data.USBD_Interface_fops_FS
                0x200000a4       0x14 ./USB_DEVICE/App/usbd_cdc_if.o
                0x200000a4                USBD_Interface_fops_FS
 .data.FS_Desc  0x200000b8       0x20 ./USB_DEVICE/App/usbd_desc.o
                0x200000b8                FS_Desc
 .data.USBD_FS_DeviceDesc
                0x200000d8       0x12 ./USB_DEVICE/App/usbd_desc.o
                0x200000d8                USBD_FS_DeviceDesc
 *fill*         0x200000ea        0x2 
 .data.USBD_FS_BOSDesc
                0x200000ec        0xc ./USB_DEVICE/App/usbd_desc.o
                0x200000ec                USBD_FS_BOSDesc
 .data.USBD_LangIDDesc
                0x200000f8        0x4 ./USB_DEVICE/App/usbd_desc.o
                0x200000f8                USBD_LangIDDesc
 .data.USBD_StringSerial
                0x200000fc       0x1a ./USB_DEVICE/App/usbd_desc.o
                0x200000fc                USBD_StringSerial
 *fill*         0x20000116        0x2 
 .data._impure_ptr
                0x20000118        0x4 D:/STM32Cube/STM32CubeIDE_1.17.0/STM32CubeIDE/plugins/com.st.stm32cube.ide.mcu.externaltools.gnu-tools-for-stm32.12.3.rel1.win32_1.1.0.202410251130/tools/bin/../lib/gcc/arm-none-eabi/12.3.1/../../../../arm-none-eabi/lib/thumb/v7e-m+dp/hard\libc_nano.a(libc_a-impure.o)
                0x20000118                _impure_ptr
 .data._impure_data
                0x2000011c       0x4c D:/STM32Cube/STM32CubeIDE_1.17.0/STM32CubeIDE/plugins/com.st.stm32cube.ide.mcu.externaltools.gnu-tools-for-stm32.12.3.rel1.win32_1.1.0.202410251130/tools/bin/../lib/gcc/arm-none-eabi/12.3.1/../../../../arm-none-eabi/lib/thumb/v7e-m+dp/hard\libc_nano.a(libc_a-impure.o)
                0x2000011c                _impure_data
 *(.RamFunc)
 *(.RamFunc*)
                0x20000168                        . = ALIGN (0x4)
                0x20000168                        _edata = .

.igot.plt       0x20000168        0x0 load address 0x0800f110
 .igot.plt      0x20000168        0x0 D:/STM32Cube/STM32CubeIDE_1.17.0/STM32CubeIDE/plugins/com.st.stm32cube.ide.mcu.externaltools.gnu-tools-for-stm32.12.3.rel1.win32_1.1.0.202410251130/tools/bin/../lib/gcc/arm-none-eabi/12.3.1/thumb/v7e-m+dp/hard/crtbegin.o

.RxDecripSection
                0x20000168       0xa0 load address 0x0800f110
 .RxDecripSection
                0x20000168       0xa0 ./Core/Src/main.o
                0x20000168                DMARxDscrTab

.TxDecripSection
                0x20000208       0xa0 load address 0x0800f1b0
 .TxDecripSection
                0x20000208       0xa0 ./Core/Src/main.o
                0x20000208                DMATxDscrTab
                0x200002a8                        . = ALIGN (0x4)

.bss            0x200002a8    0x702e8 load address 0x0800f250
                0x200002a8                        _sbss = .
                0x200002a8                        __bss_start__ = _sbss
 *(.bss)
 .bss           0x200002a8       0x1c D:/STM32Cube/STM32CubeIDE_1.17.0/STM32CubeIDE/plugins/com.st.stm32cube.ide.mcu.externaltools.gnu-tools-for-stm32.12.3.rel1.win32_1.1.0.202410251130/tools/bin/../lib/gcc/arm-none-eabi/12.3.1/thumb/v7e-m+dp/hard/crtbegin.o
 *(.bss*)
 .bss.send_buffer
                0x200002c4      0x400 ./Core/Src/bldc_interface.o
 .bss.values    0x200006c4       0x48 ./Core/Src/bldc_interface.o
 .bss.fw_major  0x2000070c        0x4 ./Core/Src/bldc_interface.o
 .bss.fw_minor  0x20000710        0x4 ./Core/Src/bldc_interface.o
 .bss.rotor_pos
                0x20000714        0x4 ./Core/Src/bldc_interface.o
 .bss.mcconf    0x20000718      0x184 ./Core/Src/bldc_interface.o
 .bss.appconf   0x2000089c       0xc8 ./Core/Src/bldc_interface.o
 .bss.detect_cycle_int_limit
                0x20000964        0x4 ./Core/Src/bldc_interface.o
 .bss.detect_coupling_k
                0x20000968        0x4 ./Core/Src/bldc_interface.o
 .bss.detect_hall_table
                0x2000096c        0x8 ./Core/Src/bldc_interface.o
 .bss.detect_hall_res
                0x20000974        0x1 ./Core/Src/bldc_interface.o
 *fill*         0x20000975        0x3 
 .bss.dec_ppm   0x20000978        0x4 ./Core/Src/bldc_interface.o
 .bss.dec_ppm_len
                0x2000097c        0x4 ./Core/Src/bldc_interface.o
 .bss.dec_adc   0x20000980        0x4 ./Core/Src/bldc_interface.o
 .bss.dec_adc_voltage
                0x20000984        0x4 ./Core/Src/bldc_interface.o
 .bss.dec_chuk  0x20000988        0x4 ./Core/Src/bldc_interface.o
 .bss.send_func
                0x2000098c        0x4 ./Core/Src/bldc_interface.o
 .bss.forward_func
                0x20000990        0x4 ./Core/Src/bldc_interface.o
 .bss.rx_value_func
                0x20000994        0x4 ./Core/Src/bldc_interface.o
 .bss.rx_printf_func
                0x20000998        0x4 ./Core/Src/bldc_interface.o
 .bss.rx_rotor_pos_func
                0x2000099c        0x4 ./Core/Src/bldc_interface.o
 .bss.rx_mcconf_func
                0x200009a0        0x4 ./Core/Src/bldc_interface.o
 .bss.rx_appconf_func
                0x200009a4        0x4 ./Core/Src/bldc_interface.o
 .bss.rx_detect_func
                0x200009a8        0x4 ./Core/Src/bldc_interface.o
 .bss.rx_dec_ppm_func
                0x200009ac        0x4 ./Core/Src/bldc_interface.o
 .bss.rx_dec_adc_func
                0x200009b0        0x4 ./Core/Src/bldc_interface.o
 .bss.rx_dec_chuk_func
                0x200009b4        0x4 ./Core/Src/bldc_interface.o
 .bss.rx_mcconf_received_func
                0x200009b8        0x4 ./Core/Src/bldc_interface.o
 .bss.rx_appconf_received_func
                0x200009bc        0x4 ./Core/Src/bldc_interface.o
 .bss.motor_control_set_func
                0x200009c0        0x4 ./Core/Src/bldc_interface.o
 .bss.buffer.0  0x200009c4      0x205 ./Core/Src/bldc_interface_uart.o
 *fill*         0x20000bc9        0x3 
 .bss.sine1     0x20000bcc        0x4 ./Core/Src/controller.o
                0x20000bcc                sine1
 .bss.sine2     0x20000bd0        0x4 ./Core/Src/controller.o
                0x20000bd0                sine2
 .bss.set_rpm   0x20000bd4        0x4 ./Core/Src/controller.o
                0x20000bd4                set_rpm
 .bss.usb_buffer_cnt
                0x20000bd8        0x4 ./Core/Src/data_acquisition.o
 .bss.active_buffer
                0x20000bdc        0x1 ./Core/Src/data_acquisition.o
 .bss.buffer_ready_flag
                0x20000bdd        0x1 ./Core/Src/data_acquisition.o
                0x20000bdd                buffer_ready_flag
 *fill*         0x20000bde        0x2 
 .bss.time_ms   0x20000be0        0x4 ./Core/Src/data_acquisition.o
 .bss.TxConfig  0x20000be4       0x38 ./Core/Src/main.o
                0x20000be4                TxConfig
 .bss.hadc1     0x20000c1c       0x48 ./Core/Src/main.o
                0x20000c1c                hadc1
 .bss.hdma_adc1
                0x20000c64       0x60 ./Core/Src/main.o
                0x20000c64                hdma_adc1
 .bss.heth      0x20000cc4       0xb0 ./Core/Src/main.o
                0x20000cc4                heth
 .bss.htim2     0x20000d74       0x4c ./Core/Src/main.o
                0x20000d74                htim2
 .bss.htim3     0x20000dc0       0x4c ./Core/Src/main.o
                0x20000dc0                htim3
 .bss.htim4     0x20000e0c       0x4c ./Core/Src/main.o
                0x20000e0c                htim4
 .bss.huart2    0x20000e58       0x88 ./Core/Src/main.o
                0x20000e58                huart2
 .bss.huart3    0x20000ee0       0x88 ./Core/Src/main.o
                0x20000ee0                huart3
 .bss.hdma_usart2_rx
                0x20000f68       0x60 ./Core/Src/main.o
                0x20000f68                hdma_usart2_rx
 .bss.hdma_usart2_tx
                0x20000fc8       0x60 ./Core/Src/main.o
                0x20000fc8                hdma_usart2_tx
 .bss.adc_buffer
                0x20001028       0x14 ./Core/Src/main.o
                0x20001028                adc_buffer
 .bss.MACAddr.0
                0x2000103c        0x6 ./Core/Src/main.o
 *fill*         0x20001042        0x2 
 .bss.motor_timer
                0x20001044        0x4 ./Core/Src/motor_speed.o
 .bss.last_capture
                0x20001048        0x4 ./Core/Src/motor_speed.o
 .bss.pulse_period
                0x2000104c        0x4 ./Core/Src/motor_speed.o
 .bss.current_rpm
                0x20001050        0x4 ./Core/Src/motor_speed.o
 .bss.handler_states
                0x20001054      0x420 ./Core/Src/packet.o
 .bss.__sbrk_heap_end
                0x20001474        0x4 ./Core/Src/sysmem.o
 .bss.active_buffer
                0x20001478        0x1 ./Core/Src/usb_comm.o
                0x20001478                active_buffer
 *fill*         0x20001479        0x3 
 .bss.usb_buffer
                0x2000147c    0x6d600 ./Core/Src/usb_comm.o
                0x2000147c                usb_buffer
 .bss.packet_counter
                0x2006ea7c        0x4 ./Core/Src/usb_comm.o
                0x2006ea7c                packet_counter
 .bss.data_acquisition_running
                0x2006ea80        0x1 ./Core/Src/usb_comm.o
                0x2006ea80                data_acquisition_running
 *fill*         0x2006ea81        0x3 
 .bss.uwTick    0x2006ea84        0x4 ./Drivers/STM32F7xx_HAL_Driver/Src/stm32f7xx_hal.o
                0x2006ea84                uwTick
 .bss.cfgidx.0  0x2006ea88        0x1 ./Middlewares/ST/STM32_USB_Device_Library/Core/Src/usbd_ctlreq.o
 *fill*         0x2006ea89        0x3 
 .bss.hUsbDeviceFS
                0x2006ea8c      0x2dc ./USB_DEVICE/App/usb_device.o
                0x2006ea8c                hUsbDeviceFS
 .bss.UserRxBufferFS
                0x2006ed68      0x800 ./USB_DEVICE/App/usbd_cdc_if.o
                0x2006ed68                UserRxBufferFS
 .bss.UserTxBufferFS
                0x2006f568      0x800 ./USB_DEVICE/App/usbd_cdc_if.o
                0x2006f568                UserTxBufferFS
 .bss.USBD_StrDesc
                0x2006fd68      0x200 ./USB_DEVICE/App/usbd_desc.o
                0x2006fd68                USBD_StrDesc
 .bss.hpcd_USB_OTG_FS
                0x2006ff68      0x4e0 ./USB_DEVICE/Target/usbd_conf.o
                0x2006ff68                hpcd_USB_OTG_FS
 .bss.__malloc_sbrk_start
                0x20070448        0x4 D:/STM32Cube/STM32CubeIDE_1.17.0/STM32CubeIDE/plugins/com.st.stm32cube.ide.mcu.externaltools.gnu-tools-for-stm32.12.3.rel1.win32_1.1.0.202410251130/tools/bin/../lib/gcc/arm-none-eabi/12.3.1/../../../../arm-none-eabi/lib/thumb/v7e-m+dp/hard\libc_nano.a(libc_a-mallocr.o)
                0x20070448                __malloc_sbrk_start
 .bss.__malloc_free_list
                0x2007044c        0x4 D:/STM32Cube/STM32CubeIDE_1.17.0/STM32CubeIDE/plugins/com.st.stm32cube.ide.mcu.externaltools.gnu-tools-for-stm32.12.3.rel1.win32_1.1.0.202410251130/tools/bin/../lib/gcc/arm-none-eabi/12.3.1/../../../../arm-none-eabi/lib/thumb/v7e-m+dp/hard\libc_nano.a(libc_a-mallocr.o)
                0x2007044c                __malloc_free_list
 .bss.__sf      0x20070450      0x138 D:/STM32Cube/STM32CubeIDE_1.17.0/STM32CubeIDE/plugins/com.st.stm32cube.ide.mcu.externaltools.gnu-tools-for-stm32.12.3.rel1.win32_1.1.0.202410251130/tools/bin/../lib/gcc/arm-none-eabi/12.3.1/../../../../arm-none-eabi/lib/thumb/v7e-m+dp/hard\libc_nano.a(libc_a-findfp.o)
                0x20070450                __sf
 .bss.errno     0x20070588        0x4 D:/STM32Cube/STM32CubeIDE_1.17.0/STM32CubeIDE/plugins/com.st.stm32cube.ide.mcu.externaltools.gnu-tools-for-stm32.12.3.rel1.win32_1.1.0.202410251130/tools/bin/../lib/gcc/arm-none-eabi/12.3.1/../../../../arm-none-eabi/lib/thumb/v7e-m+dp/hard\libc_nano.a(libc_a-reent.o)