../Core/Src/main.c:126:5:main	4
../Core/Src/main.c:220:6:SystemClock_Config	4
../Core/Src/main.c:278:13:MX_ADC1_Init	7
../Core/Src/main.c:366:13:MX_ETH_Init	2
../Core/Src/main.c:415:13:MX_TIM2_Init	4
../Core/Src/main.c:460:13:MX_TIM3_Init	4
../Core/Src/main.c:505:13:MX_TIM4_Init	8
../Core/Src/main.c:571:13:MX_USART2_UART_Init	2
../Core/Src/main.c:606:13:MX_USART3_UART_Init	2
../Core/Src/main.c:639:13:MX_DMA_Init	1
../Core/Src/main.c:664:13:MX_GPIO_Init	1
../Core/Src/main.c:741:26:ApplicationInit_Sequence	7
../Core/Src/main.c:775:13:Application	1
../Core/Src/main.c:787:6:Error_Handler	1
