../Core/Src/main.c:126:5:main	16	static
../Core/Src/main.c:199:6:SystemClock_Config	88	static
../Core/Src/main.c:257:13:MX_ADC1_Init	24	static
../Core/Src/main.c:345:13:MX_ETH_Init	8	static
../Core/Src/main.c:394:13:MX_TIM2_Init	40	static
../Core/Src/main.c:439:13:MX_TIM3_Init	40	static
../Core/Src/main.c:484:13:MX_TIM4_Init	56	static
../Core/Src/main.c:550:13:MX_USART2_UART_Init	8	static
../Core/Src/main.c:585:13:MX_USART3_UART_Init	8	static
../Core/Src/main.c:618:13:MX_DMA_Init	16	static
../Core/Src/main.c:643:13:MX_GPIO_Init	64	static
../Core/Src/main.c:720:26:ApplicationInit_Sequence	8	static
../Core/Src/main.c:754:13:Application	8	static
../Core/Src/main.c:766:6:Error_Handler	4	static,ignoring_inline_asm
