../Core/Src/main.c:107:6:send_data_over_usb	16	static
../Core/Src/main.c:117:5:main	104	static
../Core/Src/main.c:240:6:SystemClock_Config	88	static
../Core/Src/main.c:298:13:MX_ADC1_Init	24	static
../Core/Src/main.c:386:13:MX_ETH_Init	8	static
../Core/Src/main.c:435:13:MX_TIM2_Init	40	static
../Core/Src/main.c:480:13:MX_TIM3_Init	40	static
../Core/Src/main.c:525:13:MX_USART3_UART_Init	8	static
../Core/Src/main.c:558:13:MX_DMA_Init	16	static
../Core/Src/main.c:576:13:MX_GPIO_Init	56	static
../Core/Src/main.c:634:6:Error_Handler	4	static,ignoring_inline_asm
