../Core/Src/stm32f7xx_it.c:83:6:NMI_Handler	4	static
../Core/Src/stm32f7xx_it.c:98:6:HardFault_Handler	4	static
../Core/Src/stm32f7xx_it.c:113:6:MemManage_Handler	4	static
../Core/Src/stm32f7xx_it.c:128:6:BusFault_Handler	4	static
../Core/Src/stm32f7xx_it.c:143:6:UsageFault_Handler	4	static
../Core/Src/stm32f7xx_it.c:158:6:SVC_Handler	4	static
../Core/Src/stm32f7xx_it.c:171:6:DebugMon_Handler	4	static
../Core/Src/stm32f7xx_it.c:184:6:PendSV_Handler	4	static
../Core/Src/stm32f7xx_it.c:197:6:SysTick_Handler	8	static
../Core/Src/stm32f7xx_it.c:218:6:DMA1_Stream5_IRQHandler	8	static
../Core/Src/stm32f7xx_it.c:232:6:DMA1_Stream6_IRQHandler	8	static
../Core/Src/stm32f7xx_it.c:246:6:TIM2_IRQHandler	8	static
../Core/Src/stm32f7xx_it.c:260:6:TIM3_IRQHandler	8	static
../Core/Src/stm32f7xx_it.c:274:6:TIM4_IRQHandler	8	static
../Core/Src/stm32f7xx_it.c:288:6:USART2_IRQHandler	8	static
../Core/Src/stm32f7xx_it.c:302:6:DMA2_Stream0_IRQHandler	8	static
../Core/Src/stm32f7xx_it.c:316:6:OTG_FS_IRQHandler	8	static
../Core/Src/stm32f7xx_it.c:330:6:HAL_TIM_PeriodElapsedCallback	16	static
../Core/Src/stm32f7xx_it.c:341:6:HAL_ADC_ConvCpltCallback	16	static
../Core/Src/stm32f7xx_it.c:350:6:HAL_UART_RxCpltCallback	16	static
../Core/Src/stm32f7xx_it.c:362:6:HAL_TIM_IC_CaptureCallback	16	static
